Archive member included to satisfy reference by file (symbol)

c:/st/stm32cubeide_1.5.0/stm32cubeide/plugins/com.st.stm32cube.ide.mcu.externaltools.gnu-tools-for-stm32.7-2018-q2-update.win32_1.5.0.202011040924/tools/bin/../lib/gcc/arm-none-eabi/7.3.1/../../../../arm-none-eabi/lib/thumb/v7-m\libc_nano.a(lib_a-errno.o)
                              Core/Src/syscalls.o (__errno)
c:/st/stm32cubeide_1.5.0/stm32cubeide/plugins/com.st.stm32cube.ide.mcu.externaltools.gnu-tools-for-stm32.7-2018-q2-update.win32_1.5.0.202011040924/tools/bin/../lib/gcc/arm-none-eabi/7.3.1/../../../../arm-none-eabi/lib/thumb/v7-m\libc_nano.a(lib_a-exit.o)
                              c:/st/stm32cubeide_1.5.0/stm32cubeide/plugins/com.st.stm32cube.ide.mcu.externaltools.gnu-tools-for-stm32.7-2018-q2-update.win32_1.5.0.202011040924/tools/bin/../lib/gcc/arm-none-eabi/7.3.1/../../../../arm-none-eabi/lib/thumb/v7-m/crt0.o (exit)
c:/st/stm32cubeide_1.5.0/stm32cubeide/plugins/com.st.stm32cube.ide.mcu.externaltools.gnu-tools-for-stm32.7-2018-q2-update.win32_1.5.0.202011040924/tools/bin/../lib/gcc/arm-none-eabi/7.3.1/../../../../arm-none-eabi/lib/thumb/v7-m\libc_nano.a(lib_a-impure.o)
                              c:/st/stm32cubeide_1.5.0/stm32cubeide/plugins/com.st.stm32cube.ide.mcu.externaltools.gnu-tools-for-stm32.7-2018-q2-update.win32_1.5.0.202011040924/tools/bin/../lib/gcc/arm-none-eabi/7.3.1/../../../../arm-none-eabi/lib/thumb/v7-m\libc_nano.a(lib_a-exit.o) (_global_impure_ptr)
c:/st/stm32cubeide_1.5.0/stm32cubeide/plugins/com.st.stm32cube.ide.mcu.externaltools.gnu-tools-for-stm32.7-2018-q2-update.win32_1.5.0.202011040924/tools/bin/../lib/gcc/arm-none-eabi/7.3.1/../../../../arm-none-eabi/lib/thumb/v7-m\libc_nano.a(lib_a-init.o)
                              c:/st/stm32cubeide_1.5.0/stm32cubeide/plugins/com.st.stm32cube.ide.mcu.externaltools.gnu-tools-for-stm32.7-2018-q2-update.win32_1.5.0.202011040924/tools/bin/../lib/gcc/arm-none-eabi/7.3.1/../../../../arm-none-eabi/lib/thumb/v7-m/crt0.o (__libc_init_array)
c:/st/stm32cubeide_1.5.0/stm32cubeide/plugins/com.st.stm32cube.ide.mcu.externaltools.gnu-tools-for-stm32.7-2018-q2-update.win32_1.5.0.202011040924/tools/bin/../lib/gcc/arm-none-eabi/7.3.1/../../../../arm-none-eabi/lib/thumb/v7-m\libc_nano.a(lib_a-memset.o)
                              c:/st/stm32cubeide_1.5.0/stm32cubeide/plugins/com.st.stm32cube.ide.mcu.externaltools.gnu-tools-for-stm32.7-2018-q2-update.win32_1.5.0.202011040924/tools/bin/../lib/gcc/arm-none-eabi/7.3.1/../../../../arm-none-eabi/lib/thumb/v7-m/crt0.o (memset)

Allocating common symbols
Common symbol       size              file

repeat              0x1               Core/Src/main.o
countSend           0x2               Core/Src/main.o
processed           0x1               Core/Src/main.o
new_time            0x4               Core/Src/main.o
new_state           0x4               Core/Src/main.o
new_prescale        0x2               Core/Src/main.o
new_repeat          0x2               Core/Src/main.o

Discarded input sections

 .text          0x0000000000000000        0x0 c:/st/stm32cubeide_1.5.0/stm32cubeide/plugins/com.st.stm32cube.ide.mcu.externaltools.gnu-tools-for-stm32.7-2018-q2-update.win32_1.5.0.202011040924/tools/bin/../lib/gcc/arm-none-eabi/7.3.1/thumb/v7-m/crti.o
 .data          0x0000000000000000        0x0 c:/st/stm32cubeide_1.5.0/stm32cubeide/plugins/com.st.stm32cube.ide.mcu.externaltools.gnu-tools-for-stm32.7-2018-q2-update.win32_1.5.0.202011040924/tools/bin/../lib/gcc/arm-none-eabi/7.3.1/thumb/v7-m/crti.o
 .bss           0x0000000000000000        0x0 c:/st/stm32cubeide_1.5.0/stm32cubeide/plugins/com.st.stm32cube.ide.mcu.externaltools.gnu-tools-for-stm32.7-2018-q2-update.win32_1.5.0.202011040924/tools/bin/../lib/gcc/arm-none-eabi/7.3.1/thumb/v7-m/crti.o
 .data          0x0000000000000000        0x4 c:/st/stm32cubeide_1.5.0/stm32cubeide/plugins/com.st.stm32cube.ide.mcu.externaltools.gnu-tools-for-stm32.7-2018-q2-update.win32_1.5.0.202011040924/tools/bin/../lib/gcc/arm-none-eabi/7.3.1/thumb/v7-m/crtbegin.o
 .text          0x0000000000000000       0x74 c:/st/stm32cubeide_1.5.0/stm32cubeide/plugins/com.st.stm32cube.ide.mcu.externaltools.gnu-tools-for-stm32.7-2018-q2-update.win32_1.5.0.202011040924/tools/bin/../lib/gcc/arm-none-eabi/7.3.1/../../../../arm-none-eabi/lib/thumb/v7-m/crt0.o
 .data          0x0000000000000000        0x0 c:/st/stm32cubeide_1.5.0/stm32cubeide/plugins/com.st.stm32cube.ide.mcu.externaltools.gnu-tools-for-stm32.7-2018-q2-update.win32_1.5.0.202011040924/tools/bin/../lib/gcc/arm-none-eabi/7.3.1/../../../../arm-none-eabi/lib/thumb/v7-m/crt0.o
 .bss           0x0000000000000000        0x0 c:/st/stm32cubeide_1.5.0/stm32cubeide/plugins/com.st.stm32cube.ide.mcu.externaltools.gnu-tools-for-stm32.7-2018-q2-update.win32_1.5.0.202011040924/tools/bin/../lib/gcc/arm-none-eabi/7.3.1/../../../../arm-none-eabi/lib/thumb/v7-m/crt0.o
 .ARM.extab     0x0000000000000000        0x0 c:/st/stm32cubeide_1.5.0/stm32cubeide/plugins/com.st.stm32cube.ide.mcu.externaltools.gnu-tools-for-stm32.7-2018-q2-update.win32_1.5.0.202011040924/tools/bin/../lib/gcc/arm-none-eabi/7.3.1/../../../../arm-none-eabi/lib/thumb/v7-m/crt0.o
 .ARM.exidx     0x0000000000000000        0x8 c:/st/stm32cubeide_1.5.0/stm32cubeide/plugins/com.st.stm32cube.ide.mcu.externaltools.gnu-tools-for-stm32.7-2018-q2-update.win32_1.5.0.202011040924/tools/bin/../lib/gcc/arm-none-eabi/7.3.1/../../../../arm-none-eabi/lib/thumb/v7-m/crt0.o
 .ARM.attributes
                0x0000000000000000       0x1b c:/st/stm32cubeide_1.5.0/stm32cubeide/plugins/com.st.stm32cube.ide.mcu.externaltools.gnu-tools-for-stm32.7-2018-q2-update.win32_1.5.0.202011040924/tools/bin/../lib/gcc/arm-none-eabi/7.3.1/../../../../arm-none-eabi/lib/thumb/v7-m/crt0.o
 .group         0x0000000000000000        0xc Core/Src/main.o
 .group         0x0000000000000000        0xc Core/Src/main.o
 .group         0x0000000000000000        0xc Core/Src/main.o
 .group         0x0000000000000000        0xc Core/Src/main.o
 .group         0x0000000000000000        0xc Core/Src/main.o
 .group         0x0000000000000000        0xc Core/Src/main.o
 .group         0x0000000000000000        0xc Core/Src/main.o
 .group         0x0000000000000000        0xc Core/Src/main.o
 .group         0x0000000000000000        0xc Core/Src/main.o
 .group         0x0000000000000000        0xc Core/Src/main.o
 .group         0x0000000000000000        0xc Core/Src/main.o
 .group         0x0000000000000000        0xc Core/Src/main.o
 .group         0x0000000000000000        0xc Core/Src/main.o
 .group         0x0000000000000000        0xc Core/Src/main.o
 .group         0x0000000000000000        0xc Core/Src/main.o
 .group         0x0000000000000000        0xc Core/Src/main.o
 .group         0x0000000000000000        0xc Core/Src/main.o
 .group         0x0000000000000000        0xc Core/Src/main.o
 .group         0x0000000000000000        0xc Core/Src/main.o
 .group         0x0000000000000000        0xc Core/Src/main.o
 .group         0x0000000000000000        0xc Core/Src/main.o
 .group         0x0000000000000000        0xc Core/Src/main.o
 .group         0x0000000000000000        0xc Core/Src/main.o
 .group         0x0000000000000000        0xc Core/Src/main.o
 .group         0x0000000000000000        0xc Core/Src/main.o
 .group         0x0000000000000000        0xc Core/Src/main.o
 .data          0x0000000000000000        0x0 Core/Src/main.o
 .bss           0x0000000000000000        0x0 Core/Src/main.o
 .rodata.CHANNEL_OFFSET_TAB
                0x0000000000000000        0x7 Core/Src/main.o
 .rodata.OFFSET_TAB_CCMRx
                0x0000000000000000        0x7 Core/Src/main.o
 .rodata.SHIFT_TAB_OCxx
                0x0000000000000000        0x7 Core/Src/main.o
 .rodata.SHIFT_TAB_ICxx
                0x0000000000000000        0x7 Core/Src/main.o
 .rodata.SHIFT_TAB_CCxP
                0x0000000000000000        0x7 Core/Src/main.o
 .rodata.SHIFT_TAB_OISx
                0x0000000000000000        0x7 Core/Src/main.o
 .group         0x0000000000000000        0xc Core/Src/stm32f1xx_it.o
 .group         0x0000000000000000        0xc Core/Src/stm32f1xx_it.o
 .group         0x0000000000000000        0xc Core/Src/stm32f1xx_it.o
 .group         0x0000000000000000        0xc Core/Src/stm32f1xx_it.o
 .group         0x0000000000000000        0xc Core/Src/stm32f1xx_it.o
 .group         0x0000000000000000        0xc Core/Src/stm32f1xx_it.o
 .group         0x0000000000000000        0xc Core/Src/stm32f1xx_it.o
 .group         0x0000000000000000        0xc Core/Src/stm32f1xx_it.o
 .group         0x0000000000000000        0xc Core/Src/stm32f1xx_it.o
 .group         0x0000000000000000        0xc Core/Src/stm32f1xx_it.o
 .group         0x0000000000000000        0xc Core/Src/stm32f1xx_it.o
 .group         0x0000000000000000        0xc Core/Src/stm32f1xx_it.o
 .group         0x0000000000000000        0xc Core/Src/stm32f1xx_it.o
 .group         0x0000000000000000        0xc Core/Src/stm32f1xx_it.o
 .group         0x0000000000000000        0xc Core/Src/stm32f1xx_it.o
 .group         0x0000000000000000        0xc Core/Src/stm32f1xx_it.o
 .group         0x0000000000000000        0xc Core/Src/stm32f1xx_it.o
 .group         0x0000000000000000        0xc Core/Src/stm32f1xx_it.o
 .group         0x0000000000000000        0xc Core/Src/stm32f1xx_it.o
 .group         0x0000000000000000        0xc Core/Src/stm32f1xx_it.o
 .group         0x0000000000000000        0xc Core/Src/stm32f1xx_it.o
 .group         0x0000000000000000        0xc Core/Src/stm32f1xx_it.o
 .group         0x0000000000000000        0xc Core/Src/stm32f1xx_it.o
 .group         0x0000000000000000        0xc Core/Src/stm32f1xx_it.o
 .group         0x0000000000000000        0xc Core/Src/stm32f1xx_it.o
 .group         0x0000000000000000        0xc Core/Src/stm32f1xx_it.o
 .data          0x0000000000000000        0x0 Core/Src/stm32f1xx_it.o
 .bss           0x0000000000000000        0x0 Core/Src/stm32f1xx_it.o
 .rodata.CHANNEL_OFFSET_TAB
                0x0000000000000000        0x7 Core/Src/stm32f1xx_it.o
 .rodata.OFFSET_TAB_CCMRx
                0x0000000000000000        0x7 Core/Src/stm32f1xx_it.o
 .rodata.SHIFT_TAB_OCxx
                0x0000000000000000        0x7 Core/Src/stm32f1xx_it.o
 .rodata.SHIFT_TAB_ICxx
                0x0000000000000000        0x7 Core/Src/stm32f1xx_it.o
 .rodata.SHIFT_TAB_CCxP
                0x0000000000000000        0x7 Core/Src/stm32f1xx_it.o
 .rodata.SHIFT_TAB_OISx
                0x0000000000000000        0x7 Core/Src/stm32f1xx_it.o
 .debug_macro   0x0000000000000000      0xa8a Core/Src/stm32f1xx_it.o
 .debug_macro   0x0000000000000000       0x2e Core/Src/stm32f1xx_it.o
 .debug_macro   0x0000000000000000       0x22 Core/Src/stm32f1xx_it.o
 .debug_macro   0x0000000000000000       0x22 Core/Src/stm32f1xx_it.o
 .debug_macro   0x0000000000000000       0x8e Core/Src/stm32f1xx_it.o
 .debug_macro   0x0000000000000000       0x51 Core/Src/stm32f1xx_it.o
 .debug_macro   0x0000000000000000       0xef Core/Src/stm32f1xx_it.o
 .debug_macro   0x0000000000000000       0x6a Core/Src/stm32f1xx_it.o
 .debug_macro   0x0000000000000000      0x1df Core/Src/stm32f1xx_it.o
 .debug_macro   0x0000000000000000       0x1c Core/Src/stm32f1xx_it.o
 .debug_macro   0x0000000000000000       0x22 Core/Src/stm32f1xx_it.o
 .debug_macro   0x0000000000000000       0xc3 Core/Src/stm32f1xx_it.o
 .debug_macro   0x0000000000000000      0xd23 Core/Src/stm32f1xx_it.o
 .debug_macro   0x0000000000000000     0xe097 Core/Src/stm32f1xx_it.o
 .debug_macro   0x0000000000000000       0x43 Core/Src/stm32f1xx_it.o
 .debug_macro   0x0000000000000000      0x2b8 Core/Src/stm32f1xx_it.o
 .debug_macro   0x0000000000000000       0xd7 Core/Src/stm32f1xx_it.o
 .debug_macro   0x0000000000000000       0x74 Core/Src/stm32f1xx_it.o
 .debug_macro   0x0000000000000000       0xd0 Core/Src/stm32f1xx_it.o
 .debug_macro   0x0000000000000000       0x28 Core/Src/stm32f1xx_it.o
 .debug_macro   0x0000000000000000       0x2a Core/Src/stm32f1xx_it.o
 .debug_macro   0x0000000000000000       0x90 Core/Src/stm32f1xx_it.o
 .debug_macro   0x0000000000000000      0x287 Core/Src/stm32f1xx_it.o
 .debug_macro   0x0000000000000000      0x57a Core/Src/stm32f1xx_it.o
 .debug_macro   0x0000000000000000      0x22a Core/Src/stm32f1xx_it.o
 .debug_macro   0x0000000000000000       0x3a Core/Src/stm32f1xx_it.o
 .group         0x0000000000000000        0xc Core/Src/syscalls.o
 .group         0x0000000000000000        0xc Core/Src/syscalls.o
 .group         0x0000000000000000        0xc Core/Src/syscalls.o
 .group         0x0000000000000000        0xc Core/Src/syscalls.o
 .group         0x0000000000000000        0xc Core/Src/syscalls.o
 .group         0x0000000000000000        0xc Core/Src/syscalls.o
 .group         0x0000000000000000        0xc Core/Src/syscalls.o
 .group         0x0000000000000000        0xc Core/Src/syscalls.o
 .group         0x0000000000000000        0xc Core/Src/syscalls.o
 .group         0x0000000000000000        0xc Core/Src/syscalls.o
 .group         0x0000000000000000        0xc Core/Src/syscalls.o
 .group         0x0000000000000000        0xc Core/Src/syscalls.o
 .group         0x0000000000000000        0xc Core/Src/syscalls.o
 .group         0x0000000000000000        0xc Core/Src/syscalls.o
 .group         0x0000000000000000        0xc Core/Src/syscalls.o
 .group         0x0000000000000000        0xc Core/Src/syscalls.o
 .group         0x0000000000000000        0xc Core/Src/syscalls.o
 .group         0x0000000000000000        0xc Core/Src/syscalls.o
 .group         0x0000000000000000        0xc Core/Src/syscalls.o
 .group         0x0000000000000000        0xc Core/Src/syscalls.o
 .group         0x0000000000000000        0xc Core/Src/syscalls.o
 .group         0x0000000000000000        0xc Core/Src/syscalls.o
 .group         0x0000000000000000        0xc Core/Src/syscalls.o
 .group         0x0000000000000000        0xc Core/Src/syscalls.o
 .group         0x0000000000000000        0xc Core/Src/syscalls.o
 .group         0x0000000000000000        0xc Core/Src/syscalls.o
 .group         0x0000000000000000        0xc Core/Src/syscalls.o
 .group         0x0000000000000000        0xc Core/Src/syscalls.o
 .group         0x0000000000000000        0xc Core/Src/syscalls.o
 .group         0x0000000000000000        0xc Core/Src/syscalls.o
 .group         0x0000000000000000        0xc Core/Src/syscalls.o
 .group         0x0000000000000000        0xc Core/Src/syscalls.o
 .group         0x0000000000000000        0xc Core/Src/syscalls.o
 .group         0x0000000000000000        0xc Core/Src/syscalls.o
 .group         0x0000000000000000        0xc Core/Src/syscalls.o
 .group         0x0000000000000000        0xc Core/Src/syscalls.o
 .group         0x0000000000000000        0xc Core/Src/syscalls.o
 .group         0x0000000000000000        0xc Core/Src/syscalls.o
 .group         0x0000000000000000        0xc Core/Src/syscalls.o
 .group         0x0000000000000000        0xc Core/Src/syscalls.o
 .group         0x0000000000000000        0xc Core/Src/syscalls.o
 .group         0x0000000000000000        0xc Core/Src/syscalls.o
 .group         0x0000000000000000        0xc Core/Src/syscalls.o
 .group         0x0000000000000000        0xc Core/Src/syscalls.o
 .text          0x0000000000000000      0x202 Core/Src/syscalls.o
 .data          0x0000000000000000        0x0 Core/Src/syscalls.o
 .bss           0x0000000000000000        0x0 Core/Src/syscalls.o
 .bss.__env     0x0000000000000000        0x4 Core/Src/syscalls.o
 .data.environ  0x0000000000000000        0x4 Core/Src/syscalls.o
 .debug_info    0x0000000000000000      0xebd Core/Src/syscalls.o
 .debug_abbrev  0x0000000000000000      0x261 Core/Src/syscalls.o
 .debug_aranges
                0x0000000000000000       0x20 Core/Src/syscalls.o
 .debug_macro   0x0000000000000000      0x243 Core/Src/syscalls.o
 .debug_macro   0x0000000000000000      0xa8a Core/Src/syscalls.o
 .debug_macro   0x0000000000000000       0x22 Core/Src/syscalls.o
 .debug_macro   0x0000000000000000       0x40 Core/Src/syscalls.o
 .debug_macro   0x0000000000000000       0x18 Core/Src/syscalls.o
 .debug_macro   0x0000000000000000       0x94 Core/Src/syscalls.o
 .debug_macro   0x0000000000000000       0x3c Core/Src/syscalls.o
 .debug_macro   0x0000000000000000       0x34 Core/Src/syscalls.o
 .debug_macro   0x0000000000000000       0x57 Core/Src/syscalls.o
 .debug_macro   0x0000000000000000      0x174 Core/Src/syscalls.o
 .debug_macro   0x0000000000000000      0x330 Core/Src/syscalls.o
 .debug_macro   0x0000000000000000       0x52 Core/Src/syscalls.o
 .debug_macro   0x0000000000000000       0x1f Core/Src/syscalls.o
 .debug_macro   0x0000000000000000       0x43 Core/Src/syscalls.o
 .debug_macro   0x0000000000000000       0x20 Core/Src/syscalls.o
 .debug_macro   0x0000000000000000      0x1a3 Core/Src/syscalls.o
 .debug_macro   0x0000000000000000       0x10 Core/Src/syscalls.o
 .debug_macro   0x0000000000000000       0x35 Core/Src/syscalls.o
 .debug_macro   0x0000000000000000       0x10 Core/Src/syscalls.o
 .debug_macro   0x0000000000000000       0x10 Core/Src/syscalls.o
 .debug_macro   0x0000000000000000       0x10 Core/Src/syscalls.o
 .debug_macro   0x0000000000000000       0x6a Core/Src/syscalls.o
 .debug_macro   0x0000000000000000       0x1c Core/Src/syscalls.o
 .debug_macro   0x0000000000000000       0x52 Core/Src/syscalls.o
 .debug_macro   0x0000000000000000       0x40 Core/Src/syscalls.o
 .debug_macro   0x0000000000000000       0x10 Core/Src/syscalls.o
 .debug_macro   0x0000000000000000       0x40 Core/Src/syscalls.o
 .debug_macro   0x0000000000000000       0xd7 Core/Src/syscalls.o
 .debug_macro   0x0000000000000000       0x1c Core/Src/syscalls.o
 .debug_macro   0x0000000000000000       0x3d Core/Src/syscalls.o
 .debug_macro   0x0000000000000000       0x35 Core/Src/syscalls.o
 .debug_macro   0x0000000000000000      0x122 Core/Src/syscalls.o
 .debug_macro   0x0000000000000000       0x16 Core/Src/syscalls.o
 .debug_macro   0x0000000000000000       0x16 Core/Src/syscalls.o
 .debug_macro   0x0000000000000000       0x29 Core/Src/syscalls.o
 .debug_macro   0x0000000000000000       0x10 Core/Src/syscalls.o
 .debug_macro   0x0000000000000000      0x241 Core/Src/syscalls.o
 .debug_macro   0x0000000000000000       0x1c Core/Src/syscalls.o
 .debug_macro   0x0000000000000000       0x10 Core/Src/syscalls.o
 .debug_macro   0x0000000000000000       0x10 Core/Src/syscalls.o
 .debug_macro   0x0000000000000000       0x16 Core/Src/syscalls.o
 .debug_macro   0x0000000000000000      0x145 Core/Src/syscalls.o
 .debug_macro   0x0000000000000000      0x189 Core/Src/syscalls.o
 .debug_macro   0x0000000000000000       0x16 Core/Src/syscalls.o
 .debug_macro   0x0000000000000000       0x88 Core/Src/syscalls.o
 .debug_line    0x0000000000000000      0x642 Core/Src/syscalls.o
 .debug_str     0x0000000000000000     0x88cf Core/Src/syscalls.o
 .comment       0x0000000000000000       0x7c Core/Src/syscalls.o
 .debug_frame   0x0000000000000000      0x2ac Core/Src/syscalls.o
 .ARM.attributes
                0x0000000000000000       0x33 Core/Src/syscalls.o
 .group         0x0000000000000000        0xc Core/Src/sysmem.o
 .group         0x0000000000000000        0xc Core/Src/sysmem.o
 .group         0x0000000000000000        0xc Core/Src/sysmem.o
 .group         0x0000000000000000        0xc Core/Src/sysmem.o
 .group         0x0000000000000000        0xc Core/Src/sysmem.o
 .group         0x0000000000000000        0xc Core/Src/sysmem.o
 .group         0x0000000000000000        0xc Core/Src/sysmem.o
 .group         0x0000000000000000        0xc Core/Src/sysmem.o
 .group         0x0000000000000000        0xc Core/Src/sysmem.o
 .group         0x0000000000000000        0xc Core/Src/sysmem.o
 .group         0x0000000000000000        0xc Core/Src/sysmem.o
 .group         0x0000000000000000        0xc Core/Src/sysmem.o
 .group         0x0000000000000000        0xc Core/Src/sysmem.o
 .group         0x0000000000000000        0xc Core/Src/sysmem.o
 .group         0x0000000000000000        0xc Core/Src/sysmem.o
 .group         0x0000000000000000        0xc Core/Src/sysmem.o
 .group         0x0000000000000000        0xc Core/Src/sysmem.o
 .group         0x0000000000000000        0xc Core/Src/sysmem.o
 .group         0x0000000000000000        0xc Core/Src/sysmem.o
 .text          0x0000000000000000       0x6c Core/Src/sysmem.o
 .data          0x0000000000000000        0x0 Core/Src/sysmem.o
 .bss           0x0000000000000000        0x0 Core/Src/sysmem.o
 .bss.__sbrk_heap_end
                0x0000000000000000        0x4 Core/Src/sysmem.o
 .debug_info    0x0000000000000000      0x985 Core/Src/sysmem.o
 .debug_abbrev  0x0000000000000000      0x19b Core/Src/sysmem.o
 .debug_aranges
                0x0000000000000000       0x20 Core/Src/sysmem.o
 .debug_macro   0x0000000000000000       0xee Core/Src/sysmem.o
 .debug_macro   0x0000000000000000      0xa8a Core/Src/sysmem.o
 .debug_macro   0x0000000000000000       0x10 Core/Src/sysmem.o
 .debug_macro   0x0000000000000000       0x22 Core/Src/sysmem.o
 .debug_macro   0x0000000000000000       0x40 Core/Src/sysmem.o
 .debug_macro   0x0000000000000000       0x18 Core/Src/sysmem.o
 .debug_macro   0x0000000000000000       0x94 Core/Src/sysmem.o
 .debug_macro   0x0000000000000000       0x3c Core/Src/sysmem.o
 .debug_macro   0x0000000000000000       0x34 Core/Src/sysmem.o
 .debug_macro   0x0000000000000000      0x174 Core/Src/sysmem.o
 .debug_macro   0x0000000000000000       0x57 Core/Src/sysmem.o
 .debug_macro   0x0000000000000000       0x52 Core/Src/sysmem.o
 .debug_macro   0x0000000000000000       0x1f Core/Src/sysmem.o
 .debug_macro   0x0000000000000000       0x43 Core/Src/sysmem.o
 .debug_macro   0x0000000000000000       0x20 Core/Src/sysmem.o
 .debug_macro   0x0000000000000000      0x1a3 Core/Src/sysmem.o
 .debug_macro   0x0000000000000000      0x23b Core/Src/sysmem.o
 .debug_macro   0x0000000000000000       0xef Core/Src/sysmem.o
 .debug_macro   0x0000000000000000       0x6a Core/Src/sysmem.o
 .debug_macro   0x0000000000000000      0x1df Core/Src/sysmem.o
 .debug_line    0x0000000000000000      0x4c7 Core/Src/sysmem.o
 .debug_str     0x0000000000000000     0x5f9d Core/Src/sysmem.o
 .comment       0x0000000000000000       0x7c Core/Src/sysmem.o
 .debug_frame   0x0000000000000000       0x34 Core/Src/sysmem.o
 .ARM.attributes
                0x0000000000000000       0x33 Core/Src/sysmem.o
 .group         0x0000000000000000        0xc Core/Src/system_stm32f1xx.o
 .group         0x0000000000000000        0xc Core/Src/system_stm32f1xx.o
 .group         0x0000000000000000        0xc Core/Src/system_stm32f1xx.o
 .group         0x0000000000000000        0xc Core/Src/system_stm32f1xx.o
 .group         0x0000000000000000        0xc Core/Src/system_stm32f1xx.o
 .group         0x0000000000000000        0xc Core/Src/system_stm32f1xx.o
 .group         0x0000000000000000        0xc Core/Src/system_stm32f1xx.o
 .group         0x0000000000000000        0xc Core/Src/system_stm32f1xx.o
 .group         0x0000000000000000        0xc Core/Src/system_stm32f1xx.o
 .group         0x0000000000000000        0xc Core/Src/system_stm32f1xx.o
 .group         0x0000000000000000        0xc Core/Src/system_stm32f1xx.o
 .group         0x0000000000000000        0xc Core/Src/system_stm32f1xx.o
 .group         0x0000000000000000        0xc Core/Src/system_stm32f1xx.o
 .group         0x0000000000000000        0xc Core/Src/system_stm32f1xx.o
 .group         0x0000000000000000        0xc Core/Src/system_stm32f1xx.o
 .data          0x0000000000000000        0x0 Core/Src/system_stm32f1xx.o
 .bss           0x0000000000000000        0x0 Core/Src/system_stm32f1xx.o
 .rodata.APBPrescTable
                0x0000000000000000        0x8 Core/Src/system_stm32f1xx.o
 .debug_macro   0x0000000000000000      0xa8a Core/Src/system_stm32f1xx.o
 .debug_macro   0x0000000000000000       0x2e Core/Src/system_stm32f1xx.o
 .debug_macro   0x0000000000000000       0x22 Core/Src/system_stm32f1xx.o
 .debug_macro   0x0000000000000000       0x22 Core/Src/system_stm32f1xx.o
 .debug_macro   0x0000000000000000       0x8e Core/Src/system_stm32f1xx.o
 .debug_macro   0x0000000000000000       0x51 Core/Src/system_stm32f1xx.o
 .debug_macro   0x0000000000000000       0xef Core/Src/system_stm32f1xx.o
 .debug_macro   0x0000000000000000       0x6a Core/Src/system_stm32f1xx.o
 .debug_macro   0x0000000000000000      0x1df Core/Src/system_stm32f1xx.o
 .debug_macro   0x0000000000000000       0x1c Core/Src/system_stm32f1xx.o
 .debug_macro   0x0000000000000000       0x22 Core/Src/system_stm32f1xx.o
 .debug_macro   0x0000000000000000       0xc3 Core/Src/system_stm32f1xx.o
 .debug_macro   0x0000000000000000      0xd23 Core/Src/system_stm32f1xx.o
 .debug_macro   0x0000000000000000     0xe097 Core/Src/system_stm32f1xx.o
 .debug_macro   0x0000000000000000       0x43 Core/Src/system_stm32f1xx.o
 .text          0x0000000000000000       0x14 Core/Startup/startup_stm32f103c8tx.o
 .data          0x0000000000000000        0x0 Core/Startup/startup_stm32f103c8tx.o
 .bss           0x0000000000000000        0x0 Core/Startup/startup_stm32f103c8tx.o
 .group         0x0000000000000000        0xc Drivers/STM32F1xx_HAL_Driver/Src/stm32f1xx_ll_dma.o
 .group         0x0000000000000000        0xc Drivers/STM32F1xx_HAL_Driver/Src/stm32f1xx_ll_dma.o
 .group         0x0000000000000000        0xc Drivers/STM32F1xx_HAL_Driver/Src/stm32f1xx_ll_dma.o
 .group         0x0000000000000000        0xc Drivers/STM32F1xx_HAL_Driver/Src/stm32f1xx_ll_dma.o
 .group         0x0000000000000000        0xc Drivers/STM32F1xx_HAL_Driver/Src/stm32f1xx_ll_dma.o
 .group         0x0000000000000000        0xc Drivers/STM32F1xx_HAL_Driver/Src/stm32f1xx_ll_dma.o
 .group         0x0000000000000000        0xc Drivers/STM32F1xx_HAL_Driver/Src/stm32f1xx_ll_dma.o
 .group         0x0000000000000000        0xc Drivers/STM32F1xx_HAL_Driver/Src/stm32f1xx_ll_dma.o
 .group         0x0000000000000000        0xc Drivers/STM32F1xx_HAL_Driver/Src/stm32f1xx_ll_dma.o
 .group         0x0000000000000000        0xc Drivers/STM32F1xx_HAL_Driver/Src/stm32f1xx_ll_dma.o
 .group         0x0000000000000000        0xc Drivers/STM32F1xx_HAL_Driver/Src/stm32f1xx_ll_dma.o
 .group         0x0000000000000000        0xc Drivers/STM32F1xx_HAL_Driver/Src/stm32f1xx_ll_dma.o
 .group         0x0000000000000000        0xc Drivers/STM32F1xx_HAL_Driver/Src/stm32f1xx_ll_dma.o
 .group         0x0000000000000000        0xc Drivers/STM32F1xx_HAL_Driver/Src/stm32f1xx_ll_dma.o
 .group         0x0000000000000000        0xc Drivers/STM32F1xx_HAL_Driver/Src/stm32f1xx_ll_dma.o
 .group         0x0000000000000000        0xc Drivers/STM32F1xx_HAL_Driver/Src/stm32f1xx_ll_dma.o
 .group         0x0000000000000000        0xc Drivers/STM32F1xx_HAL_Driver/Src/stm32f1xx_ll_dma.o
 .text          0x0000000000000000      0x39c Drivers/STM32F1xx_HAL_Driver/Src/stm32f1xx_ll_dma.o
 .data          0x0000000000000000        0x0 Drivers/STM32F1xx_HAL_Driver/Src/stm32f1xx_ll_dma.o
 .bss           0x0000000000000000        0x0 Drivers/STM32F1xx_HAL_Driver/Src/stm32f1xx_ll_dma.o
 .rodata.CHANNEL_OFFSET_TAB
                0x0000000000000000        0x7 Drivers/STM32F1xx_HAL_Driver/Src/stm32f1xx_ll_dma.o
 .debug_info    0x0000000000000000      0x54d Drivers/STM32F1xx_HAL_Driver/Src/stm32f1xx_ll_dma.o
 .debug_abbrev  0x0000000000000000      0x193 Drivers/STM32F1xx_HAL_Driver/Src/stm32f1xx_ll_dma.o
 .debug_aranges
                0x0000000000000000       0x20 Drivers/STM32F1xx_HAL_Driver/Src/stm32f1xx_ll_dma.o
 .debug_macro   0x0000000000000000      0x110 Drivers/STM32F1xx_HAL_Driver/Src/stm32f1xx_ll_dma.o
 .debug_macro   0x0000000000000000      0xa8a Drivers/STM32F1xx_HAL_Driver/Src/stm32f1xx_ll_dma.o
 .debug_macro   0x0000000000000000       0x2e Drivers/STM32F1xx_HAL_Driver/Src/stm32f1xx_ll_dma.o
 .debug_macro   0x0000000000000000       0x22 Drivers/STM32F1xx_HAL_Driver/Src/stm32f1xx_ll_dma.o
 .debug_macro   0x0000000000000000       0x22 Drivers/STM32F1xx_HAL_Driver/Src/stm32f1xx_ll_dma.o
 .debug_macro   0x0000000000000000       0x8e Drivers/STM32F1xx_HAL_Driver/Src/stm32f1xx_ll_dma.o
 .debug_macro   0x0000000000000000       0x51 Drivers/STM32F1xx_HAL_Driver/Src/stm32f1xx_ll_dma.o
 .debug_macro   0x0000000000000000       0xef Drivers/STM32F1xx_HAL_Driver/Src/stm32f1xx_ll_dma.o
 .debug_macro   0x0000000000000000       0x6a Drivers/STM32F1xx_HAL_Driver/Src/stm32f1xx_ll_dma.o
 .debug_macro   0x0000000000000000      0x1df Drivers/STM32F1xx_HAL_Driver/Src/stm32f1xx_ll_dma.o
 .debug_macro   0x0000000000000000       0x1c Drivers/STM32F1xx_HAL_Driver/Src/stm32f1xx_ll_dma.o
 .debug_macro   0x0000000000000000       0x22 Drivers/STM32F1xx_HAL_Driver/Src/stm32f1xx_ll_dma.o
 .debug_macro   0x0000000000000000       0xc3 Drivers/STM32F1xx_HAL_Driver/Src/stm32f1xx_ll_dma.o
 .debug_macro   0x0000000000000000      0xd23 Drivers/STM32F1xx_HAL_Driver/Src/stm32f1xx_ll_dma.o
 .debug_macro   0x0000000000000000     0xe097 Drivers/STM32F1xx_HAL_Driver/Src/stm32f1xx_ll_dma.o
 .debug_macro   0x0000000000000000       0x43 Drivers/STM32F1xx_HAL_Driver/Src/stm32f1xx_ll_dma.o
 .debug_macro   0x0000000000000000      0x281 Drivers/STM32F1xx_HAL_Driver/Src/stm32f1xx_ll_dma.o
 .debug_macro   0x0000000000000000       0xd7 Drivers/STM32F1xx_HAL_Driver/Src/stm32f1xx_ll_dma.o
 .debug_line    0x0000000000000000      0x5c3 Drivers/STM32F1xx_HAL_Driver/Src/stm32f1xx_ll_dma.o
 .debug_str     0x0000000000000000    0x56138 Drivers/STM32F1xx_HAL_Driver/Src/stm32f1xx_ll_dma.o
 .comment       0x0000000000000000       0x7c Drivers/STM32F1xx_HAL_Driver/Src/stm32f1xx_ll_dma.o
 .debug_frame   0x0000000000000000      0x238 Drivers/STM32F1xx_HAL_Driver/Src/stm32f1xx_ll_dma.o
 .ARM.attributes
                0x0000000000000000       0x33 Drivers/STM32F1xx_HAL_Driver/Src/stm32f1xx_ll_dma.o
 .group         0x0000000000000000        0xc Drivers/STM32F1xx_HAL_Driver/Src/stm32f1xx_ll_exti.o
 .group         0x0000000000000000        0xc Drivers/STM32F1xx_HAL_Driver/Src/stm32f1xx_ll_exti.o
 .group         0x0000000000000000        0xc Drivers/STM32F1xx_HAL_Driver/Src/stm32f1xx_ll_exti.o
 .group         0x0000000000000000        0xc Drivers/STM32F1xx_HAL_Driver/Src/stm32f1xx_ll_exti.o
 .group         0x0000000000000000        0xc Drivers/STM32F1xx_HAL_Driver/Src/stm32f1xx_ll_exti.o
 .group         0x0000000000000000        0xc Drivers/STM32F1xx_HAL_Driver/Src/stm32f1xx_ll_exti.o
 .group         0x0000000000000000        0xc Drivers/STM32F1xx_HAL_Driver/Src/stm32f1xx_ll_exti.o
 .group         0x0000000000000000        0xc Drivers/STM32F1xx_HAL_Driver/Src/stm32f1xx_ll_exti.o
 .group         0x0000000000000000        0xc Drivers/STM32F1xx_HAL_Driver/Src/stm32f1xx_ll_exti.o
 .group         0x0000000000000000        0xc Drivers/STM32F1xx_HAL_Driver/Src/stm32f1xx_ll_exti.o
 .group         0x0000000000000000        0xc Drivers/STM32F1xx_HAL_Driver/Src/stm32f1xx_ll_exti.o
 .group         0x0000000000000000        0xc Drivers/STM32F1xx_HAL_Driver/Src/stm32f1xx_ll_exti.o
 .group         0x0000000000000000        0xc Drivers/STM32F1xx_HAL_Driver/Src/stm32f1xx_ll_exti.o
 .group         0x0000000000000000        0xc Drivers/STM32F1xx_HAL_Driver/Src/stm32f1xx_ll_exti.o
 .group         0x0000000000000000        0xc Drivers/STM32F1xx_HAL_Driver/Src/stm32f1xx_ll_exti.o
 .group         0x0000000000000000        0xc Drivers/STM32F1xx_HAL_Driver/Src/stm32f1xx_ll_exti.o
 .text          0x0000000000000000      0x280 Drivers/STM32F1xx_HAL_Driver/Src/stm32f1xx_ll_exti.o
 .data          0x0000000000000000        0x0 Drivers/STM32F1xx_HAL_Driver/Src/stm32f1xx_ll_exti.o
 .bss           0x0000000000000000        0x0 Drivers/STM32F1xx_HAL_Driver/Src/stm32f1xx_ll_exti.o
 .debug_info    0x0000000000000000      0x3aa Drivers/STM32F1xx_HAL_Driver/Src/stm32f1xx_ll_exti.o
 .debug_abbrev  0x0000000000000000      0x19e Drivers/STM32F1xx_HAL_Driver/Src/stm32f1xx_ll_exti.o
 .debug_aranges
                0x0000000000000000       0x20 Drivers/STM32F1xx_HAL_Driver/Src/stm32f1xx_ll_exti.o
 .debug_macro   0x0000000000000000       0xe3 Drivers/STM32F1xx_HAL_Driver/Src/stm32f1xx_ll_exti.o
 .debug_macro   0x0000000000000000      0xa8a Drivers/STM32F1xx_HAL_Driver/Src/stm32f1xx_ll_exti.o
 .debug_macro   0x0000000000000000       0x2e Drivers/STM32F1xx_HAL_Driver/Src/stm32f1xx_ll_exti.o
 .debug_macro   0x0000000000000000       0x22 Drivers/STM32F1xx_HAL_Driver/Src/stm32f1xx_ll_exti.o
 .debug_macro   0x0000000000000000       0x22 Drivers/STM32F1xx_HAL_Driver/Src/stm32f1xx_ll_exti.o
 .debug_macro   0x0000000000000000       0x8e Drivers/STM32F1xx_HAL_Driver/Src/stm32f1xx_ll_exti.o
 .debug_macro   0x0000000000000000       0x51 Drivers/STM32F1xx_HAL_Driver/Src/stm32f1xx_ll_exti.o
 .debug_macro   0x0000000000000000       0xef Drivers/STM32F1xx_HAL_Driver/Src/stm32f1xx_ll_exti.o
 .debug_macro   0x0000000000000000       0x6a Drivers/STM32F1xx_HAL_Driver/Src/stm32f1xx_ll_exti.o
 .debug_macro   0x0000000000000000      0x1df Drivers/STM32F1xx_HAL_Driver/Src/stm32f1xx_ll_exti.o
 .debug_macro   0x0000000000000000       0x1c Drivers/STM32F1xx_HAL_Driver/Src/stm32f1xx_ll_exti.o
 .debug_macro   0x0000000000000000       0x22 Drivers/STM32F1xx_HAL_Driver/Src/stm32f1xx_ll_exti.o
 .debug_macro   0x0000000000000000       0xc3 Drivers/STM32F1xx_HAL_Driver/Src/stm32f1xx_ll_exti.o
 .debug_macro   0x0000000000000000      0xd23 Drivers/STM32F1xx_HAL_Driver/Src/stm32f1xx_ll_exti.o
 .debug_macro   0x0000000000000000     0xe097 Drivers/STM32F1xx_HAL_Driver/Src/stm32f1xx_ll_exti.o
 .debug_macro   0x0000000000000000       0x43 Drivers/STM32F1xx_HAL_Driver/Src/stm32f1xx_ll_exti.o
 .debug_macro   0x0000000000000000       0xca Drivers/STM32F1xx_HAL_Driver/Src/stm32f1xx_ll_exti.o
 .debug_line    0x0000000000000000      0x508 Drivers/STM32F1xx_HAL_Driver/Src/stm32f1xx_ll_exti.o
 .debug_str     0x0000000000000000    0x54960 Drivers/STM32F1xx_HAL_Driver/Src/stm32f1xx_ll_exti.o
 .comment       0x0000000000000000       0x7c Drivers/STM32F1xx_HAL_Driver/Src/stm32f1xx_ll_exti.o
 .debug_frame   0x0000000000000000      0x1bc Drivers/STM32F1xx_HAL_Driver/Src/stm32f1xx_ll_exti.o
 .ARM.attributes
                0x0000000000000000       0x33 Drivers/STM32F1xx_HAL_Driver/Src/stm32f1xx_ll_exti.o
 .group         0x0000000000000000        0xc Drivers/STM32F1xx_HAL_Driver/Src/stm32f1xx_ll_gpio.o
 .group         0x0000000000000000        0xc Drivers/STM32F1xx_HAL_Driver/Src/stm32f1xx_ll_gpio.o
 .group         0x0000000000000000        0xc Drivers/STM32F1xx_HAL_Driver/Src/stm32f1xx_ll_gpio.o
 .group         0x0000000000000000        0xc Drivers/STM32F1xx_HAL_Driver/Src/stm32f1xx_ll_gpio.o
 .group         0x0000000000000000        0xc Drivers/STM32F1xx_HAL_Driver/Src/stm32f1xx_ll_gpio.o
 .group         0x0000000000000000        0xc Drivers/STM32F1xx_HAL_Driver/Src/stm32f1xx_ll_gpio.o
 .group         0x0000000000000000        0xc Drivers/STM32F1xx_HAL_Driver/Src/stm32f1xx_ll_gpio.o
 .group         0x0000000000000000        0xc Drivers/STM32F1xx_HAL_Driver/Src/stm32f1xx_ll_gpio.o
 .group         0x0000000000000000        0xc Drivers/STM32F1xx_HAL_Driver/Src/stm32f1xx_ll_gpio.o
 .group         0x0000000000000000        0xc Drivers/STM32F1xx_HAL_Driver/Src/stm32f1xx_ll_gpio.o
 .group         0x0000000000000000        0xc Drivers/STM32F1xx_HAL_Driver/Src/stm32f1xx_ll_gpio.o
 .group         0x0000000000000000        0xc Drivers/STM32F1xx_HAL_Driver/Src/stm32f1xx_ll_gpio.o
 .group         0x0000000000000000        0xc Drivers/STM32F1xx_HAL_Driver/Src/stm32f1xx_ll_gpio.o
 .group         0x0000000000000000        0xc Drivers/STM32F1xx_HAL_Driver/Src/stm32f1xx_ll_gpio.o
 .group         0x0000000000000000        0xc Drivers/STM32F1xx_HAL_Driver/Src/stm32f1xx_ll_gpio.o
 .group         0x0000000000000000        0xc Drivers/STM32F1xx_HAL_Driver/Src/stm32f1xx_ll_gpio.o
 .group         0x0000000000000000        0xc Drivers/STM32F1xx_HAL_Driver/Src/stm32f1xx_ll_gpio.o
 .data          0x0000000000000000        0x0 Drivers/STM32F1xx_HAL_Driver/Src/stm32f1xx_ll_gpio.o
 .bss           0x0000000000000000        0x0 Drivers/STM32F1xx_HAL_Driver/Src/stm32f1xx_ll_gpio.o
 .debug_macro   0x0000000000000000      0xa8a Drivers/STM32F1xx_HAL_Driver/Src/stm32f1xx_ll_gpio.o
 .debug_macro   0x0000000000000000       0x2e Drivers/STM32F1xx_HAL_Driver/Src/stm32f1xx_ll_gpio.o
 .debug_macro   0x0000000000000000       0x22 Drivers/STM32F1xx_HAL_Driver/Src/stm32f1xx_ll_gpio.o
 .debug_macro   0x0000000000000000       0x22 Drivers/STM32F1xx_HAL_Driver/Src/stm32f1xx_ll_gpio.o
 .debug_macro   0x0000000000000000       0x8e Drivers/STM32F1xx_HAL_Driver/Src/stm32f1xx_ll_gpio.o
 .debug_macro   0x0000000000000000       0x51 Drivers/STM32F1xx_HAL_Driver/Src/stm32f1xx_ll_gpio.o
 .debug_macro   0x0000000000000000       0xef Drivers/STM32F1xx_HAL_Driver/Src/stm32f1xx_ll_gpio.o
 .debug_macro   0x0000000000000000       0x6a Drivers/STM32F1xx_HAL_Driver/Src/stm32f1xx_ll_gpio.o
 .debug_macro   0x0000000000000000      0x1df Drivers/STM32F1xx_HAL_Driver/Src/stm32f1xx_ll_gpio.o
 .debug_macro   0x0000000000000000       0x1c Drivers/STM32F1xx_HAL_Driver/Src/stm32f1xx_ll_gpio.o
 .debug_macro   0x0000000000000000       0x22 Drivers/STM32F1xx_HAL_Driver/Src/stm32f1xx_ll_gpio.o
 .debug_macro   0x0000000000000000       0xc3 Drivers/STM32F1xx_HAL_Driver/Src/stm32f1xx_ll_gpio.o
 .debug_macro   0x0000000000000000      0xd23 Drivers/STM32F1xx_HAL_Driver/Src/stm32f1xx_ll_gpio.o
 .debug_macro   0x0000000000000000     0xe097 Drivers/STM32F1xx_HAL_Driver/Src/stm32f1xx_ll_gpio.o
 .debug_macro   0x0000000000000000       0x43 Drivers/STM32F1xx_HAL_Driver/Src/stm32f1xx_ll_gpio.o
 .debug_macro   0x0000000000000000       0xd7 Drivers/STM32F1xx_HAL_Driver/Src/stm32f1xx_ll_gpio.o
 .group         0x0000000000000000        0xc Drivers/STM32F1xx_HAL_Driver/Src/stm32f1xx_ll_pwr.o
 .group         0x0000000000000000        0xc Drivers/STM32F1xx_HAL_Driver/Src/stm32f1xx_ll_pwr.o
 .group         0x0000000000000000        0xc Drivers/STM32F1xx_HAL_Driver/Src/stm32f1xx_ll_pwr.o
 .group         0x0000000000000000        0xc Drivers/STM32F1xx_HAL_Driver/Src/stm32f1xx_ll_pwr.o
 .group         0x0000000000000000        0xc Drivers/STM32F1xx_HAL_Driver/Src/stm32f1xx_ll_pwr.o
 .group         0x0000000000000000        0xc Drivers/STM32F1xx_HAL_Driver/Src/stm32f1xx_ll_pwr.o
 .group         0x0000000000000000        0xc Drivers/STM32F1xx_HAL_Driver/Src/stm32f1xx_ll_pwr.o
 .group         0x0000000000000000        0xc Drivers/STM32F1xx_HAL_Driver/Src/stm32f1xx_ll_pwr.o
 .group         0x0000000000000000        0xc Drivers/STM32F1xx_HAL_Driver/Src/stm32f1xx_ll_pwr.o
 .group         0x0000000000000000        0xc Drivers/STM32F1xx_HAL_Driver/Src/stm32f1xx_ll_pwr.o
 .group         0x0000000000000000        0xc Drivers/STM32F1xx_HAL_Driver/Src/stm32f1xx_ll_pwr.o
 .group         0x0000000000000000        0xc Drivers/STM32F1xx_HAL_Driver/Src/stm32f1xx_ll_pwr.o
 .group         0x0000000000000000        0xc Drivers/STM32F1xx_HAL_Driver/Src/stm32f1xx_ll_pwr.o
 .group         0x0000000000000000        0xc Drivers/STM32F1xx_HAL_Driver/Src/stm32f1xx_ll_pwr.o
 .group         0x0000000000000000        0xc Drivers/STM32F1xx_HAL_Driver/Src/stm32f1xx_ll_pwr.o
 .group         0x0000000000000000        0xc Drivers/STM32F1xx_HAL_Driver/Src/stm32f1xx_ll_pwr.o
 .group         0x0000000000000000        0xc Drivers/STM32F1xx_HAL_Driver/Src/stm32f1xx_ll_pwr.o
 .text          0x0000000000000000       0x64 Drivers/STM32F1xx_HAL_Driver/Src/stm32f1xx_ll_pwr.o
 .data          0x0000000000000000        0x0 Drivers/STM32F1xx_HAL_Driver/Src/stm32f1xx_ll_pwr.o
 .bss           0x0000000000000000        0x0 Drivers/STM32F1xx_HAL_Driver/Src/stm32f1xx_ll_pwr.o
 .debug_info    0x0000000000000000      0x231 Drivers/STM32F1xx_HAL_Driver/Src/stm32f1xx_ll_pwr.o
 .debug_abbrev  0x0000000000000000      0x125 Drivers/STM32F1xx_HAL_Driver/Src/stm32f1xx_ll_pwr.o
 .debug_aranges
                0x0000000000000000       0x20 Drivers/STM32F1xx_HAL_Driver/Src/stm32f1xx_ll_pwr.o
 .debug_macro   0x0000000000000000       0xd4 Drivers/STM32F1xx_HAL_Driver/Src/stm32f1xx_ll_pwr.o
 .debug_macro   0x0000000000000000      0xa8a Drivers/STM32F1xx_HAL_Driver/Src/stm32f1xx_ll_pwr.o
 .debug_macro   0x0000000000000000       0x2e Drivers/STM32F1xx_HAL_Driver/Src/stm32f1xx_ll_pwr.o
 .debug_macro   0x0000000000000000       0x22 Drivers/STM32F1xx_HAL_Driver/Src/stm32f1xx_ll_pwr.o
 .debug_macro   0x0000000000000000       0x22 Drivers/STM32F1xx_HAL_Driver/Src/stm32f1xx_ll_pwr.o
 .debug_macro   0x0000000000000000       0x8e Drivers/STM32F1xx_HAL_Driver/Src/stm32f1xx_ll_pwr.o
 .debug_macro   0x0000000000000000       0x51 Drivers/STM32F1xx_HAL_Driver/Src/stm32f1xx_ll_pwr.o
 .debug_macro   0x0000000000000000       0xef Drivers/STM32F1xx_HAL_Driver/Src/stm32f1xx_ll_pwr.o
 .debug_macro   0x0000000000000000       0x6a Drivers/STM32F1xx_HAL_Driver/Src/stm32f1xx_ll_pwr.o
 .debug_macro   0x0000000000000000      0x1df Drivers/STM32F1xx_HAL_Driver/Src/stm32f1xx_ll_pwr.o
 .debug_macro   0x0000000000000000       0x1c Drivers/STM32F1xx_HAL_Driver/Src/stm32f1xx_ll_pwr.o
 .debug_macro   0x0000000000000000       0x22 Drivers/STM32F1xx_HAL_Driver/Src/stm32f1xx_ll_pwr.o
 .debug_macro   0x0000000000000000       0xc3 Drivers/STM32F1xx_HAL_Driver/Src/stm32f1xx_ll_pwr.o
 .debug_macro   0x0000000000000000      0xd23 Drivers/STM32F1xx_HAL_Driver/Src/stm32f1xx_ll_pwr.o
 .debug_macro   0x0000000000000000     0xe097 Drivers/STM32F1xx_HAL_Driver/Src/stm32f1xx_ll_pwr.o
 .debug_macro   0x0000000000000000       0x43 Drivers/STM32F1xx_HAL_Driver/Src/stm32f1xx_ll_pwr.o
 .debug_macro   0x0000000000000000       0x8a Drivers/STM32F1xx_HAL_Driver/Src/stm32f1xx_ll_pwr.o
 .debug_macro   0x0000000000000000       0xd7 Drivers/STM32F1xx_HAL_Driver/Src/stm32f1xx_ll_pwr.o
 .debug_line    0x0000000000000000      0x4c7 Drivers/STM32F1xx_HAL_Driver/Src/stm32f1xx_ll_pwr.o
 .debug_str     0x0000000000000000    0x54afa Drivers/STM32F1xx_HAL_Driver/Src/stm32f1xx_ll_pwr.o
 .comment       0x0000000000000000       0x7c Drivers/STM32F1xx_HAL_Driver/Src/stm32f1xx_ll_pwr.o
 .debug_frame   0x0000000000000000       0x7c Drivers/STM32F1xx_HAL_Driver/Src/stm32f1xx_ll_pwr.o
 .ARM.attributes
                0x0000000000000000       0x33 Drivers/STM32F1xx_HAL_Driver/Src/stm32f1xx_ll_pwr.o
 .group         0x0000000000000000        0xc Drivers/STM32F1xx_HAL_Driver/Src/stm32f1xx_ll_rcc.o
 .group         0x0000000000000000        0xc Drivers/STM32F1xx_HAL_Driver/Src/stm32f1xx_ll_rcc.o
 .group         0x0000000000000000        0xc Drivers/STM32F1xx_HAL_Driver/Src/stm32f1xx_ll_rcc.o
 .group         0x0000000000000000        0xc Drivers/STM32F1xx_HAL_Driver/Src/stm32f1xx_ll_rcc.o
 .group         0x0000000000000000        0xc Drivers/STM32F1xx_HAL_Driver/Src/stm32f1xx_ll_rcc.o
 .group         0x0000000000000000        0xc Drivers/STM32F1xx_HAL_Driver/Src/stm32f1xx_ll_rcc.o
 .group         0x0000000000000000        0xc Drivers/STM32F1xx_HAL_Driver/Src/stm32f1xx_ll_rcc.o
 .group         0x0000000000000000        0xc Drivers/STM32F1xx_HAL_Driver/Src/stm32f1xx_ll_rcc.o
 .group         0x0000000000000000        0xc Drivers/STM32F1xx_HAL_Driver/Src/stm32f1xx_ll_rcc.o
 .group         0x0000000000000000        0xc Drivers/STM32F1xx_HAL_Driver/Src/stm32f1xx_ll_rcc.o
 .group         0x0000000000000000        0xc Drivers/STM32F1xx_HAL_Driver/Src/stm32f1xx_ll_rcc.o
 .group         0x0000000000000000        0xc Drivers/STM32F1xx_HAL_Driver/Src/stm32f1xx_ll_rcc.o
 .group         0x0000000000000000        0xc Drivers/STM32F1xx_HAL_Driver/Src/stm32f1xx_ll_rcc.o
 .group         0x0000000000000000        0xc Drivers/STM32F1xx_HAL_Driver/Src/stm32f1xx_ll_rcc.o
 .group         0x0000000000000000        0xc Drivers/STM32F1xx_HAL_Driver/Src/stm32f1xx_ll_rcc.o
 .group         0x0000000000000000        0xc Drivers/STM32F1xx_HAL_Driver/Src/stm32f1xx_ll_rcc.o
 .text          0x0000000000000000      0x448 Drivers/STM32F1xx_HAL_Driver/Src/stm32f1xx_ll_rcc.o
 .data          0x0000000000000000        0x0 Drivers/STM32F1xx_HAL_Driver/Src/stm32f1xx_ll_rcc.o
 .bss           0x0000000000000000        0x0 Drivers/STM32F1xx_HAL_Driver/Src/stm32f1xx_ll_rcc.o
 .debug_info    0x0000000000000000      0x591 Drivers/STM32F1xx_HAL_Driver/Src/stm32f1xx_ll_rcc.o
 .debug_abbrev  0x0000000000000000      0x250 Drivers/STM32F1xx_HAL_Driver/Src/stm32f1xx_ll_rcc.o
 .debug_aranges
                0x0000000000000000       0x20 Drivers/STM32F1xx_HAL_Driver/Src/stm32f1xx_ll_rcc.o
 .debug_macro   0x0000000000000000       0xdd Drivers/STM32F1xx_HAL_Driver/Src/stm32f1xx_ll_rcc.o
 .debug_macro   0x0000000000000000      0xa8a Drivers/STM32F1xx_HAL_Driver/Src/stm32f1xx_ll_rcc.o
 .debug_macro   0x0000000000000000       0x2e Drivers/STM32F1xx_HAL_Driver/Src/stm32f1xx_ll_rcc.o
 .debug_macro   0x0000000000000000       0x22 Drivers/STM32F1xx_HAL_Driver/Src/stm32f1xx_ll_rcc.o
 .debug_macro   0x0000000000000000       0x22 Drivers/STM32F1xx_HAL_Driver/Src/stm32f1xx_ll_rcc.o
 .debug_macro   0x0000000000000000       0x8e Drivers/STM32F1xx_HAL_Driver/Src/stm32f1xx_ll_rcc.o
 .debug_macro   0x0000000000000000       0x51 Drivers/STM32F1xx_HAL_Driver/Src/stm32f1xx_ll_rcc.o
 .debug_macro   0x0000000000000000       0xef Drivers/STM32F1xx_HAL_Driver/Src/stm32f1xx_ll_rcc.o
 .debug_macro   0x0000000000000000       0x6a Drivers/STM32F1xx_HAL_Driver/Src/stm32f1xx_ll_rcc.o
 .debug_macro   0x0000000000000000      0x1df Drivers/STM32F1xx_HAL_Driver/Src/stm32f1xx_ll_rcc.o
 .debug_macro   0x0000000000000000       0x1c Drivers/STM32F1xx_HAL_Driver/Src/stm32f1xx_ll_rcc.o
 .debug_macro   0x0000000000000000       0x22 Drivers/STM32F1xx_HAL_Driver/Src/stm32f1xx_ll_rcc.o
 .debug_macro   0x0000000000000000       0xc3 Drivers/STM32F1xx_HAL_Driver/Src/stm32f1xx_ll_rcc.o
 .debug_macro   0x0000000000000000      0xd23 Drivers/STM32F1xx_HAL_Driver/Src/stm32f1xx_ll_rcc.o
 .debug_macro   0x0000000000000000     0xe097 Drivers/STM32F1xx_HAL_Driver/Src/stm32f1xx_ll_rcc.o
 .debug_macro   0x0000000000000000       0x43 Drivers/STM32F1xx_HAL_Driver/Src/stm32f1xx_ll_rcc.o
 .debug_macro   0x0000000000000000      0x2b8 Drivers/STM32F1xx_HAL_Driver/Src/stm32f1xx_ll_rcc.o
 .debug_line    0x0000000000000000      0x572 Drivers/STM32F1xx_HAL_Driver/Src/stm32f1xx_ll_rcc.o
 .debug_str     0x0000000000000000    0x556e9 Drivers/STM32F1xx_HAL_Driver/Src/stm32f1xx_ll_rcc.o
 .comment       0x0000000000000000       0x7c Drivers/STM32F1xx_HAL_Driver/Src/stm32f1xx_ll_rcc.o
 .debug_frame   0x0000000000000000      0x34c Drivers/STM32F1xx_HAL_Driver/Src/stm32f1xx_ll_rcc.o
 .ARM.attributes
                0x0000000000000000       0x33 Drivers/STM32F1xx_HAL_Driver/Src/stm32f1xx_ll_rcc.o
 .group         0x0000000000000000        0xc Drivers/STM32F1xx_HAL_Driver/Src/stm32f1xx_ll_tim.o
 .group         0x0000000000000000        0xc Drivers/STM32F1xx_HAL_Driver/Src/stm32f1xx_ll_tim.o
 .group         0x0000000000000000        0xc Drivers/STM32F1xx_HAL_Driver/Src/stm32f1xx_ll_tim.o
 .group         0x0000000000000000        0xc Drivers/STM32F1xx_HAL_Driver/Src/stm32f1xx_ll_tim.o
 .group         0x0000000000000000        0xc Drivers/STM32F1xx_HAL_Driver/Src/stm32f1xx_ll_tim.o
 .group         0x0000000000000000        0xc Drivers/STM32F1xx_HAL_Driver/Src/stm32f1xx_ll_tim.o
 .group         0x0000000000000000        0xc Drivers/STM32F1xx_HAL_Driver/Src/stm32f1xx_ll_tim.o
 .group         0x0000000000000000        0xc Drivers/STM32F1xx_HAL_Driver/Src/stm32f1xx_ll_tim.o
 .group         0x0000000000000000        0xc Drivers/STM32F1xx_HAL_Driver/Src/stm32f1xx_ll_tim.o
 .group         0x0000000000000000        0xc Drivers/STM32F1xx_HAL_Driver/Src/stm32f1xx_ll_tim.o
 .group         0x0000000000000000        0xc Drivers/STM32F1xx_HAL_Driver/Src/stm32f1xx_ll_tim.o
 .group         0x0000000000000000        0xc Drivers/STM32F1xx_HAL_Driver/Src/stm32f1xx_ll_tim.o
 .group         0x0000000000000000        0xc Drivers/STM32F1xx_HAL_Driver/Src/stm32f1xx_ll_tim.o
 .group         0x0000000000000000        0xc Drivers/STM32F1xx_HAL_Driver/Src/stm32f1xx_ll_tim.o
 .group         0x0000000000000000        0xc Drivers/STM32F1xx_HAL_Driver/Src/stm32f1xx_ll_tim.o
 .group         0x0000000000000000        0xc Drivers/STM32F1xx_HAL_Driver/Src/stm32f1xx_ll_tim.o
 .group         0x0000000000000000        0xc Drivers/STM32F1xx_HAL_Driver/Src/stm32f1xx_ll_tim.o
 .data          0x0000000000000000        0x0 Drivers/STM32F1xx_HAL_Driver/Src/stm32f1xx_ll_tim.o
 .bss           0x0000000000000000        0x0 Drivers/STM32F1xx_HAL_Driver/Src/stm32f1xx_ll_tim.o
 .rodata.OFFSET_TAB_CCMRx
                0x0000000000000000        0x7 Drivers/STM32F1xx_HAL_Driver/Src/stm32f1xx_ll_tim.o
 .rodata.SHIFT_TAB_OCxx
                0x0000000000000000        0x7 Drivers/STM32F1xx_HAL_Driver/Src/stm32f1xx_ll_tim.o
 .rodata.SHIFT_TAB_ICxx
                0x0000000000000000        0x7 Drivers/STM32F1xx_HAL_Driver/Src/stm32f1xx_ll_tim.o
 .rodata.SHIFT_TAB_CCxP
                0x0000000000000000        0x7 Drivers/STM32F1xx_HAL_Driver/Src/stm32f1xx_ll_tim.o
 .rodata.SHIFT_TAB_OISx
                0x0000000000000000        0x7 Drivers/STM32F1xx_HAL_Driver/Src/stm32f1xx_ll_tim.o
 .debug_macro   0x0000000000000000      0xa8a Drivers/STM32F1xx_HAL_Driver/Src/stm32f1xx_ll_tim.o
 .debug_macro   0x0000000000000000       0x2e Drivers/STM32F1xx_HAL_Driver/Src/stm32f1xx_ll_tim.o
 .debug_macro   0x0000000000000000       0x22 Drivers/STM32F1xx_HAL_Driver/Src/stm32f1xx_ll_tim.o
 .debug_macro   0x0000000000000000       0x22 Drivers/STM32F1xx_HAL_Driver/Src/stm32f1xx_ll_tim.o
 .debug_macro   0x0000000000000000       0x8e Drivers/STM32F1xx_HAL_Driver/Src/stm32f1xx_ll_tim.o
 .debug_macro   0x0000000000000000       0x51 Drivers/STM32F1xx_HAL_Driver/Src/stm32f1xx_ll_tim.o
 .debug_macro   0x0000000000000000       0xef Drivers/STM32F1xx_HAL_Driver/Src/stm32f1xx_ll_tim.o
 .debug_macro   0x0000000000000000       0x6a Drivers/STM32F1xx_HAL_Driver/Src/stm32f1xx_ll_tim.o
 .debug_macro   0x0000000000000000      0x1df Drivers/STM32F1xx_HAL_Driver/Src/stm32f1xx_ll_tim.o
 .debug_macro   0x0000000000000000       0x1c Drivers/STM32F1xx_HAL_Driver/Src/stm32f1xx_ll_tim.o
 .debug_macro   0x0000000000000000       0x22 Drivers/STM32F1xx_HAL_Driver/Src/stm32f1xx_ll_tim.o
 .debug_macro   0x0000000000000000       0xc3 Drivers/STM32F1xx_HAL_Driver/Src/stm32f1xx_ll_tim.o
 .debug_macro   0x0000000000000000      0xd23 Drivers/STM32F1xx_HAL_Driver/Src/stm32f1xx_ll_tim.o
 .debug_macro   0x0000000000000000     0xe097 Drivers/STM32F1xx_HAL_Driver/Src/stm32f1xx_ll_tim.o
 .debug_macro   0x0000000000000000       0x43 Drivers/STM32F1xx_HAL_Driver/Src/stm32f1xx_ll_tim.o
 .debug_macro   0x0000000000000000       0xd7 Drivers/STM32F1xx_HAL_Driver/Src/stm32f1xx_ll_tim.o
 .group         0x0000000000000000        0xc Drivers/STM32F1xx_HAL_Driver/Src/stm32f1xx_ll_utils.o
 .group         0x0000000000000000        0xc Drivers/STM32F1xx_HAL_Driver/Src/stm32f1xx_ll_utils.o
 .group         0x0000000000000000        0xc Drivers/STM32F1xx_HAL_Driver/Src/stm32f1xx_ll_utils.o
 .group         0x0000000000000000        0xc Drivers/STM32F1xx_HAL_Driver/Src/stm32f1xx_ll_utils.o
 .group         0x0000000000000000        0xc Drivers/STM32F1xx_HAL_Driver/Src/stm32f1xx_ll_utils.o
 .group         0x0000000000000000        0xc Drivers/STM32F1xx_HAL_Driver/Src/stm32f1xx_ll_utils.o
 .group         0x0000000000000000        0xc Drivers/STM32F1xx_HAL_Driver/Src/stm32f1xx_ll_utils.o
 .group         0x0000000000000000        0xc Drivers/STM32F1xx_HAL_Driver/Src/stm32f1xx_ll_utils.o
 .group         0x0000000000000000        0xc Drivers/STM32F1xx_HAL_Driver/Src/stm32f1xx_ll_utils.o
 .group         0x0000000000000000        0xc Drivers/STM32F1xx_HAL_Driver/Src/stm32f1xx_ll_utils.o
 .group         0x0000000000000000        0xc Drivers/STM32F1xx_HAL_Driver/Src/stm32f1xx_ll_utils.o
 .group         0x0000000000000000        0xc Drivers/STM32F1xx_HAL_Driver/Src/stm32f1xx_ll_utils.o
 .group         0x0000000000000000        0xc Drivers/STM32F1xx_HAL_Driver/Src/stm32f1xx_ll_utils.o
 .group         0x0000000000000000        0xc Drivers/STM32F1xx_HAL_Driver/Src/stm32f1xx_ll_utils.o
 .group         0x0000000000000000        0xc Drivers/STM32F1xx_HAL_Driver/Src/stm32f1xx_ll_utils.o
 .group         0x0000000000000000        0xc Drivers/STM32F1xx_HAL_Driver/Src/stm32f1xx_ll_utils.o
 .group         0x0000000000000000        0xc Drivers/STM32F1xx_HAL_Driver/Src/stm32f1xx_ll_utils.o
 .group         0x0000000000000000        0xc Drivers/STM32F1xx_HAL_Driver/Src/stm32f1xx_ll_utils.o
 .data          0x0000000000000000        0x0 Drivers/STM32F1xx_HAL_Driver/Src/stm32f1xx_ll_utils.o
 .bss           0x0000000000000000        0x0 Drivers/STM32F1xx_HAL_Driver/Src/stm32f1xx_ll_utils.o
 .debug_macro   0x0000000000000000      0xa8a Drivers/STM32F1xx_HAL_Driver/Src/stm32f1xx_ll_utils.o
 .debug_macro   0x0000000000000000       0x2e Drivers/STM32F1xx_HAL_Driver/Src/stm32f1xx_ll_utils.o
 .debug_macro   0x0000000000000000       0x22 Drivers/STM32F1xx_HAL_Driver/Src/stm32f1xx_ll_utils.o
 .debug_macro   0x0000000000000000       0x22 Drivers/STM32F1xx_HAL_Driver/Src/stm32f1xx_ll_utils.o
 .debug_macro   0x0000000000000000       0x8e Drivers/STM32F1xx_HAL_Driver/Src/stm32f1xx_ll_utils.o
 .debug_macro   0x0000000000000000       0x51 Drivers/STM32F1xx_HAL_Driver/Src/stm32f1xx_ll_utils.o
 .debug_macro   0x0000000000000000       0xef Drivers/STM32F1xx_HAL_Driver/Src/stm32f1xx_ll_utils.o
 .debug_macro   0x0000000000000000       0x6a Drivers/STM32F1xx_HAL_Driver/Src/stm32f1xx_ll_utils.o
 .debug_macro   0x0000000000000000      0x1df Drivers/STM32F1xx_HAL_Driver/Src/stm32f1xx_ll_utils.o
 .debug_macro   0x0000000000000000       0x1c Drivers/STM32F1xx_HAL_Driver/Src/stm32f1xx_ll_utils.o
 .debug_macro   0x0000000000000000       0x22 Drivers/STM32F1xx_HAL_Driver/Src/stm32f1xx_ll_utils.o
 .debug_macro   0x0000000000000000       0xc3 Drivers/STM32F1xx_HAL_Driver/Src/stm32f1xx_ll_utils.o
 .debug_macro   0x0000000000000000      0xd23 Drivers/STM32F1xx_HAL_Driver/Src/stm32f1xx_ll_utils.o
 .debug_macro   0x0000000000000000     0xe097 Drivers/STM32F1xx_HAL_Driver/Src/stm32f1xx_ll_utils.o
 .debug_macro   0x0000000000000000       0x43 Drivers/STM32F1xx_HAL_Driver/Src/stm32f1xx_ll_utils.o
 .debug_macro   0x0000000000000000      0x2b8 Drivers/STM32F1xx_HAL_Driver/Src/stm32f1xx_ll_utils.o
 .debug_macro   0x0000000000000000       0x2a Drivers/STM32F1xx_HAL_Driver/Src/stm32f1xx_ll_utils.o
 .debug_macro   0x0000000000000000       0x74 Drivers/STM32F1xx_HAL_Driver/Src/stm32f1xx_ll_utils.o
 .text          0x0000000000000000        0x0 c:/st/stm32cubeide_1.5.0/stm32cubeide/plugins/com.st.stm32cube.ide.mcu.externaltools.gnu-tools-for-stm32.7-2018-q2-update.win32_1.5.0.202011040924/tools/bin/../lib/gcc/arm-none-eabi/7.3.1/../../../../arm-none-eabi/lib/thumb/v7-m\libc_nano.a(lib_a-errno.o)
 .data          0x0000000000000000        0x0 c:/st/stm32cubeide_1.5.0/stm32cubeide/plugins/com.st.stm32cube.ide.mcu.externaltools.gnu-tools-for-stm32.7-2018-q2-update.win32_1.5.0.202011040924/tools/bin/../lib/gcc/arm-none-eabi/7.3.1/../../../../arm-none-eabi/lib/thumb/v7-m\libc_nano.a(lib_a-errno.o)
 .bss           0x0000000000000000        0x0 c:/st/stm32cubeide_1.5.0/stm32cubeide/plugins/com.st.stm32cube.ide.mcu.externaltools.gnu-tools-for-stm32.7-2018-q2-update.win32_1.5.0.202011040924/tools/bin/../lib/gcc/arm-none-eabi/7.3.1/../../../../arm-none-eabi/lib/thumb/v7-m\libc_nano.a(lib_a-errno.o)
 .text.__errno  0x0000000000000000        0xc c:/st/stm32cubeide_1.5.0/stm32cubeide/plugins/com.st.stm32cube.ide.mcu.externaltools.gnu-tools-for-stm32.7-2018-q2-update.win32_1.5.0.202011040924/tools/bin/../lib/gcc/arm-none-eabi/7.3.1/../../../../arm-none-eabi/lib/thumb/v7-m\libc_nano.a(lib_a-errno.o)
 .debug_frame   0x0000000000000000       0x20 c:/st/stm32cubeide_1.5.0/stm32cubeide/plugins/com.st.stm32cube.ide.mcu.externaltools.gnu-tools-for-stm32.7-2018-q2-update.win32_1.5.0.202011040924/tools/bin/../lib/gcc/arm-none-eabi/7.3.1/../../../../arm-none-eabi/lib/thumb/v7-m\libc_nano.a(lib_a-errno.o)
 .ARM.attributes
                0x0000000000000000       0x2d c:/st/stm32cubeide_1.5.0/stm32cubeide/plugins/com.st.stm32cube.ide.mcu.externaltools.gnu-tools-for-stm32.7-2018-q2-update.win32_1.5.0.202011040924/tools/bin/../lib/gcc/arm-none-eabi/7.3.1/../../../../arm-none-eabi/lib/thumb/v7-m\libc_nano.a(lib_a-errno.o)
 .text          0x0000000000000000        0x0 c:/st/stm32cubeide_1.5.0/stm32cubeide/plugins/com.st.stm32cube.ide.mcu.externaltools.gnu-tools-for-stm32.7-2018-q2-update.win32_1.5.0.202011040924/tools/bin/../lib/gcc/arm-none-eabi/7.3.1/../../../../arm-none-eabi/lib/thumb/v7-m\libc_nano.a(lib_a-exit.o)
 .data          0x0000000000000000        0x0 c:/st/stm32cubeide_1.5.0/stm32cubeide/plugins/com.st.stm32cube.ide.mcu.externaltools.gnu-tools-for-stm32.7-2018-q2-update.win32_1.5.0.202011040924/tools/bin/../lib/gcc/arm-none-eabi/7.3.1/../../../../arm-none-eabi/lib/thumb/v7-m\libc_nano.a(lib_a-exit.o)
 .bss           0x0000000000000000        0x0 c:/st/stm32cubeide_1.5.0/stm32cubeide/plugins/com.st.stm32cube.ide.mcu.externaltools.gnu-tools-for-stm32.7-2018-q2-update.win32_1.5.0.202011040924/tools/bin/../lib/gcc/arm-none-eabi/7.3.1/../../../../arm-none-eabi/lib/thumb/v7-m\libc_nano.a(lib_a-exit.o)
 .text.exit     0x0000000000000000       0x28 c:/st/stm32cubeide_1.5.0/stm32cubeide/plugins/com.st.stm32cube.ide.mcu.externaltools.gnu-tools-for-stm32.7-2018-q2-update.win32_1.5.0.202011040924/tools/bin/../lib/gcc/arm-none-eabi/7.3.1/../../../../arm-none-eabi/lib/thumb/v7-m\libc_nano.a(lib_a-exit.o)
 .debug_frame   0x0000000000000000       0x28 c:/st/stm32cubeide_1.5.0/stm32cubeide/plugins/com.st.stm32cube.ide.mcu.externaltools.gnu-tools-for-stm32.7-2018-q2-update.win32_1.5.0.202011040924/tools/bin/../lib/gcc/arm-none-eabi/7.3.1/../../../../arm-none-eabi/lib/thumb/v7-m\libc_nano.a(lib_a-exit.o)
 .ARM.attributes
                0x0000000000000000       0x2d c:/st/stm32cubeide_1.5.0/stm32cubeide/plugins/com.st.stm32cube.ide.mcu.externaltools.gnu-tools-for-stm32.7-2018-q2-update.win32_1.5.0.202011040924/tools/bin/../lib/gcc/arm-none-eabi/7.3.1/../../../../arm-none-eabi/lib/thumb/v7-m\libc_nano.a(lib_a-exit.o)
 .text          0x0000000000000000        0x0 c:/st/stm32cubeide_1.5.0/stm32cubeide/plugins/com.st.stm32cube.ide.mcu.externaltools.gnu-tools-for-stm32.7-2018-q2-update.win32_1.5.0.202011040924/tools/bin/../lib/gcc/arm-none-eabi/7.3.1/../../../../arm-none-eabi/lib/thumb/v7-m\libc_nano.a(lib_a-impure.o)
 .data          0x0000000000000000        0x0 c:/st/stm32cubeide_1.5.0/stm32cubeide/plugins/com.st.stm32cube.ide.mcu.externaltools.gnu-tools-for-stm32.7-2018-q2-update.win32_1.5.0.202011040924/tools/bin/../lib/gcc/arm-none-eabi/7.3.1/../../../../arm-none-eabi/lib/thumb/v7-m\libc_nano.a(lib_a-impure.o)
 .bss           0x0000000000000000        0x0 c:/st/stm32cubeide_1.5.0/stm32cubeide/plugins/com.st.stm32cube.ide.mcu.externaltools.gnu-tools-for-stm32.7-2018-q2-update.win32_1.5.0.202011040924/tools/bin/../lib/gcc/arm-none-eabi/7.3.1/../../../../arm-none-eabi/lib/thumb/v7-m\libc_nano.a(lib_a-impure.o)
 .data._impure_ptr
                0x0000000000000000        0x4 c:/st/stm32cubeide_1.5.0/stm32cubeide/plugins/com.st.stm32cube.ide.mcu.externaltools.gnu-tools-for-stm32.7-2018-q2-update.win32_1.5.0.202011040924/tools/bin/../lib/gcc/arm-none-eabi/7.3.1/../../../../arm-none-eabi/lib/thumb/v7-m\libc_nano.a(lib_a-impure.o)
 .data.impure_data
                0x0000000000000000       0x60 c:/st/stm32cubeide_1.5.0/stm32cubeide/plugins/com.st.stm32cube.ide.mcu.externaltools.gnu-tools-for-stm32.7-2018-q2-update.win32_1.5.0.202011040924/tools/bin/../lib/gcc/arm-none-eabi/7.3.1/../../../../arm-none-eabi/lib/thumb/v7-m\libc_nano.a(lib_a-impure.o)
 .rodata._global_impure_ptr
                0x0000000000000000        0x4 c:/st/stm32cubeide_1.5.0/stm32cubeide/plugins/com.st.stm32cube.ide.mcu.externaltools.gnu-tools-for-stm32.7-2018-q2-update.win32_1.5.0.202011040924/tools/bin/../lib/gcc/arm-none-eabi/7.3.1/../../../../arm-none-eabi/lib/thumb/v7-m\libc_nano.a(lib_a-impure.o)
 .ARM.attributes
                0x0000000000000000       0x2d c:/st/stm32cubeide_1.5.0/stm32cubeide/plugins/com.st.stm32cube.ide.mcu.externaltools.gnu-tools-for-stm32.7-2018-q2-update.win32_1.5.0.202011040924/tools/bin/../lib/gcc/arm-none-eabi/7.3.1/../../../../arm-none-eabi/lib/thumb/v7-m\libc_nano.a(lib_a-impure.o)
 .text          0x0000000000000000        0x0 c:/st/stm32cubeide_1.5.0/stm32cubeide/plugins/com.st.stm32cube.ide.mcu.externaltools.gnu-tools-for-stm32.7-2018-q2-update.win32_1.5.0.202011040924/tools/bin/../lib/gcc/arm-none-eabi/7.3.1/../../../../arm-none-eabi/lib/thumb/v7-m\libc_nano.a(lib_a-init.o)
 .data          0x0000000000000000        0x0 c:/st/stm32cubeide_1.5.0/stm32cubeide/plugins/com.st.stm32cube.ide.mcu.externaltools.gnu-tools-for-stm32.7-2018-q2-update.win32_1.5.0.202011040924/tools/bin/../lib/gcc/arm-none-eabi/7.3.1/../../../../arm-none-eabi/lib/thumb/v7-m\libc_nano.a(lib_a-init.o)
 .bss           0x0000000000000000        0x0 c:/st/stm32cubeide_1.5.0/stm32cubeide/plugins/com.st.stm32cube.ide.mcu.externaltools.gnu-tools-for-stm32.7-2018-q2-update.win32_1.5.0.202011040924/tools/bin/../lib/gcc/arm-none-eabi/7.3.1/../../../../arm-none-eabi/lib/thumb/v7-m\libc_nano.a(lib_a-init.o)
 .text          0x0000000000000000        0x0 c:/st/stm32cubeide_1.5.0/stm32cubeide/plugins/com.st.stm32cube.ide.mcu.externaltools.gnu-tools-for-stm32.7-2018-q2-update.win32_1.5.0.202011040924/tools/bin/../lib/gcc/arm-none-eabi/7.3.1/../../../../arm-none-eabi/lib/thumb/v7-m\libc_nano.a(lib_a-memset.o)
 .data          0x0000000000000000        0x0 c:/st/stm32cubeide_1.5.0/stm32cubeide/plugins/com.st.stm32cube.ide.mcu.externaltools.gnu-tools-for-stm32.7-2018-q2-update.win32_1.5.0.202011040924/tools/bin/../lib/gcc/arm-none-eabi/7.3.1/../../../../arm-none-eabi/lib/thumb/v7-m\libc_nano.a(lib_a-memset.o)
 .bss           0x0000000000000000        0x0 c:/st/stm32cubeide_1.5.0/stm32cubeide/plugins/com.st.stm32cube.ide.mcu.externaltools.gnu-tools-for-stm32.7-2018-q2-update.win32_1.5.0.202011040924/tools/bin/../lib/gcc/arm-none-eabi/7.3.1/../../../../arm-none-eabi/lib/thumb/v7-m\libc_nano.a(lib_a-memset.o)
 .text.memset   0x0000000000000000       0x10 c:/st/stm32cubeide_1.5.0/stm32cubeide/plugins/com.st.stm32cube.ide.mcu.externaltools.gnu-tools-for-stm32.7-2018-q2-update.win32_1.5.0.202011040924/tools/bin/../lib/gcc/arm-none-eabi/7.3.1/../../../../arm-none-eabi/lib/thumb/v7-m\libc_nano.a(lib_a-memset.o)
 .debug_frame   0x0000000000000000       0x20 c:/st/stm32cubeide_1.5.0/stm32cubeide/plugins/com.st.stm32cube.ide.mcu.externaltools.gnu-tools-for-stm32.7-2018-q2-update.win32_1.5.0.202011040924/tools/bin/../lib/gcc/arm-none-eabi/7.3.1/../../../../arm-none-eabi/lib/thumb/v7-m\libc_nano.a(lib_a-memset.o)
 .ARM.attributes
                0x0000000000000000       0x2d c:/st/stm32cubeide_1.5.0/stm32cubeide/plugins/com.st.stm32cube.ide.mcu.externaltools.gnu-tools-for-stm32.7-2018-q2-update.win32_1.5.0.202011040924/tools/bin/../lib/gcc/arm-none-eabi/7.3.1/../../../../arm-none-eabi/lib/thumb/v7-m\libc_nano.a(lib_a-memset.o)
 .text          0x0000000000000000        0x0 c:/st/stm32cubeide_1.5.0/stm32cubeide/plugins/com.st.stm32cube.ide.mcu.externaltools.gnu-tools-for-stm32.7-2018-q2-update.win32_1.5.0.202011040924/tools/bin/../lib/gcc/arm-none-eabi/7.3.1/thumb/v7-m/crtend.o
 .data          0x0000000000000000        0x0 c:/st/stm32cubeide_1.5.0/stm32cubeide/plugins/com.st.stm32cube.ide.mcu.externaltools.gnu-tools-for-stm32.7-2018-q2-update.win32_1.5.0.202011040924/tools/bin/../lib/gcc/arm-none-eabi/7.3.1/thumb/v7-m/crtend.o
 .bss           0x0000000000000000        0x0 c:/st/stm32cubeide_1.5.0/stm32cubeide/plugins/com.st.stm32cube.ide.mcu.externaltools.gnu-tools-for-stm32.7-2018-q2-update.win32_1.5.0.202011040924/tools/bin/../lib/gcc/arm-none-eabi/7.3.1/thumb/v7-m/crtend.o
 .eh_frame      0x0000000000000000        0x4 c:/st/stm32cubeide_1.5.0/stm32cubeide/plugins/com.st.stm32cube.ide.mcu.externaltools.gnu-tools-for-stm32.7-2018-q2-update.win32_1.5.0.202011040924/tools/bin/../lib/gcc/arm-none-eabi/7.3.1/thumb/v7-m/crtend.o
 .ARM.attributes
                0x0000000000000000       0x2d c:/st/stm32cubeide_1.5.0/stm32cubeide/plugins/com.st.stm32cube.ide.mcu.externaltools.gnu-tools-for-stm32.7-2018-q2-update.win32_1.5.0.202011040924/tools/bin/../lib/gcc/arm-none-eabi/7.3.1/thumb/v7-m/crtend.o
 .text          0x0000000000000000        0x0 c:/st/stm32cubeide_1.5.0/stm32cubeide/plugins/com.st.stm32cube.ide.mcu.externaltools.gnu-tools-for-stm32.7-2018-q2-update.win32_1.5.0.202011040924/tools/bin/../lib/gcc/arm-none-eabi/7.3.1/thumb/v7-m/crtn.o
 .data          0x0000000000000000        0x0 c:/st/stm32cubeide_1.5.0/stm32cubeide/plugins/com.st.stm32cube.ide.mcu.externaltools.gnu-tools-for-stm32.7-2018-q2-update.win32_1.5.0.202011040924/tools/bin/../lib/gcc/arm-none-eabi/7.3.1/thumb/v7-m/crtn.o
 .bss           0x0000000000000000        0x0 c:/st/stm32cubeide_1.5.0/stm32cubeide/plugins/com.st.stm32cube.ide.mcu.externaltools.gnu-tools-for-stm32.7-2018-q2-update.win32_1.5.0.202011040924/tools/bin/../lib/gcc/arm-none-eabi/7.3.1/thumb/v7-m/crtn.o

Memory Configuration

Name             Origin             Length             Attributes
RAM              0x0000000020000000 0x0000000000005000 xrw
FLASH            0x0000000008000000 0x0000000000010000 xr
*default*        0x0000000000000000 0xffffffffffffffff

Linker script and memory map

LOAD c:/st/stm32cubeide_1.5.0/stm32cubeide/plugins/com.st.stm32cube.ide.mcu.externaltools.gnu-tools-for-stm32.7-2018-q2-update.win32_1.5.0.202011040924/tools/bin/../lib/gcc/arm-none-eabi/7.3.1/thumb/v7-m/crti.o
LOAD c:/st/stm32cubeide_1.5.0/stm32cubeide/plugins/com.st.stm32cube.ide.mcu.externaltools.gnu-tools-for-stm32.7-2018-q2-update.win32_1.5.0.202011040924/tools/bin/../lib/gcc/arm-none-eabi/7.3.1/thumb/v7-m/crtbegin.o
LOAD c:/st/stm32cubeide_1.5.0/stm32cubeide/plugins/com.st.stm32cube.ide.mcu.externaltools.gnu-tools-for-stm32.7-2018-q2-update.win32_1.5.0.202011040924/tools/bin/../lib/gcc/arm-none-eabi/7.3.1/../../../../arm-none-eabi/lib/thumb/v7-m/crt0.o
LOAD Core/Src/main.o
LOAD Core/Src/stm32f1xx_it.o
LOAD Core/Src/syscalls.o
LOAD Core/Src/sysmem.o
LOAD Core/Src/system_stm32f1xx.o
LOAD Core/Startup/startup_stm32f103c8tx.o
LOAD Drivers/STM32F1xx_HAL_Driver/Src/stm32f1xx_ll_dma.o
LOAD Drivers/STM32F1xx_HAL_Driver/Src/stm32f1xx_ll_exti.o
LOAD Drivers/STM32F1xx_HAL_Driver/Src/stm32f1xx_ll_gpio.o
LOAD Drivers/STM32F1xx_HAL_Driver/Src/stm32f1xx_ll_pwr.o
LOAD Drivers/STM32F1xx_HAL_Driver/Src/stm32f1xx_ll_rcc.o
LOAD Drivers/STM32F1xx_HAL_Driver/Src/stm32f1xx_ll_tim.o
LOAD Drivers/STM32F1xx_HAL_Driver/Src/stm32f1xx_ll_utils.o
START GROUP
LOAD c:/st/stm32cubeide_1.5.0/stm32cubeide/plugins/com.st.stm32cube.ide.mcu.externaltools.gnu-tools-for-stm32.7-2018-q2-update.win32_1.5.0.202011040924/tools/bin/../lib/gcc/arm-none-eabi/7.3.1/../../../../arm-none-eabi/lib/thumb/v7-m\libstdc++_nano.a
LOAD c:/st/stm32cubeide_1.5.0/stm32cubeide/plugins/com.st.stm32cube.ide.mcu.externaltools.gnu-tools-for-stm32.7-2018-q2-update.win32_1.5.0.202011040924/tools/bin/../lib/gcc/arm-none-eabi/7.3.1/../../../../arm-none-eabi/lib/thumb/v7-m\libsupc++_nano.a
END GROUP
LOAD c:/st/stm32cubeide_1.5.0/stm32cubeide/plugins/com.st.stm32cube.ide.mcu.externaltools.gnu-tools-for-stm32.7-2018-q2-update.win32_1.5.0.202011040924/tools/bin/../lib/gcc/arm-none-eabi/7.3.1/../../../../arm-none-eabi/lib/thumb/v7-m\libstdc++_nano.a
LOAD c:/st/stm32cubeide_1.5.0/stm32cubeide/plugins/com.st.stm32cube.ide.mcu.externaltools.gnu-tools-for-stm32.7-2018-q2-update.win32_1.5.0.202011040924/tools/bin/../lib/gcc/arm-none-eabi/7.3.1/../../../../arm-none-eabi/lib/thumb/v7-m\libm.a
LOAD c:/st/stm32cubeide_1.5.0/stm32cubeide/plugins/com.st.stm32cube.ide.mcu.externaltools.gnu-tools-for-stm32.7-2018-q2-update.win32_1.5.0.202011040924/tools/bin/../lib/gcc/arm-none-eabi/7.3.1/../../../../arm-none-eabi/lib/thumb/v7-m\libc_nano.a
START GROUP
LOAD c:/st/stm32cubeide_1.5.0/stm32cubeide/plugins/com.st.stm32cube.ide.mcu.externaltools.gnu-tools-for-stm32.7-2018-q2-update.win32_1.5.0.202011040924/tools/bin/../lib/gcc/arm-none-eabi/7.3.1/thumb/v7-m\libgcc.a
LOAD c:/st/stm32cubeide_1.5.0/stm32cubeide/plugins/com.st.stm32cube.ide.mcu.externaltools.gnu-tools-for-stm32.7-2018-q2-update.win32_1.5.0.202011040924/tools/bin/../lib/gcc/arm-none-eabi/7.3.1/../../../../arm-none-eabi/lib/thumb/v7-m\libc_nano.a
END GROUP
START GROUP
LOAD c:/st/stm32cubeide_1.5.0/stm32cubeide/plugins/com.st.stm32cube.ide.mcu.externaltools.gnu-tools-for-stm32.7-2018-q2-update.win32_1.5.0.202011040924/tools/bin/../lib/gcc/arm-none-eabi/7.3.1/thumb/v7-m\libgcc.a
LOAD c:/st/stm32cubeide_1.5.0/stm32cubeide/plugins/com.st.stm32cube.ide.mcu.externaltools.gnu-tools-for-stm32.7-2018-q2-update.win32_1.5.0.202011040924/tools/bin/../lib/gcc/arm-none-eabi/7.3.1/../../../../arm-none-eabi/lib/thumb/v7-m\libc_nano.a
LOAD c:/st/stm32cubeide_1.5.0/stm32cubeide/plugins/com.st.stm32cube.ide.mcu.externaltools.gnu-tools-for-stm32.7-2018-q2-update.win32_1.5.0.202011040924/tools/bin/../lib/gcc/arm-none-eabi/7.3.1/../../../../arm-none-eabi/lib/thumb/v7-m\libnosys.a
END GROUP
START GROUP
LOAD c:/st/stm32cubeide_1.5.0/stm32cubeide/plugins/com.st.stm32cube.ide.mcu.externaltools.gnu-tools-for-stm32.7-2018-q2-update.win32_1.5.0.202011040924/tools/bin/../lib/gcc/arm-none-eabi/7.3.1/thumb/v7-m\libgcc.a
LOAD c:/st/stm32cubeide_1.5.0/stm32cubeide/plugins/com.st.stm32cube.ide.mcu.externaltools.gnu-tools-for-stm32.7-2018-q2-update.win32_1.5.0.202011040924/tools/bin/../lib/gcc/arm-none-eabi/7.3.1/../../../../arm-none-eabi/lib/thumb/v7-m\libc_nano.a
LOAD c:/st/stm32cubeide_1.5.0/stm32cubeide/plugins/com.st.stm32cube.ide.mcu.externaltools.gnu-tools-for-stm32.7-2018-q2-update.win32_1.5.0.202011040924/tools/bin/../lib/gcc/arm-none-eabi/7.3.1/../../../../arm-none-eabi/lib/thumb/v7-m\libnosys.a
END GROUP
LOAD c:/st/stm32cubeide_1.5.0/stm32cubeide/plugins/com.st.stm32cube.ide.mcu.externaltools.gnu-tools-for-stm32.7-2018-q2-update.win32_1.5.0.202011040924/tools/bin/../lib/gcc/arm-none-eabi/7.3.1/thumb/v7-m/crtend.o
LOAD c:/st/stm32cubeide_1.5.0/stm32cubeide/plugins/com.st.stm32cube.ide.mcu.externaltools.gnu-tools-for-stm32.7-2018-q2-update.win32_1.5.0.202011040924/tools/bin/../lib/gcc/arm-none-eabi/7.3.1/thumb/v7-m/crtn.o
                0x0000000020005000                _estack = (ORIGIN (RAM) + LENGTH (RAM))
                0x0000000000000200                _Min_Heap_Size = 0x200
                0x0000000000000400                _Min_Stack_Size = 0x400

.isr_vector     0x0000000008000000      0x10c
                0x0000000008000000                . = ALIGN (0x4)
 *(.isr_vector)
 .isr_vector    0x0000000008000000      0x10c Core/Startup/startup_stm32f103c8tx.o
                0x0000000008000000                g_pfnVectors
                0x000000000800010c                . = ALIGN (0x4)

.text           0x000000000800010c     0x1f50
                0x000000000800010c                . = ALIGN (0x4)
 *(.text)
 .text          0x000000000800010c       0x40 c:/st/stm32cubeide_1.5.0/stm32cubeide/plugins/com.st.stm32cube.ide.mcu.externaltools.gnu-tools-for-stm32.7-2018-q2-update.win32_1.5.0.202011040924/tools/bin/../lib/gcc/arm-none-eabi/7.3.1/thumb/v7-m/crtbegin.o
 .text          0x000000000800014c      0x848 Core/Src/main.o
                0x0000000008000710                main
                0x0000000008000778                SystemClock_Config
                0x000000000800098c                Error_Handler
 .text          0x0000000008000994       0xc4 Core/Src/stm32f1xx_it.o
                0x00000000080009ae                NMI_Handler
                0x00000000080009b4                HardFault_Handler
                0x00000000080009ba                MemManage_Handler
                0x00000000080009c0                BusFault_Handler
                0x00000000080009c6                UsageFault_Handler
                0x00000000080009cc                SVC_Handler
                0x00000000080009d8                DebugMon_Handler
                0x00000000080009e4                PendSV_Handler
                0x00000000080009f0                SysTick_Handler
                0x00000000080009fc                TIM1_UP_IRQHandler
                0x0000000008000a4c                TIM2_IRQHandler
 .text          0x0000000008000a58       0xe4 Core/Src/system_stm32f1xx.o
                0x0000000008000a58                SystemInit
                0x0000000008000a64                SystemCoreClockUpdate
 .text          0x0000000008000b3c      0x34c Drivers/STM32F1xx_HAL_Driver/Src/stm32f1xx_ll_gpio.o
                0x0000000008000cf4                LL_GPIO_DeInit
                0x0000000008000d90                LL_GPIO_Init
                0x0000000008000e54                LL_GPIO_StructInit
 .text          0x0000000008000e88      0xba0 Drivers/STM32F1xx_HAL_Driver/Src/stm32f1xx_ll_tim.o
                0x0000000008001010                LL_TIM_DeInit
                0x0000000008001094                LL_TIM_StructInit
                0x00000000080010c6                LL_TIM_Init
                0x0000000008001180                LL_TIM_OC_StructInit
                0x00000000080011c2                LL_TIM_OC_Init
                0x0000000008001232                LL_TIM_IC_StructInit
                0x000000000800125e                LL_TIM_IC_Init
                0x00000000080012ce                LL_TIM_ENCODER_StructInit
                0x000000000800131a                LL_TIM_ENCODER_Init
                0x00000000080013dc                LL_TIM_HALLSENSOR_StructInit
                0x0000000008001406                LL_TIM_HALLSENSOR_Init
                0x00000000080014dc                LL_TIM_BDTR_StructInit
                0x0000000008001518                LL_TIM_BDTR_Init
 .text          0x0000000008001a28      0x588 Drivers/STM32F1xx_HAL_Driver/Src/stm32f1xx_ll_utils.o
                0x0000000008001c94                LL_Init1msTick
                0x0000000008001cae                LL_mDelay
                0x0000000008001cf4                LL_SetSystemCoreClock
                0x0000000008001d10                LL_SetFlashLatency
                0x0000000008001d9c                LL_PLL_ConfigSystemClock_HSI
                0x0000000008001e10                LL_PLL_ConfigSystemClock_HSE
 *(.text*)
 .text.Reset_Handler
                0x0000000008001fb0       0x48 Core/Startup/startup_stm32f103c8tx.o
                0x0000000008001fb0                Reset_Handler
 .text.Default_Handler
                0x0000000008001ff8        0x2 Core/Startup/startup_stm32f103c8tx.o
                0x0000000008001ff8                RTC_Alarm_IRQHandler
                0x0000000008001ff8                EXTI2_IRQHandler
                0x0000000008001ff8                TIM1_CC_IRQHandler
                0x0000000008001ff8                PVD_IRQHandler
                0x0000000008001ff8                EXTI3_IRQHandler
                0x0000000008001ff8                EXTI0_IRQHandler
                0x0000000008001ff8                I2C2_EV_IRQHandler
                0x0000000008001ff8                ADC1_2_IRQHandler
                0x0000000008001ff8                SPI1_IRQHandler
                0x0000000008001ff8                TAMPER_IRQHandler
                0x0000000008001ff8                DMA1_Channel4_IRQHandler
                0x0000000008001ff8                USART3_IRQHandler
                0x0000000008001ff8                RTC_IRQHandler
                0x0000000008001ff8                DMA1_Channel7_IRQHandler
                0x0000000008001ff8                CAN1_RX1_IRQHandler
                0x0000000008001ff8                TIM4_IRQHandler
                0x0000000008001ff8                I2C1_EV_IRQHandler
                0x0000000008001ff8                DMA1_Channel6_IRQHandler
                0x0000000008001ff8                TIM3_IRQHandler
                0x0000000008001ff8                RCC_IRQHandler
                0x0000000008001ff8                TIM1_TRG_COM_IRQHandler
                0x0000000008001ff8                DMA1_Channel1_IRQHandler
                0x0000000008001ff8                Default_Handler
                0x0000000008001ff8                EXTI15_10_IRQHandler
                0x0000000008001ff8                EXTI9_5_IRQHandler
                0x0000000008001ff8                SPI2_IRQHandler
                0x0000000008001ff8                DMA1_Channel5_IRQHandler
                0x0000000008001ff8                EXTI4_IRQHandler
                0x0000000008001ff8                USB_LP_CAN1_RX0_IRQHandler
                0x0000000008001ff8                USB_HP_CAN1_TX_IRQHandler
                0x0000000008001ff8                DMA1_Channel3_IRQHandler
                0x0000000008001ff8                WWDG_IRQHandler
                0x0000000008001ff8                TIM1_BRK_IRQHandler
                0x0000000008001ff8                EXTI1_IRQHandler
                0x0000000008001ff8                USART2_IRQHandler
                0x0000000008001ff8                I2C2_ER_IRQHandler
                0x0000000008001ff8                DMA1_Channel2_IRQHandler
                0x0000000008001ff8                CAN1_SCE_IRQHandler
                0x0000000008001ff8                FLASH_IRQHandler
                0x0000000008001ff8                USART1_IRQHandler
                0x0000000008001ff8                I2C1_ER_IRQHandler
                0x0000000008001ff8                USBWakeUp_IRQHandler
 *fill*         0x0000000008001ffa        0x2 
 .text.__libc_init_array
                0x0000000008001ffc       0x48 c:/st/stm32cubeide_1.5.0/stm32cubeide/plugins/com.st.stm32cube.ide.mcu.externaltools.gnu-tools-for-stm32.7-2018-q2-update.win32_1.5.0.202011040924/tools/bin/../lib/gcc/arm-none-eabi/7.3.1/../../../../arm-none-eabi/lib/thumb/v7-m\libc_nano.a(lib_a-init.o)
                0x0000000008001ffc                __libc_init_array
 *(.glue_7)
 .glue_7        0x0000000008002044        0x0 linker stubs
 *(.glue_7t)
 .glue_7t       0x0000000008002044        0x0 linker stubs
 *(.eh_frame)
 .eh_frame      0x0000000008002044        0x0 c:/st/stm32cubeide_1.5.0/stm32cubeide/plugins/com.st.stm32cube.ide.mcu.externaltools.gnu-tools-for-stm32.7-2018-q2-update.win32_1.5.0.202011040924/tools/bin/../lib/gcc/arm-none-eabi/7.3.1/thumb/v7-m/crtbegin.o
 *(.init)
 .init          0x0000000008002044        0x4 c:/st/stm32cubeide_1.5.0/stm32cubeide/plugins/com.st.stm32cube.ide.mcu.externaltools.gnu-tools-for-stm32.7-2018-q2-update.win32_1.5.0.202011040924/tools/bin/../lib/gcc/arm-none-eabi/7.3.1/thumb/v7-m/crti.o
                0x0000000008002044                _init
 .init          0x0000000008002048        0x8 c:/st/stm32cubeide_1.5.0/stm32cubeide/plugins/com.st.stm32cube.ide.mcu.externaltools.gnu-tools-for-stm32.7-2018-q2-update.win32_1.5.0.202011040924/tools/bin/../lib/gcc/arm-none-eabi/7.3.1/thumb/v7-m/crtn.o
 *(.fini)
 .fini          0x0000000008002050        0x4 c:/st/stm32cubeide_1.5.0/stm32cubeide/plugins/com.st.stm32cube.ide.mcu.externaltools.gnu-tools-for-stm32.7-2018-q2-update.win32_1.5.0.202011040924/tools/bin/../lib/gcc/arm-none-eabi/7.3.1/thumb/v7-m/crti.o
                0x0000000008002050                _fini
 .fini          0x0000000008002054        0x8 c:/st/stm32cubeide_1.5.0/stm32cubeide/plugins/com.st.stm32cube.ide.mcu.externaltools.gnu-tools-for-stm32.7-2018-q2-update.win32_1.5.0.202011040924/tools/bin/../lib/gcc/arm-none-eabi/7.3.1/thumb/v7-m/crtn.o
                0x000000000800205c                . = ALIGN (0x4)
                0x000000000800205c                _etext = .

.vfp11_veneer   0x000000000800205c        0x0
 .vfp11_veneer  0x000000000800205c        0x0 linker stubs

.v4_bx          0x000000000800205c        0x0
 .v4_bx         0x000000000800205c        0x0 linker stubs

.iplt           0x000000000800205c        0x0
 .iplt          0x000000000800205c        0x0 c:/st/stm32cubeide_1.5.0/stm32cubeide/plugins/com.st.stm32cube.ide.mcu.externaltools.gnu-tools-for-stm32.7-2018-q2-update.win32_1.5.0.202011040924/tools/bin/../lib/gcc/arm-none-eabi/7.3.1/thumb/v7-m/crtbegin.o

.rodata         0x000000000800205c       0x10
                0x000000000800205c                . = ALIGN (0x4)
 *(.rodata)
 *(.rodata*)
 .rodata.AHBPrescTable
                0x000000000800205c       0x10 Core/Src/system_stm32f1xx.o
                0x000000000800205c                AHBPrescTable
                0x000000000800206c                . = ALIGN (0x4)

.rel.dyn        0x000000000800206c        0x0
 .rel.iplt      0x000000000800206c        0x0 c:/st/stm32cubeide_1.5.0/stm32cubeide/plugins/com.st.stm32cube.ide.mcu.externaltools.gnu-tools-for-stm32.7-2018-q2-update.win32_1.5.0.202011040924/tools/bin/../lib/gcc/arm-none-eabi/7.3.1/thumb/v7-m/crtbegin.o

.ARM.extab      0x000000000800206c        0x0
                0x000000000800206c                . = ALIGN (0x4)
 *(.ARM.extab* .gnu.linkonce.armextab.*)
                0x000000000800206c                . = ALIGN (0x4)

.ARM            0x000000000800206c        0x0
                0x000000000800206c                . = ALIGN (0x4)
                0x000000000800206c                __exidx_start = .
 *(.ARM.exidx*)
                0x000000000800206c                __exidx_end = .
                0x000000000800206c                . = ALIGN (0x4)

.preinit_array  0x000000000800206c        0x0
                0x000000000800206c                . = ALIGN (0x4)
                0x000000000800206c                PROVIDE (__preinit_array_start = .)
 *(.preinit_array*)
                0x000000000800206c                PROVIDE (__preinit_array_end = .)
                0x000000000800206c                . = ALIGN (0x4)

.init_array     0x000000000800206c        0x4
                0x000000000800206c                . = ALIGN (0x4)
                0x000000000800206c                PROVIDE (__init_array_start = .)
 *(SORT_BY_NAME(.init_array.*))
 *(.init_array*)
 .init_array    0x000000000800206c        0x4 c:/st/stm32cubeide_1.5.0/stm32cubeide/plugins/com.st.stm32cube.ide.mcu.externaltools.gnu-tools-for-stm32.7-2018-q2-update.win32_1.5.0.202011040924/tools/bin/../lib/gcc/arm-none-eabi/7.3.1/thumb/v7-m/crtbegin.o
                0x0000000008002070                PROVIDE (__init_array_end = .)
                0x0000000008002070                . = ALIGN (0x4)

.fini_array     0x0000000008002070        0x4
                0x0000000008002070                . = ALIGN (0x4)
                [!provide]                        PROVIDE (__fini_array_start = .)
 *(SORT_BY_NAME(.fini_array.*))
 *(.fini_array*)
 .fini_array    0x0000000008002070        0x4 c:/st/stm32cubeide_1.5.0/stm32cubeide/plugins/com.st.stm32cube.ide.mcu.externaltools.gnu-tools-for-stm32.7-2018-q2-update.win32_1.5.0.202011040924/tools/bin/../lib/gcc/arm-none-eabi/7.3.1/thumb/v7-m/crtbegin.o
                [!provide]                        PROVIDE (__fini_array_end = .)
                0x0000000008002074                . = ALIGN (0x4)
                0x0000000008002074                _sidata = LOADADDR (.data)

.data           0x0000000020000000      0x114 load address 0x0000000008002074
                0x0000000020000000                . = ALIGN (0x4)
                0x0000000020000000                _sdata = .
 *(.data)
 *(.data*)
 .data.array    0x0000000020000000      0x110 Core/Src/main.o
                0x0000000020000000                array
 .data.SystemCoreClock
                0x0000000020000110        0x4 Core/Src/system_stm32f1xx.o
                0x0000000020000110                SystemCoreClock
 *(.RamFunc)
 *(.RamFunc*)
                0x0000000020000114                . = ALIGN (0x4)
                0x0000000020000114                _edata = .

.igot.plt       0x0000000020000114        0x0 load address 0x0000000008002188
 .igot.plt      0x0000000020000114        0x0 c:/st/stm32cubeide_1.5.0/stm32cubeide/plugins/com.st.stm32cube.ide.mcu.externaltools.gnu-tools-for-stm32.7-2018-q2-update.win32_1.5.0.202011040924/tools/bin/../lib/gcc/arm-none-eabi/7.3.1/thumb/v7-m/crtbegin.o
                0x0000000020000114                . = ALIGN (0x4)

.bss            0x0000000020000114       0x30 load address 0x0000000008002188
                0x0000000020000114                _sbss = .
                0x0000000020000114                __bss_start__ = _sbss
 *(.bss)
 .bss           0x0000000020000114       0x1c c:/st/stm32cubeide_1.5.0/stm32cubeide/plugins/com.st.stm32cube.ide.mcu.externaltools.gnu-tools-for-stm32.7-2018-q2-update.win32_1.5.0.202011040924/tools/bin/../lib/gcc/arm-none-eabi/7.3.1/thumb/v7-m/crtbegin.o
 *(.bss*)
 *(COMMON)
 COMMON         0x0000000020000130       0x14 Core/Src/main.o
                0x0000000020000130                repeat
                0x0000000020000132                countSend
                0x0000000020000134                processed
                0x0000000020000138                new_time
                0x000000002000013c                new_state
                0x0000000020000140                new_prescale
                0x0000000020000142                new_repeat
                0x0000000020000144                . = ALIGN (0x4)
                0x0000000020000144                _ebss = .
                0x0000000020000144                __bss_end__ = _ebss

._user_heap_stack
                0x0000000020000144      0x604 load address 0x0000000008002188
                0x0000000020000148                . = ALIGN (0x8)
 *fill*         0x0000000020000144        0x4 
                [!provide]                        PROVIDE (end = .)
                0x0000000020000148                PROVIDE (_end = .)
                0x0000000020000348                . = (. + _Min_Heap_Size)
 *fill*         0x0000000020000148      0x200 
                0x0000000020000748                . = (. + _Min_Stack_Size)
 *fill*         0x0000000020000348      0x400 
                0x0000000020000748                . = ALIGN (0x8)

/DISCARD/
 libc.a(*)
 libm.a(*)
 libgcc.a(*)

.ARM.attributes
                0x0000000000000000       0x29
 *(.ARM.attributes)
 .ARM.attributes
                0x0000000000000000       0x1d c:/st/stm32cubeide_1.5.0/stm32cubeide/plugins/com.st.stm32cube.ide.mcu.externaltools.gnu-tools-for-stm32.7-2018-q2-update.win32_1.5.0.202011040924/tools/bin/../lib/gcc/arm-none-eabi/7.3.1/thumb/v7-m/crti.o
 .ARM.attributes
                0x000000000000001d       0x2d c:/st/stm32cubeide_1.5.0/stm32cubeide/plugins/com.st.stm32cube.ide.mcu.externaltools.gnu-tools-for-stm32.7-2018-q2-update.win32_1.5.0.202011040924/tools/bin/../lib/gcc/arm-none-eabi/7.3.1/thumb/v7-m/crtbegin.o
 .ARM.attributes
                0x000000000000004a       0x33 Core/Src/main.o
 .ARM.attributes
                0x000000000000007d       0x33 Core/Src/stm32f1xx_it.o
 .ARM.attributes
                0x00000000000000b0       0x33 Core/Src/system_stm32f1xx.o
 .ARM.attributes
                0x00000000000000e3       0x21 Core/Startup/startup_stm32f103c8tx.o
 .ARM.attributes
                0x0000000000000104       0x33 Drivers/STM32F1xx_HAL_Driver/Src/stm32f1xx_ll_gpio.o
 .ARM.attributes
                0x0000000000000137       0x33 Drivers/STM32F1xx_HAL_Driver/Src/stm32f1xx_ll_tim.o
 .ARM.attributes
                0x000000000000016a       0x33 Drivers/STM32F1xx_HAL_Driver/Src/stm32f1xx_ll_utils.o
 .ARM.attributes
                0x000000000000019d       0x2d c:/st/stm32cubeide_1.5.0/stm32cubeide/plugins/com.st.stm32cube.ide.mcu.externaltools.gnu-tools-for-stm32.7-2018-q2-update.win32_1.5.0.202011040924/tools/bin/../lib/gcc/arm-none-eabi/7.3.1/../../../../arm-none-eabi/lib/thumb/v7-m\libc_nano.a(lib_a-init.o)
 .ARM.attributes
                0x00000000000001ca       0x1d c:/st/stm32cubeide_1.5.0/stm32cubeide/plugins/com.st.stm32cube.ide.mcu.externaltools.gnu-tools-for-stm32.7-2018-q2-update.win32_1.5.0.202011040924/tools/bin/../lib/gcc/arm-none-eabi/7.3.1/thumb/v7-m/crtn.o
OUTPUT(Gen.elf elf32-littlearm)

.debug_info     0x0000000000000000     0x32be
 .debug_info    0x0000000000000000      0xfed Core/Src/main.o
 .debug_info    0x0000000000000fed      0x473 Core/Src/stm32f1xx_it.o
 .debug_info    0x0000000000001460      0x241 Core/Src/system_stm32f1xx.o
 .debug_info    0x00000000000016a1       0x22 Core/Startup/startup_stm32f103c8tx.o
 .debug_info    0x00000000000016c3      0x670 Drivers/STM32F1xx_HAL_Driver/Src/stm32f1xx_ll_gpio.o
 .debug_info    0x0000000000001d33      0xdfa Drivers/STM32F1xx_HAL_Driver/Src/stm32f1xx_ll_tim.o
 .debug_info    0x0000000000002b2d      0x791 Drivers/STM32F1xx_HAL_Driver/Src/stm32f1xx_ll_utils.o

.debug_abbrev   0x0000000000000000      0xb3d
 .debug_abbrev  0x0000000000000000      0x298 Core/Src/main.o
 .debug_abbrev  0x0000000000000298      0x123 Core/Src/stm32f1xx_it.o
 .debug_abbrev  0x00000000000003bb      0x134 Core/Src/system_stm32f1xx.o
 .debug_abbrev  0x00000000000004ef       0x12 Core/Startup/startup_stm32f103c8tx.o
 .debug_abbrev  0x0000000000000501      0x210 Drivers/STM32F1xx_HAL_Driver/Src/stm32f1xx_ll_gpio.o
 .debug_abbrev  0x0000000000000711      0x1ff Drivers/STM32F1xx_HAL_Driver/Src/stm32f1xx_ll_tim.o
 .debug_abbrev  0x0000000000000910      0x22d Drivers/STM32F1xx_HAL_Driver/Src/stm32f1xx_ll_utils.o

.debug_aranges  0x0000000000000000       0xe8
 .debug_aranges
                0x0000000000000000       0x20 Core/Src/main.o
 .debug_aranges
                0x0000000000000020       0x20 Core/Src/stm32f1xx_it.o
 .debug_aranges
                0x0000000000000040       0x20 Core/Src/system_stm32f1xx.o
 .debug_aranges
                0x0000000000000060       0x28 Core/Startup/startup_stm32f103c8tx.o
 .debug_aranges
                0x0000000000000088       0x20 Drivers/STM32F1xx_HAL_Driver/Src/stm32f1xx_ll_gpio.o
 .debug_aranges
                0x00000000000000a8       0x20 Drivers/STM32F1xx_HAL_Driver/Src/stm32f1xx_ll_tim.o
 .debug_aranges
                0x00000000000000c8       0x20 Drivers/STM32F1xx_HAL_Driver/Src/stm32f1xx_ll_utils.o

.debug_macro    0x0000000000000000    0x11c57
 .debug_macro   0x0000000000000000      0x131 Core/Src/main.o
 .debug_macro   0x0000000000000131      0xa8a Core/Src/main.o
 .debug_macro   0x0000000000000bbb       0x2e Core/Src/main.o
 .debug_macro   0x0000000000000be9       0x22 Core/Src/main.o
 .debug_macro   0x0000000000000c0b       0x22 Core/Src/main.o
 .debug_macro   0x0000000000000c2d       0x8e Core/Src/main.o
 .debug_macro   0x0000000000000cbb       0x51 Core/Src/main.o
 .debug_macro   0x0000000000000d0c       0xef Core/Src/main.o
 .debug_macro   0x0000000000000dfb       0x6a Core/Src/main.o
 .debug_macro   0x0000000000000e65      0x1df Core/Src/main.o
 .debug_macro   0x0000000000001044       0x1c Core/Src/main.o
 .debug_macro   0x0000000000001060       0x22 Core/Src/main.o
 .debug_macro   0x0000000000001082       0xc3 Core/Src/main.o
 .debug_macro   0x0000000000001145      0xd23 Core/Src/main.o
 .debug_macro   0x0000000000001e68     0xe097 Core/Src/main.o
 .debug_macro   0x000000000000feff       0x43 Core/Src/main.o
 .debug_macro   0x000000000000ff42      0x2b8 Core/Src/main.o
 .debug_macro   0x00000000000101fa       0xd7 Core/Src/main.o
 .debug_macro   0x00000000000102d1       0x74 Core/Src/main.o
 .debug_macro   0x0000000000010345       0xd0 Core/Src/main.o
 .debug_macro   0x0000000000010415       0x28 Core/Src/main.o
 .debug_macro   0x000000000001043d       0x2a Core/Src/main.o
 .debug_macro   0x0000000000010467       0x90 Core/Src/main.o
 .debug_macro   0x00000000000104f7      0x287 Core/Src/main.o
 .debug_macro   0x000000000001077e      0x57a Core/Src/main.o
 .debug_macro   0x0000000000010cf8      0x22a Core/Src/main.o
 .debug_macro   0x0000000000010f22       0x3a Core/Src/main.o
 .debug_macro   0x0000000000010f5c      0x135 Core/Src/stm32f1xx_it.o
 .debug_macro   0x0000000000011091       0xbc Core/Src/system_stm32f1xx.o
 .debug_macro   0x000000000001114d       0xf8 Drivers/STM32F1xx_HAL_Driver/Src/stm32f1xx_ll_gpio.o
 .debug_macro   0x0000000000011245      0x224 Drivers/STM32F1xx_HAL_Driver/Src/stm32f1xx_ll_gpio.o
 .debug_macro   0x0000000000011469      0x147 Drivers/STM32F1xx_HAL_Driver/Src/stm32f1xx_ll_tim.o
 .debug_macro   0x00000000000115b0      0x574 Drivers/STM32F1xx_HAL_Driver/Src/stm32f1xx_ll_tim.o
 .debug_macro   0x0000000000011b24      0x133 Drivers/STM32F1xx_HAL_Driver/Src/stm32f1xx_ll_utils.o

.debug_line     0x0000000000000000     0x23aa
 .debug_line    0x0000000000000000      0x6f5 Core/Src/main.o
 .debug_line    0x00000000000006f5      0x5bf Core/Src/stm32f1xx_it.o
 .debug_line    0x0000000000000cb4      0x477 Core/Src/system_stm32f1xx.o
 .debug_line    0x000000000000112b       0x84 Core/Startup/startup_stm32f103c8tx.o
 .debug_line    0x00000000000011af      0x597 Drivers/STM32F1xx_HAL_Driver/Src/stm32f1xx_ll_gpio.o
 .debug_line    0x0000000000001746      0x683 Drivers/STM32F1xx_HAL_Driver/Src/stm32f1xx_ll_tim.o
 .debug_line    0x0000000000001dc9      0x5e1 Drivers/STM32F1xx_HAL_Driver/Src/stm32f1xx_ll_utils.o

.debug_str      0x0000000000000000    0x5de15
 .debug_str     0x0000000000000000    0x5bafd Core/Src/main.o
                                      0x5be7b (size before relaxing)
 .debug_str     0x000000000005bafd       0xe5 Core/Src/stm32f1xx_it.o
                                      0x5b6c0 (size before relaxing)
 .debug_str     0x000000000005bbe2       0x58 Core/Src/system_stm32f1xx.o
                                      0x5420f (size before relaxing)
 .debug_str     0x000000000005bc3a       0x36 Core/Startup/startup_stm32f103c8tx.o
                                         0x47 (size before relaxing)
 .debug_str     0x000000000005bc70      0x42c Drivers/STM32F1xx_HAL_Driver/Src/stm32f1xx_ll_gpio.o
                                      0x55b7e (size before relaxing)
 .debug_str     0x000000000005c09c     0x12cb Drivers/STM32F1xx_HAL_Driver/Src/stm32f1xx_ll_tim.o
                                      0x588c3 (size before relaxing)
 .debug_str     0x000000000005d367      0xaae Drivers/STM32F1xx_HAL_Driver/Src/stm32f1xx_ll_utils.o
                                      0x56387 (size before relaxing)

.comment        0x0000000000000000       0x7b
 .comment       0x0000000000000000       0x7b Core/Src/main.o
                                         0x7c (size before relaxing)
 .comment       0x000000000000007b       0x7c Core/Src/stm32f1xx_it.o
 .comment       0x000000000000007b       0x7c Core/Src/system_stm32f1xx.o
 .comment       0x000000000000007b       0x7c Drivers/STM32F1xx_HAL_Driver/Src/stm32f1xx_ll_gpio.o
 .comment       0x000000000000007b       0x7c Drivers/STM32F1xx_HAL_Driver/Src/stm32f1xx_ll_tim.o
 .comment       0x000000000000007b       0x7c Drivers/STM32F1xx_HAL_Driver/Src/stm32f1xx_ll_utils.o

.debug_frame    0x0000000000000000     0x11d8
 .debug_frame   0x0000000000000000      0x564 Core/Src/main.o
 .debug_frame   0x0000000000000564      0x16c Core/Src/stm32f1xx_it.o
 .debug_frame   0x00000000000006d0       0x58 Core/Src/system_stm32f1xx.o
 .debug_frame   0x0000000000000728      0x170 Drivers/STM32F1xx_HAL_Driver/Src/stm32f1xx_ll_gpio.o
 .debug_frame   0x0000000000000898      0x538 Drivers/STM32F1xx_HAL_Driver/Src/stm32f1xx_ll_tim.o
 .debug_frame   0x0000000000000dd0      0x3dc Drivers/STM32F1xx_HAL_Driver/Src/stm32f1xx_ll_utils.o
 .debug_frame   0x00000000000011ac       0x2c c:/st/stm32cubeide_1.5.0/stm32cubeide/plugins/com.st.stm32cube.ide.mcu.externaltools.gnu-tools-for-stm32.7-2018-q2-update.win32_1.5.0.202011040924/tools/bin/../lib/gcc/arm-none-eabi/7.3.1/../../../../arm-none-eabi/lib/thumb/v7-m\libc_nano.a(lib_a-init.o)

.debug_ranges   0x0000000000000000       0x20
 .debug_ranges  0x0000000000000000       0x20 Core/Startup/startup_stm32f103c8tx.o
