Archive member included to satisfy reference by file (symbol)

c:/st/stm32cubeide_1.5.0/stm32cubeide/plugins/com.st.stm32cube.ide.mcu.externaltools.gnu-tools-for-stm32.7-2018-q2-update.win32_1.5.0.202011040924/tools/bin/../lib/gcc/arm-none-eabi/7.3.1/../../../../arm-none-eabi/lib/thumb/v7-m\libc_nano.a(lib_a-errno.o)
                              Core/Src/syscalls.o (__errno)
c:/st/stm32cubeide_1.5.0/stm32cubeide/plugins/com.st.stm32cube.ide.mcu.externaltools.gnu-tools-for-stm32.7-2018-q2-update.win32_1.5.0.202011040924/tools/bin/../lib/gcc/arm-none-eabi/7.3.1/../../../../arm-none-eabi/lib/thumb/v7-m\libc_nano.a(lib_a-exit.o)
                              c:/st/stm32cubeide_1.5.0/stm32cubeide/plugins/com.st.stm32cube.ide.mcu.externaltools.gnu-tools-for-stm32.7-2018-q2-update.win32_1.5.0.202011040924/tools/bin/../lib/gcc/arm-none-eabi/7.3.1/../../../../arm-none-eabi/lib/thumb/v7-m/crt0.o (exit)
c:/st/stm32cubeide_1.5.0/stm32cubeide/plugins/com.st.stm32cube.ide.mcu.externaltools.gnu-tools-for-stm32.7-2018-q2-update.win32_1.5.0.202011040924/tools/bin/../lib/gcc/arm-none-eabi/7.3.1/../../../../arm-none-eabi/lib/thumb/v7-m\libc_nano.a(lib_a-impure.o)
                              c:/st/stm32cubeide_1.5.0/stm32cubeide/plugins/com.st.stm32cube.ide.mcu.externaltools.gnu-tools-for-stm32.7-2018-q2-update.win32_1.5.0.202011040924/tools/bin/../lib/gcc/arm-none-eabi/7.3.1/../../../../arm-none-eabi/lib/thumb/v7-m\libc_nano.a(lib_a-exit.o) (_global_impure_ptr)
c:/st/stm32cubeide_1.5.0/stm32cubeide/plugins/com.st.stm32cube.ide.mcu.externaltools.gnu-tools-for-stm32.7-2018-q2-update.win32_1.5.0.202011040924/tools/bin/../lib/gcc/arm-none-eabi/7.3.1/../../../../arm-none-eabi/lib/thumb/v7-m\libc_nano.a(lib_a-init.o)
                              c:/st/stm32cubeide_1.5.0/stm32cubeide/plugins/com.st.stm32cube.ide.mcu.externaltools.gnu-tools-for-stm32.7-2018-q2-update.win32_1.5.0.202011040924/tools/bin/../lib/gcc/arm-none-eabi/7.3.1/../../../../arm-none-eabi/lib/thumb/v7-m/crt0.o (__libc_init_array)
c:/st/stm32cubeide_1.5.0/stm32cubeide/plugins/com.st.stm32cube.ide.mcu.externaltools.gnu-tools-for-stm32.7-2018-q2-update.win32_1.5.0.202011040924/tools/bin/../lib/gcc/arm-none-eabi/7.3.1/../../../../arm-none-eabi/lib/thumb/v7-m\libc_nano.a(lib_a-memset.o)
                              c:/st/stm32cubeide_1.5.0/stm32cubeide/plugins/com.st.stm32cube.ide.mcu.externaltools.gnu-tools-for-stm32.7-2018-q2-update.win32_1.5.0.202011040924/tools/bin/../lib/gcc/arm-none-eabi/7.3.1/../../../../arm-none-eabi/lib/thumb/v7-m/crt0.o (memset)

Allocating common symbols
Common symbol       size              file

repeat              0x1               Core/Src/main.o
countSend           0x2               Core/Src/main.o
processed           0x1               Core/Src/main.o
new_time            0x2               Core/Src/main.o
new_state           0x2               Core/Src/main.o
new_prescale        0x2               Core/Src/main.o
new_repeat          0x2               Core/Src/main.o

Discarded input sections

 .text          0x0000000000000000        0x0 c:/st/stm32cubeide_1.5.0/stm32cubeide/plugins/com.st.stm32cube.ide.mcu.externaltools.gnu-tools-for-stm32.7-2018-q2-update.win32_1.5.0.202011040924/tools/bin/../lib/gcc/arm-none-eabi/7.3.1/thumb/v7-m/crti.o
 .data          0x0000000000000000        0x0 c:/st/stm32cubeide_1.5.0/stm32cubeide/plugins/com.st.stm32cube.ide.mcu.externaltools.gnu-tools-for-stm32.7-2018-q2-update.win32_1.5.0.202011040924/tools/bin/../lib/gcc/arm-none-eabi/7.3.1/thumb/v7-m/crti.o
 .bss           0x0000000000000000        0x0 c:/st/stm32cubeide_1.5.0/stm32cubeide/plugins/com.st.stm32cube.ide.mcu.externaltools.gnu-tools-for-stm32.7-2018-q2-update.win32_1.5.0.202011040924/tools/bin/../lib/gcc/arm-none-eabi/7.3.1/thumb/v7-m/crti.o
 .data          0x0000000000000000        0x4 c:/st/stm32cubeide_1.5.0/stm32cubeide/plugins/com.st.stm32cube.ide.mcu.externaltools.gnu-tools-for-stm32.7-2018-q2-update.win32_1.5.0.202011040924/tools/bin/../lib/gcc/arm-none-eabi/7.3.1/thumb/v7-m/crtbegin.o
 .text          0x0000000000000000       0x74 c:/st/stm32cubeide_1.5.0/stm32cubeide/plugins/com.st.stm32cube.ide.mcu.externaltools.gnu-tools-for-stm32.7-2018-q2-update.win32_1.5.0.202011040924/tools/bin/../lib/gcc/arm-none-eabi/7.3.1/../../../../arm-none-eabi/lib/thumb/v7-m/crt0.o
 .data          0x0000000000000000        0x0 c:/st/stm32cubeide_1.5.0/stm32cubeide/plugins/com.st.stm32cube.ide.mcu.externaltools.gnu-tools-for-stm32.7-2018-q2-update.win32_1.5.0.202011040924/tools/bin/../lib/gcc/arm-none-eabi/7.3.1/../../../../arm-none-eabi/lib/thumb/v7-m/crt0.o
 .bss           0x0000000000000000        0x0 c:/st/stm32cubeide_1.5.0/stm32cubeide/plugins/com.st.stm32cube.ide.mcu.externaltools.gnu-tools-for-stm32.7-2018-q2-update.win32_1.5.0.202011040924/tools/bin/../lib/gcc/arm-none-eabi/7.3.1/../../../../arm-none-eabi/lib/thumb/v7-m/crt0.o
 .ARM.extab     0x0000000000000000        0x0 c:/st/stm32cubeide_1.5.0/stm32cubeide/plugins/com.st.stm32cube.ide.mcu.externaltools.gnu-tools-for-stm32.7-2018-q2-update.win32_1.5.0.202011040924/tools/bin/../lib/gcc/arm-none-eabi/7.3.1/../../../../arm-none-eabi/lib/thumb/v7-m/crt0.o
 .ARM.exidx     0x0000000000000000        0x8 c:/st/stm32cubeide_1.5.0/stm32cubeide/plugins/com.st.stm32cube.ide.mcu.externaltools.gnu-tools-for-stm32.7-2018-q2-update.win32_1.5.0.202011040924/tools/bin/../lib/gcc/arm-none-eabi/7.3.1/../../../../arm-none-eabi/lib/thumb/v7-m/crt0.o
 .ARM.attributes
                0x0000000000000000       0x1b c:/st/stm32cubeide_1.5.0/stm32cubeide/plugins/com.st.stm32cube.ide.mcu.externaltools.gnu-tools-for-stm32.7-2018-q2-update.win32_1.5.0.202011040924/tools/bin/../lib/gcc/arm-none-eabi/7.3.1/../../../../arm-none-eabi/lib/thumb/v7-m/crt0.o
 .group         0x0000000000000000        0xc Core/Src/main.o
 .group         0x0000000000000000        0xc Core/Src/main.o
 .group         0x0000000000000000        0xc Core/Src/main.o
 .group         0x0000000000000000        0xc Core/Src/main.o
 .group         0x0000000000000000        0xc Core/Src/main.o
 .group         0x0000000000000000        0xc Core/Src/main.o
 .group         0x0000000000000000        0xc Core/Src/main.o
 .group         0x0000000000000000        0xc Core/Src/main.o
 .group         0x0000000000000000        0xc Core/Src/main.o
 .group         0x0000000000000000        0xc Core/Src/main.o
 .group         0x0000000000000000        0xc Core/Src/main.o
 .group         0x0000000000000000        0xc Core/Src/main.o
 .group         0x0000000000000000        0xc Core/Src/main.o
 .group         0x0000000000000000        0xc Core/Src/main.o
 .group         0x0000000000000000        0xc Core/Src/main.o
 .group         0x0000000000000000        0xc Core/Src/main.o
 .group         0x0000000000000000        0xc Core/Src/main.o
 .group         0x0000000000000000        0xc Core/Src/main.o
 .group         0x0000000000000000        0xc Core/Src/main.o
 .group         0x0000000000000000        0xc Core/Src/main.o
 .group         0x0000000000000000        0xc Core/Src/main.o
 .group         0x0000000000000000        0xc Core/Src/main.o
 .group         0x0000000000000000        0xc Core/Src/main.o
 .group         0x0000000000000000        0xc Core/Src/main.o
 .group         0x0000000000000000        0xc Core/Src/main.o
 .group         0x0000000000000000        0xc Core/Src/main.o
 .group         0x0000000000000000        0xc Core/Src/main.o
 .data          0x0000000000000000        0x0 Core/Src/main.o
 .bss           0x0000000000000000        0x0 Core/Src/main.o
 .group         0x0000000000000000        0xc Core/Src/stm32f1xx_it.o
 .group         0x0000000000000000        0xc Core/Src/stm32f1xx_it.o
 .group         0x0000000000000000        0xc Core/Src/stm32f1xx_it.o
 .group         0x0000000000000000        0xc Core/Src/stm32f1xx_it.o
 .group         0x0000000000000000        0xc Core/Src/stm32f1xx_it.o
 .group         0x0000000000000000        0xc Core/Src/stm32f1xx_it.o
 .group         0x0000000000000000        0xc Core/Src/stm32f1xx_it.o
 .group         0x0000000000000000        0xc Core/Src/stm32f1xx_it.o
 .group         0x0000000000000000        0xc Core/Src/stm32f1xx_it.o
 .group         0x0000000000000000        0xc Core/Src/stm32f1xx_it.o
 .group         0x0000000000000000        0xc Core/Src/stm32f1xx_it.o
 .group         0x0000000000000000        0xc Core/Src/stm32f1xx_it.o
 .group         0x0000000000000000        0xc Core/Src/stm32f1xx_it.o
 .group         0x0000000000000000        0xc Core/Src/stm32f1xx_it.o
 .group         0x0000000000000000        0xc Core/Src/stm32f1xx_it.o
 .group         0x0000000000000000        0xc Core/Src/stm32f1xx_it.o
 .group         0x0000000000000000        0xc Core/Src/stm32f1xx_it.o
 .group         0x0000000000000000        0xc Core/Src/stm32f1xx_it.o
 .group         0x0000000000000000        0xc Core/Src/stm32f1xx_it.o
 .group         0x0000000000000000        0xc Core/Src/stm32f1xx_it.o
 .group         0x0000000000000000        0xc Core/Src/stm32f1xx_it.o
 .group         0x0000000000000000        0xc Core/Src/stm32f1xx_it.o
 .group         0x0000000000000000        0xc Core/Src/stm32f1xx_it.o
 .group         0x0000000000000000        0xc Core/Src/stm32f1xx_it.o
 .group         0x0000000000000000        0xc Core/Src/stm32f1xx_it.o
 .group         0x0000000000000000        0xc Core/Src/stm32f1xx_it.o
 .group         0x0000000000000000        0xc Core/Src/stm32f1xx_it.o
 .data          0x0000000000000000        0x0 Core/Src/stm32f1xx_it.o
 .bss           0x0000000000000000        0x0 Core/Src/stm32f1xx_it.o
 .debug_macro   0x0000000000000000      0xa96 Core/Src/stm32f1xx_it.o
 .debug_macro   0x0000000000000000       0x2e Core/Src/stm32f1xx_it.o
 .debug_macro   0x0000000000000000       0x22 Core/Src/stm32f1xx_it.o
 .debug_macro   0x0000000000000000       0x22 Core/Src/stm32f1xx_it.o
 .debug_macro   0x0000000000000000       0x8e Core/Src/stm32f1xx_it.o
 .debug_macro   0x0000000000000000       0x51 Core/Src/stm32f1xx_it.o
 .debug_macro   0x0000000000000000       0xef Core/Src/stm32f1xx_it.o
 .debug_macro   0x0000000000000000       0x6a Core/Src/stm32f1xx_it.o
 .debug_macro   0x0000000000000000      0x1df Core/Src/stm32f1xx_it.o
 .debug_macro   0x0000000000000000       0x1c Core/Src/stm32f1xx_it.o
 .debug_macro   0x0000000000000000       0x22 Core/Src/stm32f1xx_it.o
 .debug_macro   0x0000000000000000       0xc3 Core/Src/stm32f1xx_it.o
 .debug_macro   0x0000000000000000      0xd23 Core/Src/stm32f1xx_it.o
 .debug_macro   0x0000000000000000     0xe097 Core/Src/stm32f1xx_it.o
 .debug_macro   0x0000000000000000       0x43 Core/Src/stm32f1xx_it.o
 .debug_macro   0x0000000000000000      0x2b8 Core/Src/stm32f1xx_it.o
 .debug_macro   0x0000000000000000       0xd7 Core/Src/stm32f1xx_it.o
 .debug_macro   0x0000000000000000       0x74 Core/Src/stm32f1xx_it.o
 .debug_macro   0x0000000000000000       0xd0 Core/Src/stm32f1xx_it.o
 .debug_macro   0x0000000000000000       0x28 Core/Src/stm32f1xx_it.o
 .debug_macro   0x0000000000000000       0x2a Core/Src/stm32f1xx_it.o
 .debug_macro   0x0000000000000000       0x90 Core/Src/stm32f1xx_it.o
 .debug_macro   0x0000000000000000      0x287 Core/Src/stm32f1xx_it.o
 .debug_macro   0x0000000000000000      0x57a Core/Src/stm32f1xx_it.o
 .debug_macro   0x0000000000000000      0x22a Core/Src/stm32f1xx_it.o
 .debug_macro   0x0000000000000000       0x22 Core/Src/stm32f1xx_it.o
 .debug_macro   0x0000000000000000       0x3a Core/Src/stm32f1xx_it.o
 .group         0x0000000000000000        0xc Core/Src/syscalls.o
 .group         0x0000000000000000        0xc Core/Src/syscalls.o
 .group         0x0000000000000000        0xc Core/Src/syscalls.o
 .group         0x0000000000000000        0xc Core/Src/syscalls.o
 .group         0x0000000000000000        0xc Core/Src/syscalls.o
 .group         0x0000000000000000        0xc Core/Src/syscalls.o
 .group         0x0000000000000000        0xc Core/Src/syscalls.o
 .group         0x0000000000000000        0xc Core/Src/syscalls.o
 .group         0x0000000000000000        0xc Core/Src/syscalls.o
 .group         0x0000000000000000        0xc Core/Src/syscalls.o
 .group         0x0000000000000000        0xc Core/Src/syscalls.o
 .group         0x0000000000000000        0xc Core/Src/syscalls.o
 .group         0x0000000000000000        0xc Core/Src/syscalls.o
 .group         0x0000000000000000        0xc Core/Src/syscalls.o
 .group         0x0000000000000000        0xc Core/Src/syscalls.o
 .group         0x0000000000000000        0xc Core/Src/syscalls.o
 .group         0x0000000000000000        0xc Core/Src/syscalls.o
 .group         0x0000000000000000        0xc Core/Src/syscalls.o
 .group         0x0000000000000000        0xc Core/Src/syscalls.o
 .group         0x0000000000000000        0xc Core/Src/syscalls.o
 .group         0x0000000000000000        0xc Core/Src/syscalls.o
 .group         0x0000000000000000        0xc Core/Src/syscalls.o
 .group         0x0000000000000000        0xc Core/Src/syscalls.o
 .group         0x0000000000000000        0xc Core/Src/syscalls.o
 .group         0x0000000000000000        0xc Core/Src/syscalls.o
 .group         0x0000000000000000        0xc Core/Src/syscalls.o
 .group         0x0000000000000000        0xc Core/Src/syscalls.o
 .group         0x0000000000000000        0xc Core/Src/syscalls.o
 .group         0x0000000000000000        0xc Core/Src/syscalls.o
 .group         0x0000000000000000        0xc Core/Src/syscalls.o
 .group         0x0000000000000000        0xc Core/Src/syscalls.o
 .group         0x0000000000000000        0xc Core/Src/syscalls.o
 .group         0x0000000000000000        0xc Core/Src/syscalls.o
 .group         0x0000000000000000        0xc Core/Src/syscalls.o
 .group         0x0000000000000000        0xc Core/Src/syscalls.o
 .group         0x0000000000000000        0xc Core/Src/syscalls.o
 .group         0x0000000000000000        0xc Core/Src/syscalls.o
 .group         0x0000000000000000        0xc Core/Src/syscalls.o
 .group         0x0000000000000000        0xc Core/Src/syscalls.o
 .group         0x0000000000000000        0xc Core/Src/syscalls.o
 .group         0x0000000000000000        0xc Core/Src/syscalls.o
 .group         0x0000000000000000        0xc Core/Src/syscalls.o
 .group         0x0000000000000000        0xc Core/Src/syscalls.o
 .group         0x0000000000000000        0xc Core/Src/syscalls.o
 .text          0x0000000000000000       0xe8 Core/Src/syscalls.o
 .data          0x0000000000000000        0x0 Core/Src/syscalls.o
 .bss           0x0000000000000000        0x0 Core/Src/syscalls.o
 .bss.__env     0x0000000000000000        0x4 Core/Src/syscalls.o
 .data.environ  0x0000000000000000        0x4 Core/Src/syscalls.o
 .debug_info    0x0000000000000000      0xf7d Core/Src/syscalls.o
 .debug_abbrev  0x0000000000000000      0x2ba Core/Src/syscalls.o
 .debug_loc     0x0000000000000000      0x34c Core/Src/syscalls.o
 .debug_aranges
                0x0000000000000000       0x20 Core/Src/syscalls.o
 .debug_macro   0x0000000000000000      0x243 Core/Src/syscalls.o
 .debug_macro   0x0000000000000000      0xa96 Core/Src/syscalls.o
 .debug_macro   0x0000000000000000       0x22 Core/Src/syscalls.o
 .debug_macro   0x0000000000000000       0x40 Core/Src/syscalls.o
 .debug_macro   0x0000000000000000       0x18 Core/Src/syscalls.o
 .debug_macro   0x0000000000000000       0x94 Core/Src/syscalls.o
 .debug_macro   0x0000000000000000       0x3c Core/Src/syscalls.o
 .debug_macro   0x0000000000000000       0x34 Core/Src/syscalls.o
 .debug_macro   0x0000000000000000       0x57 Core/Src/syscalls.o
 .debug_macro   0x0000000000000000      0x174 Core/Src/syscalls.o
 .debug_macro   0x0000000000000000      0x330 Core/Src/syscalls.o
 .debug_macro   0x0000000000000000       0x52 Core/Src/syscalls.o
 .debug_macro   0x0000000000000000       0x1f Core/Src/syscalls.o
 .debug_macro   0x0000000000000000       0x43 Core/Src/syscalls.o
 .debug_macro   0x0000000000000000       0x20 Core/Src/syscalls.o
 .debug_macro   0x0000000000000000      0x1a3 Core/Src/syscalls.o
 .debug_macro   0x0000000000000000       0x10 Core/Src/syscalls.o
 .debug_macro   0x0000000000000000       0x35 Core/Src/syscalls.o
 .debug_macro   0x0000000000000000       0x10 Core/Src/syscalls.o
 .debug_macro   0x0000000000000000       0x10 Core/Src/syscalls.o
 .debug_macro   0x0000000000000000       0x10 Core/Src/syscalls.o
 .debug_macro   0x0000000000000000       0x6a Core/Src/syscalls.o
 .debug_macro   0x0000000000000000       0x1c Core/Src/syscalls.o
 .debug_macro   0x0000000000000000       0x52 Core/Src/syscalls.o
 .debug_macro   0x0000000000000000       0x40 Core/Src/syscalls.o
 .debug_macro   0x0000000000000000       0x10 Core/Src/syscalls.o
 .debug_macro   0x0000000000000000       0x40 Core/Src/syscalls.o
 .debug_macro   0x0000000000000000       0xd7 Core/Src/syscalls.o
 .debug_macro   0x0000000000000000       0x1c Core/Src/syscalls.o
 .debug_macro   0x0000000000000000       0x3d Core/Src/syscalls.o
 .debug_macro   0x0000000000000000       0x35 Core/Src/syscalls.o
 .debug_macro   0x0000000000000000      0x122 Core/Src/syscalls.o
 .debug_macro   0x0000000000000000       0x16 Core/Src/syscalls.o
 .debug_macro   0x0000000000000000       0x16 Core/Src/syscalls.o
 .debug_macro   0x0000000000000000       0x29 Core/Src/syscalls.o
 .debug_macro   0x0000000000000000       0x10 Core/Src/syscalls.o
 .debug_macro   0x0000000000000000      0x241 Core/Src/syscalls.o
 .debug_macro   0x0000000000000000       0x1c Core/Src/syscalls.o
 .debug_macro   0x0000000000000000       0x10 Core/Src/syscalls.o
 .debug_macro   0x0000000000000000       0x10 Core/Src/syscalls.o
 .debug_macro   0x0000000000000000       0x16 Core/Src/syscalls.o
 .debug_macro   0x0000000000000000      0x145 Core/Src/syscalls.o
 .debug_macro   0x0000000000000000      0x189 Core/Src/syscalls.o
 .debug_macro   0x0000000000000000       0x16 Core/Src/syscalls.o
 .debug_macro   0x0000000000000000       0x88 Core/Src/syscalls.o
 .debug_line    0x0000000000000000      0x625 Core/Src/syscalls.o
 .debug_str     0x0000000000000000     0x8917 Core/Src/syscalls.o
 .comment       0x0000000000000000       0x7c Core/Src/syscalls.o
 .debug_frame   0x0000000000000000      0x190 Core/Src/syscalls.o
 .ARM.attributes
                0x0000000000000000       0x2f Core/Src/syscalls.o
 .group         0x0000000000000000        0xc Core/Src/sysmem.o
 .group         0x0000000000000000        0xc Core/Src/sysmem.o
 .group         0x0000000000000000        0xc Core/Src/sysmem.o
 .group         0x0000000000000000        0xc Core/Src/sysmem.o
 .group         0x0000000000000000        0xc Core/Src/sysmem.o
 .group         0x0000000000000000        0xc Core/Src/sysmem.o
 .group         0x0000000000000000        0xc Core/Src/sysmem.o
 .group         0x0000000000000000        0xc Core/Src/sysmem.o
 .group         0x0000000000000000        0xc Core/Src/sysmem.o
 .group         0x0000000000000000        0xc Core/Src/sysmem.o
 .group         0x0000000000000000        0xc Core/Src/sysmem.o
 .group         0x0000000000000000        0xc Core/Src/sysmem.o
 .group         0x0000000000000000        0xc Core/Src/sysmem.o
 .group         0x0000000000000000        0xc Core/Src/sysmem.o
 .group         0x0000000000000000        0xc Core/Src/sysmem.o
 .group         0x0000000000000000        0xc Core/Src/sysmem.o
 .group         0x0000000000000000        0xc Core/Src/sysmem.o
 .group         0x0000000000000000        0xc Core/Src/sysmem.o
 .group         0x0000000000000000        0xc Core/Src/sysmem.o
 .text          0x0000000000000000       0x48 Core/Src/sysmem.o
 .data          0x0000000000000000        0x0 Core/Src/sysmem.o
 .bss           0x0000000000000000        0x0 Core/Src/sysmem.o
 .bss.__sbrk_heap_end
                0x0000000000000000        0x4 Core/Src/sysmem.o
 .debug_info    0x0000000000000000      0x99d Core/Src/sysmem.o
 .debug_abbrev  0x0000000000000000      0x1c6 Core/Src/sysmem.o
 .debug_loc     0x0000000000000000       0x64 Core/Src/sysmem.o
 .debug_aranges
                0x0000000000000000       0x20 Core/Src/sysmem.o
 .debug_macro   0x0000000000000000       0xee Core/Src/sysmem.o
 .debug_macro   0x0000000000000000      0xa96 Core/Src/sysmem.o
 .debug_macro   0x0000000000000000       0x10 Core/Src/sysmem.o
 .debug_macro   0x0000000000000000       0x22 Core/Src/sysmem.o
 .debug_macro   0x0000000000000000       0x40 Core/Src/sysmem.o
 .debug_macro   0x0000000000000000       0x18 Core/Src/sysmem.o
 .debug_macro   0x0000000000000000       0x94 Core/Src/sysmem.o
 .debug_macro   0x0000000000000000       0x3c Core/Src/sysmem.o
 .debug_macro   0x0000000000000000       0x34 Core/Src/sysmem.o
 .debug_macro   0x0000000000000000      0x174 Core/Src/sysmem.o
 .debug_macro   0x0000000000000000       0x57 Core/Src/sysmem.o
 .debug_macro   0x0000000000000000       0x52 Core/Src/sysmem.o
 .debug_macro   0x0000000000000000       0x1f Core/Src/sysmem.o
 .debug_macro   0x0000000000000000       0x43 Core/Src/sysmem.o
 .debug_macro   0x0000000000000000       0x20 Core/Src/sysmem.o
 .debug_macro   0x0000000000000000      0x1a3 Core/Src/sysmem.o
 .debug_macro   0x0000000000000000      0x23b Core/Src/sysmem.o
 .debug_macro   0x0000000000000000       0xef Core/Src/sysmem.o
 .debug_macro   0x0000000000000000       0x6a Core/Src/sysmem.o
 .debug_macro   0x0000000000000000      0x1df Core/Src/sysmem.o
 .debug_line    0x0000000000000000      0x4d3 Core/Src/sysmem.o
 .debug_str     0x0000000000000000     0x5fcb Core/Src/sysmem.o
 .comment       0x0000000000000000       0x7c Core/Src/sysmem.o
 .debug_frame   0x0000000000000000       0x28 Core/Src/sysmem.o
 .ARM.attributes
                0x0000000000000000       0x2f Core/Src/sysmem.o
 .group         0x0000000000000000        0xc Core/Src/system_stm32f1xx.o
 .group         0x0000000000000000        0xc Core/Src/system_stm32f1xx.o
 .group         0x0000000000000000        0xc Core/Src/system_stm32f1xx.o
 .group         0x0000000000000000        0xc Core/Src/system_stm32f1xx.o
 .group         0x0000000000000000        0xc Core/Src/system_stm32f1xx.o
 .group         0x0000000000000000        0xc Core/Src/system_stm32f1xx.o
 .group         0x0000000000000000        0xc Core/Src/system_stm32f1xx.o
 .group         0x0000000000000000        0xc Core/Src/system_stm32f1xx.o
 .group         0x0000000000000000        0xc Core/Src/system_stm32f1xx.o
 .group         0x0000000000000000        0xc Core/Src/system_stm32f1xx.o
 .group         0x0000000000000000        0xc Core/Src/system_stm32f1xx.o
 .group         0x0000000000000000        0xc Core/Src/system_stm32f1xx.o
 .group         0x0000000000000000        0xc Core/Src/system_stm32f1xx.o
 .group         0x0000000000000000        0xc Core/Src/system_stm32f1xx.o
 .group         0x0000000000000000        0xc Core/Src/system_stm32f1xx.o
 .data          0x0000000000000000        0x0 Core/Src/system_stm32f1xx.o
 .bss           0x0000000000000000        0x0 Core/Src/system_stm32f1xx.o
 .rodata.APBPrescTable
                0x0000000000000000        0x8 Core/Src/system_stm32f1xx.o
 .debug_macro   0x0000000000000000      0xa96 Core/Src/system_stm32f1xx.o
 .debug_macro   0x0000000000000000       0x2e Core/Src/system_stm32f1xx.o
 .debug_macro   0x0000000000000000       0x22 Core/Src/system_stm32f1xx.o
 .debug_macro   0x0000000000000000       0x22 Core/Src/system_stm32f1xx.o
 .debug_macro   0x0000000000000000       0x8e Core/Src/system_stm32f1xx.o
 .debug_macro   0x0000000000000000       0x51 Core/Src/system_stm32f1xx.o
 .debug_macro   0x0000000000000000       0xef Core/Src/system_stm32f1xx.o
 .debug_macro   0x0000000000000000       0x6a Core/Src/system_stm32f1xx.o
 .debug_macro   0x0000000000000000      0x1df Core/Src/system_stm32f1xx.o
 .debug_macro   0x0000000000000000       0x1c Core/Src/system_stm32f1xx.o
 .debug_macro   0x0000000000000000       0x22 Core/Src/system_stm32f1xx.o
 .debug_macro   0x0000000000000000       0xc3 Core/Src/system_stm32f1xx.o
 .debug_macro   0x0000000000000000      0xd23 Core/Src/system_stm32f1xx.o
 .debug_macro   0x0000000000000000     0xe097 Core/Src/system_stm32f1xx.o
 .debug_macro   0x0000000000000000       0x43 Core/Src/system_stm32f1xx.o
 .text          0x0000000000000000       0x14 Core/Startup/startup_stm32f103c8tx.o
 .data          0x0000000000000000        0x0 Core/Startup/startup_stm32f103c8tx.o
 .bss           0x0000000000000000        0x0 Core/Startup/startup_stm32f103c8tx.o
 .group         0x0000000000000000        0xc Drivers/STM32F1xx_HAL_Driver/Src/stm32f1xx_ll_dma.o
 .group         0x0000000000000000        0xc Drivers/STM32F1xx_HAL_Driver/Src/stm32f1xx_ll_dma.o
 .group         0x0000000000000000        0xc Drivers/STM32F1xx_HAL_Driver/Src/stm32f1xx_ll_dma.o
 .group         0x0000000000000000        0xc Drivers/STM32F1xx_HAL_Driver/Src/stm32f1xx_ll_dma.o
 .group         0x0000000000000000        0xc Drivers/STM32F1xx_HAL_Driver/Src/stm32f1xx_ll_dma.o
 .group         0x0000000000000000        0xc Drivers/STM32F1xx_HAL_Driver/Src/stm32f1xx_ll_dma.o
 .group         0x0000000000000000        0xc Drivers/STM32F1xx_HAL_Driver/Src/stm32f1xx_ll_dma.o
 .group         0x0000000000000000        0xc Drivers/STM32F1xx_HAL_Driver/Src/stm32f1xx_ll_dma.o
 .group         0x0000000000000000        0xc Drivers/STM32F1xx_HAL_Driver/Src/stm32f1xx_ll_dma.o
 .group         0x0000000000000000        0xc Drivers/STM32F1xx_HAL_Driver/Src/stm32f1xx_ll_dma.o
 .group         0x0000000000000000        0xc Drivers/STM32F1xx_HAL_Driver/Src/stm32f1xx_ll_dma.o
 .group         0x0000000000000000        0xc Drivers/STM32F1xx_HAL_Driver/Src/stm32f1xx_ll_dma.o
 .group         0x0000000000000000        0xc Drivers/STM32F1xx_HAL_Driver/Src/stm32f1xx_ll_dma.o
 .group         0x0000000000000000        0xc Drivers/STM32F1xx_HAL_Driver/Src/stm32f1xx_ll_dma.o
 .group         0x0000000000000000        0xc Drivers/STM32F1xx_HAL_Driver/Src/stm32f1xx_ll_dma.o
 .group         0x0000000000000000        0xc Drivers/STM32F1xx_HAL_Driver/Src/stm32f1xx_ll_dma.o
 .group         0x0000000000000000        0xc Drivers/STM32F1xx_HAL_Driver/Src/stm32f1xx_ll_dma.o
 .text          0x0000000000000000      0x180 Drivers/STM32F1xx_HAL_Driver/Src/stm32f1xx_ll_dma.o
 .data          0x0000000000000000        0x0 Drivers/STM32F1xx_HAL_Driver/Src/stm32f1xx_ll_dma.o
 .bss           0x0000000000000000        0x0 Drivers/STM32F1xx_HAL_Driver/Src/stm32f1xx_ll_dma.o
 .rodata.CHANNEL_OFFSET_TAB
                0x0000000000000000        0x7 Drivers/STM32F1xx_HAL_Driver/Src/stm32f1xx_ll_dma.o
 .debug_info    0x0000000000000000      0x637 Drivers/STM32F1xx_HAL_Driver/Src/stm32f1xx_ll_dma.o
 .debug_abbrev  0x0000000000000000      0x204 Drivers/STM32F1xx_HAL_Driver/Src/stm32f1xx_ll_dma.o
 .debug_loc     0x0000000000000000      0x39c Drivers/STM32F1xx_HAL_Driver/Src/stm32f1xx_ll_dma.o
 .debug_aranges
                0x0000000000000000       0x20 Drivers/STM32F1xx_HAL_Driver/Src/stm32f1xx_ll_dma.o
 .debug_ranges  0x0000000000000000       0x60 Drivers/STM32F1xx_HAL_Driver/Src/stm32f1xx_ll_dma.o
 .debug_macro   0x0000000000000000      0x110 Drivers/STM32F1xx_HAL_Driver/Src/stm32f1xx_ll_dma.o
 .debug_macro   0x0000000000000000      0xa96 Drivers/STM32F1xx_HAL_Driver/Src/stm32f1xx_ll_dma.o
 .debug_macro   0x0000000000000000       0x2e Drivers/STM32F1xx_HAL_Driver/Src/stm32f1xx_ll_dma.o
 .debug_macro   0x0000000000000000       0x22 Drivers/STM32F1xx_HAL_Driver/Src/stm32f1xx_ll_dma.o
 .debug_macro   0x0000000000000000       0x22 Drivers/STM32F1xx_HAL_Driver/Src/stm32f1xx_ll_dma.o
 .debug_macro   0x0000000000000000       0x8e Drivers/STM32F1xx_HAL_Driver/Src/stm32f1xx_ll_dma.o
 .debug_macro   0x0000000000000000       0x51 Drivers/STM32F1xx_HAL_Driver/Src/stm32f1xx_ll_dma.o
 .debug_macro   0x0000000000000000       0xef Drivers/STM32F1xx_HAL_Driver/Src/stm32f1xx_ll_dma.o
 .debug_macro   0x0000000000000000       0x6a Drivers/STM32F1xx_HAL_Driver/Src/stm32f1xx_ll_dma.o
 .debug_macro   0x0000000000000000      0x1df Drivers/STM32F1xx_HAL_Driver/Src/stm32f1xx_ll_dma.o
 .debug_macro   0x0000000000000000       0x1c Drivers/STM32F1xx_HAL_Driver/Src/stm32f1xx_ll_dma.o
 .debug_macro   0x0000000000000000       0x22 Drivers/STM32F1xx_HAL_Driver/Src/stm32f1xx_ll_dma.o
 .debug_macro   0x0000000000000000       0xc3 Drivers/STM32F1xx_HAL_Driver/Src/stm32f1xx_ll_dma.o
 .debug_macro   0x0000000000000000      0xd23 Drivers/STM32F1xx_HAL_Driver/Src/stm32f1xx_ll_dma.o
 .debug_macro   0x0000000000000000     0xe097 Drivers/STM32F1xx_HAL_Driver/Src/stm32f1xx_ll_dma.o
 .debug_macro   0x0000000000000000       0x43 Drivers/STM32F1xx_HAL_Driver/Src/stm32f1xx_ll_dma.o
 .debug_macro   0x0000000000000000      0x281 Drivers/STM32F1xx_HAL_Driver/Src/stm32f1xx_ll_dma.o
 .debug_macro   0x0000000000000000       0xd7 Drivers/STM32F1xx_HAL_Driver/Src/stm32f1xx_ll_dma.o
 .debug_line    0x0000000000000000      0x608 Drivers/STM32F1xx_HAL_Driver/Src/stm32f1xx_ll_dma.o
 .debug_str     0x0000000000000000    0x5615e Drivers/STM32F1xx_HAL_Driver/Src/stm32f1xx_ll_dma.o
 .comment       0x0000000000000000       0x7c Drivers/STM32F1xx_HAL_Driver/Src/stm32f1xx_ll_dma.o
 .debug_frame   0x0000000000000000       0x78 Drivers/STM32F1xx_HAL_Driver/Src/stm32f1xx_ll_dma.o
 .ARM.attributes
                0x0000000000000000       0x2f Drivers/STM32F1xx_HAL_Driver/Src/stm32f1xx_ll_dma.o
 .group         0x0000000000000000        0xc Drivers/STM32F1xx_HAL_Driver/Src/stm32f1xx_ll_exti.o
 .group         0x0000000000000000        0xc Drivers/STM32F1xx_HAL_Driver/Src/stm32f1xx_ll_exti.o
 .group         0x0000000000000000        0xc Drivers/STM32F1xx_HAL_Driver/Src/stm32f1xx_ll_exti.o
 .group         0x0000000000000000        0xc Drivers/STM32F1xx_HAL_Driver/Src/stm32f1xx_ll_exti.o
 .group         0x0000000000000000        0xc Drivers/STM32F1xx_HAL_Driver/Src/stm32f1xx_ll_exti.o
 .group         0x0000000000000000        0xc Drivers/STM32F1xx_HAL_Driver/Src/stm32f1xx_ll_exti.o
 .group         0x0000000000000000        0xc Drivers/STM32F1xx_HAL_Driver/Src/stm32f1xx_ll_exti.o
 .group         0x0000000000000000        0xc Drivers/STM32F1xx_HAL_Driver/Src/stm32f1xx_ll_exti.o
 .group         0x0000000000000000        0xc Drivers/STM32F1xx_HAL_Driver/Src/stm32f1xx_ll_exti.o
 .group         0x0000000000000000        0xc Drivers/STM32F1xx_HAL_Driver/Src/stm32f1xx_ll_exti.o
 .group         0x0000000000000000        0xc Drivers/STM32F1xx_HAL_Driver/Src/stm32f1xx_ll_exti.o
 .group         0x0000000000000000        0xc Drivers/STM32F1xx_HAL_Driver/Src/stm32f1xx_ll_exti.o
 .group         0x0000000000000000        0xc Drivers/STM32F1xx_HAL_Driver/Src/stm32f1xx_ll_exti.o
 .group         0x0000000000000000        0xc Drivers/STM32F1xx_HAL_Driver/Src/stm32f1xx_ll_exti.o
 .group         0x0000000000000000        0xc Drivers/STM32F1xx_HAL_Driver/Src/stm32f1xx_ll_exti.o
 .group         0x0000000000000000        0xc Drivers/STM32F1xx_HAL_Driver/Src/stm32f1xx_ll_exti.o
 .text          0x0000000000000000       0xec Drivers/STM32F1xx_HAL_Driver/Src/stm32f1xx_ll_exti.o
 .data          0x0000000000000000        0x0 Drivers/STM32F1xx_HAL_Driver/Src/stm32f1xx_ll_exti.o
 .bss           0x0000000000000000        0x0 Drivers/STM32F1xx_HAL_Driver/Src/stm32f1xx_ll_exti.o
 .debug_info    0x0000000000000000      0x49c Drivers/STM32F1xx_HAL_Driver/Src/stm32f1xx_ll_exti.o
 .debug_abbrev  0x0000000000000000      0x1de Drivers/STM32F1xx_HAL_Driver/Src/stm32f1xx_ll_exti.o
 .debug_loc     0x0000000000000000      0x10e Drivers/STM32F1xx_HAL_Driver/Src/stm32f1xx_ll_exti.o
 .debug_aranges
                0x0000000000000000       0x20 Drivers/STM32F1xx_HAL_Driver/Src/stm32f1xx_ll_exti.o
 .debug_ranges  0x0000000000000000       0xb0 Drivers/STM32F1xx_HAL_Driver/Src/stm32f1xx_ll_exti.o
 .debug_macro   0x0000000000000000       0xe3 Drivers/STM32F1xx_HAL_Driver/Src/stm32f1xx_ll_exti.o
 .debug_macro   0x0000000000000000      0xa96 Drivers/STM32F1xx_HAL_Driver/Src/stm32f1xx_ll_exti.o
 .debug_macro   0x0000000000000000       0x2e Drivers/STM32F1xx_HAL_Driver/Src/stm32f1xx_ll_exti.o
 .debug_macro   0x0000000000000000       0x22 Drivers/STM32F1xx_HAL_Driver/Src/stm32f1xx_ll_exti.o
 .debug_macro   0x0000000000000000       0x22 Drivers/STM32F1xx_HAL_Driver/Src/stm32f1xx_ll_exti.o
 .debug_macro   0x0000000000000000       0x8e Drivers/STM32F1xx_HAL_Driver/Src/stm32f1xx_ll_exti.o
 .debug_macro   0x0000000000000000       0x51 Drivers/STM32F1xx_HAL_Driver/Src/stm32f1xx_ll_exti.o
 .debug_macro   0x0000000000000000       0xef Drivers/STM32F1xx_HAL_Driver/Src/stm32f1xx_ll_exti.o
 .debug_macro   0x0000000000000000       0x6a Drivers/STM32F1xx_HAL_Driver/Src/stm32f1xx_ll_exti.o
 .debug_macro   0x0000000000000000      0x1df Drivers/STM32F1xx_HAL_Driver/Src/stm32f1xx_ll_exti.o
 .debug_macro   0x0000000000000000       0x1c Drivers/STM32F1xx_HAL_Driver/Src/stm32f1xx_ll_exti.o
 .debug_macro   0x0000000000000000       0x22 Drivers/STM32F1xx_HAL_Driver/Src/stm32f1xx_ll_exti.o
 .debug_macro   0x0000000000000000       0xc3 Drivers/STM32F1xx_HAL_Driver/Src/stm32f1xx_ll_exti.o
 .debug_macro   0x0000000000000000      0xd23 Drivers/STM32F1xx_HAL_Driver/Src/stm32f1xx_ll_exti.o
 .debug_macro   0x0000000000000000     0xe097 Drivers/STM32F1xx_HAL_Driver/Src/stm32f1xx_ll_exti.o
 .debug_macro   0x0000000000000000       0x43 Drivers/STM32F1xx_HAL_Driver/Src/stm32f1xx_ll_exti.o
 .debug_macro   0x0000000000000000       0xca Drivers/STM32F1xx_HAL_Driver/Src/stm32f1xx_ll_exti.o
 .debug_line    0x0000000000000000      0x54c Drivers/STM32F1xx_HAL_Driver/Src/stm32f1xx_ll_exti.o
 .debug_str     0x0000000000000000    0x54986 Drivers/STM32F1xx_HAL_Driver/Src/stm32f1xx_ll_exti.o
 .comment       0x0000000000000000       0x7c Drivers/STM32F1xx_HAL_Driver/Src/stm32f1xx_ll_exti.o
 .debug_frame   0x0000000000000000       0x5c Drivers/STM32F1xx_HAL_Driver/Src/stm32f1xx_ll_exti.o
 .ARM.attributes
                0x0000000000000000       0x2f Drivers/STM32F1xx_HAL_Driver/Src/stm32f1xx_ll_exti.o
 .group         0x0000000000000000        0xc Drivers/STM32F1xx_HAL_Driver/Src/stm32f1xx_ll_gpio.o
 .group         0x0000000000000000        0xc Drivers/STM32F1xx_HAL_Driver/Src/stm32f1xx_ll_gpio.o
 .group         0x0000000000000000        0xc Drivers/STM32F1xx_HAL_Driver/Src/stm32f1xx_ll_gpio.o
 .group         0x0000000000000000        0xc Drivers/STM32F1xx_HAL_Driver/Src/stm32f1xx_ll_gpio.o
 .group         0x0000000000000000        0xc Drivers/STM32F1xx_HAL_Driver/Src/stm32f1xx_ll_gpio.o
 .group         0x0000000000000000        0xc Drivers/STM32F1xx_HAL_Driver/Src/stm32f1xx_ll_gpio.o
 .group         0x0000000000000000        0xc Drivers/STM32F1xx_HAL_Driver/Src/stm32f1xx_ll_gpio.o
 .group         0x0000000000000000        0xc Drivers/STM32F1xx_HAL_Driver/Src/stm32f1xx_ll_gpio.o
 .group         0x0000000000000000        0xc Drivers/STM32F1xx_HAL_Driver/Src/stm32f1xx_ll_gpio.o
 .group         0x0000000000000000        0xc Drivers/STM32F1xx_HAL_Driver/Src/stm32f1xx_ll_gpio.o
 .group         0x0000000000000000        0xc Drivers/STM32F1xx_HAL_Driver/Src/stm32f1xx_ll_gpio.o
 .group         0x0000000000000000        0xc Drivers/STM32F1xx_HAL_Driver/Src/stm32f1xx_ll_gpio.o
 .group         0x0000000000000000        0xc Drivers/STM32F1xx_HAL_Driver/Src/stm32f1xx_ll_gpio.o
 .group         0x0000000000000000        0xc Drivers/STM32F1xx_HAL_Driver/Src/stm32f1xx_ll_gpio.o
 .group         0x0000000000000000        0xc Drivers/STM32F1xx_HAL_Driver/Src/stm32f1xx_ll_gpio.o
 .group         0x0000000000000000        0xc Drivers/STM32F1xx_HAL_Driver/Src/stm32f1xx_ll_gpio.o
 .group         0x0000000000000000        0xc Drivers/STM32F1xx_HAL_Driver/Src/stm32f1xx_ll_gpio.o
 .data          0x0000000000000000        0x0 Drivers/STM32F1xx_HAL_Driver/Src/stm32f1xx_ll_gpio.o
 .bss           0x0000000000000000        0x0 Drivers/STM32F1xx_HAL_Driver/Src/stm32f1xx_ll_gpio.o
 .debug_macro   0x0000000000000000      0xa96 Drivers/STM32F1xx_HAL_Driver/Src/stm32f1xx_ll_gpio.o
 .debug_macro   0x0000000000000000       0x2e Drivers/STM32F1xx_HAL_Driver/Src/stm32f1xx_ll_gpio.o
 .debug_macro   0x0000000000000000       0x22 Drivers/STM32F1xx_HAL_Driver/Src/stm32f1xx_ll_gpio.o
 .debug_macro   0x0000000000000000       0x22 Drivers/STM32F1xx_HAL_Driver/Src/stm32f1xx_ll_gpio.o
 .debug_macro   0x0000000000000000       0x8e Drivers/STM32F1xx_HAL_Driver/Src/stm32f1xx_ll_gpio.o
 .debug_macro   0x0000000000000000       0x51 Drivers/STM32F1xx_HAL_Driver/Src/stm32f1xx_ll_gpio.o
 .debug_macro   0x0000000000000000       0xef Drivers/STM32F1xx_HAL_Driver/Src/stm32f1xx_ll_gpio.o
 .debug_macro   0x0000000000000000       0x6a Drivers/STM32F1xx_HAL_Driver/Src/stm32f1xx_ll_gpio.o
 .debug_macro   0x0000000000000000      0x1df Drivers/STM32F1xx_HAL_Driver/Src/stm32f1xx_ll_gpio.o
 .debug_macro   0x0000000000000000       0x1c Drivers/STM32F1xx_HAL_Driver/Src/stm32f1xx_ll_gpio.o
 .debug_macro   0x0000000000000000       0x22 Drivers/STM32F1xx_HAL_Driver/Src/stm32f1xx_ll_gpio.o
 .debug_macro   0x0000000000000000       0xc3 Drivers/STM32F1xx_HAL_Driver/Src/stm32f1xx_ll_gpio.o
 .debug_macro   0x0000000000000000      0xd23 Drivers/STM32F1xx_HAL_Driver/Src/stm32f1xx_ll_gpio.o
 .debug_macro   0x0000000000000000     0xe097 Drivers/STM32F1xx_HAL_Driver/Src/stm32f1xx_ll_gpio.o
 .debug_macro   0x0000000000000000       0x43 Drivers/STM32F1xx_HAL_Driver/Src/stm32f1xx_ll_gpio.o
 .debug_macro   0x0000000000000000       0xd7 Drivers/STM32F1xx_HAL_Driver/Src/stm32f1xx_ll_gpio.o
 .group         0x0000000000000000        0xc Drivers/STM32F1xx_HAL_Driver/Src/stm32f1xx_ll_pwr.o
 .group         0x0000000000000000        0xc Drivers/STM32F1xx_HAL_Driver/Src/stm32f1xx_ll_pwr.o
 .group         0x0000000000000000        0xc Drivers/STM32F1xx_HAL_Driver/Src/stm32f1xx_ll_pwr.o
 .group         0x0000000000000000        0xc Drivers/STM32F1xx_HAL_Driver/Src/stm32f1xx_ll_pwr.o
 .group         0x0000000000000000        0xc Drivers/STM32F1xx_HAL_Driver/Src/stm32f1xx_ll_pwr.o
 .group         0x0000000000000000        0xc Drivers/STM32F1xx_HAL_Driver/Src/stm32f1xx_ll_pwr.o
 .group         0x0000000000000000        0xc Drivers/STM32F1xx_HAL_Driver/Src/stm32f1xx_ll_pwr.o
 .group         0x0000000000000000        0xc Drivers/STM32F1xx_HAL_Driver/Src/stm32f1xx_ll_pwr.o
 .group         0x0000000000000000        0xc Drivers/STM32F1xx_HAL_Driver/Src/stm32f1xx_ll_pwr.o
 .group         0x0000000000000000        0xc Drivers/STM32F1xx_HAL_Driver/Src/stm32f1xx_ll_pwr.o
 .group         0x0000000000000000        0xc Drivers/STM32F1xx_HAL_Driver/Src/stm32f1xx_ll_pwr.o
 .group         0x0000000000000000        0xc Drivers/STM32F1xx_HAL_Driver/Src/stm32f1xx_ll_pwr.o
 .group         0x0000000000000000        0xc Drivers/STM32F1xx_HAL_Driver/Src/stm32f1xx_ll_pwr.o
 .group         0x0000000000000000        0xc Drivers/STM32F1xx_HAL_Driver/Src/stm32f1xx_ll_pwr.o
 .group         0x0000000000000000        0xc Drivers/STM32F1xx_HAL_Driver/Src/stm32f1xx_ll_pwr.o
 .group         0x0000000000000000        0xc Drivers/STM32F1xx_HAL_Driver/Src/stm32f1xx_ll_pwr.o
 .group         0x0000000000000000        0xc Drivers/STM32F1xx_HAL_Driver/Src/stm32f1xx_ll_pwr.o
 .text          0x0000000000000000       0x1c Drivers/STM32F1xx_HAL_Driver/Src/stm32f1xx_ll_pwr.o
 .data          0x0000000000000000        0x0 Drivers/STM32F1xx_HAL_Driver/Src/stm32f1xx_ll_pwr.o
 .bss           0x0000000000000000        0x0 Drivers/STM32F1xx_HAL_Driver/Src/stm32f1xx_ll_pwr.o
 .debug_info    0x0000000000000000      0x254 Drivers/STM32F1xx_HAL_Driver/Src/stm32f1xx_ll_pwr.o
 .debug_abbrev  0x0000000000000000      0x140 Drivers/STM32F1xx_HAL_Driver/Src/stm32f1xx_ll_pwr.o
 .debug_loc     0x0000000000000000       0x2c Drivers/STM32F1xx_HAL_Driver/Src/stm32f1xx_ll_pwr.o
 .debug_aranges
                0x0000000000000000       0x20 Drivers/STM32F1xx_HAL_Driver/Src/stm32f1xx_ll_pwr.o
 .debug_ranges  0x0000000000000000       0x18 Drivers/STM32F1xx_HAL_Driver/Src/stm32f1xx_ll_pwr.o
 .debug_macro   0x0000000000000000       0xd4 Drivers/STM32F1xx_HAL_Driver/Src/stm32f1xx_ll_pwr.o
 .debug_macro   0x0000000000000000      0xa96 Drivers/STM32F1xx_HAL_Driver/Src/stm32f1xx_ll_pwr.o
 .debug_macro   0x0000000000000000       0x2e Drivers/STM32F1xx_HAL_Driver/Src/stm32f1xx_ll_pwr.o
 .debug_macro   0x0000000000000000       0x22 Drivers/STM32F1xx_HAL_Driver/Src/stm32f1xx_ll_pwr.o
 .debug_macro   0x0000000000000000       0x22 Drivers/STM32F1xx_HAL_Driver/Src/stm32f1xx_ll_pwr.o
 .debug_macro   0x0000000000000000       0x8e Drivers/STM32F1xx_HAL_Driver/Src/stm32f1xx_ll_pwr.o
 .debug_macro   0x0000000000000000       0x51 Drivers/STM32F1xx_HAL_Driver/Src/stm32f1xx_ll_pwr.o
 .debug_macro   0x0000000000000000       0xef Drivers/STM32F1xx_HAL_Driver/Src/stm32f1xx_ll_pwr.o
 .debug_macro   0x0000000000000000       0x6a Drivers/STM32F1xx_HAL_Driver/Src/stm32f1xx_ll_pwr.o
 .debug_macro   0x0000000000000000      0x1df Drivers/STM32F1xx_HAL_Driver/Src/stm32f1xx_ll_pwr.o
 .debug_macro   0x0000000000000000       0x1c Drivers/STM32F1xx_HAL_Driver/Src/stm32f1xx_ll_pwr.o
 .debug_macro   0x0000000000000000       0x22 Drivers/STM32F1xx_HAL_Driver/Src/stm32f1xx_ll_pwr.o
 .debug_macro   0x0000000000000000       0xc3 Drivers/STM32F1xx_HAL_Driver/Src/stm32f1xx_ll_pwr.o
 .debug_macro   0x0000000000000000      0xd23 Drivers/STM32F1xx_HAL_Driver/Src/stm32f1xx_ll_pwr.o
 .debug_macro   0x0000000000000000     0xe097 Drivers/STM32F1xx_HAL_Driver/Src/stm32f1xx_ll_pwr.o
 .debug_macro   0x0000000000000000       0x43 Drivers/STM32F1xx_HAL_Driver/Src/stm32f1xx_ll_pwr.o
 .debug_macro   0x0000000000000000       0x8a Drivers/STM32F1xx_HAL_Driver/Src/stm32f1xx_ll_pwr.o
 .debug_macro   0x0000000000000000       0xd7 Drivers/STM32F1xx_HAL_Driver/Src/stm32f1xx_ll_pwr.o
 .debug_line    0x0000000000000000      0x4d0 Drivers/STM32F1xx_HAL_Driver/Src/stm32f1xx_ll_pwr.o
 .debug_str     0x0000000000000000    0x54b20 Drivers/STM32F1xx_HAL_Driver/Src/stm32f1xx_ll_pwr.o
 .comment       0x0000000000000000       0x7c Drivers/STM32F1xx_HAL_Driver/Src/stm32f1xx_ll_pwr.o
 .debug_frame   0x0000000000000000       0x20 Drivers/STM32F1xx_HAL_Driver/Src/stm32f1xx_ll_pwr.o
 .ARM.attributes
                0x0000000000000000       0x2f Drivers/STM32F1xx_HAL_Driver/Src/stm32f1xx_ll_pwr.o
 .group         0x0000000000000000        0xc Drivers/STM32F1xx_HAL_Driver/Src/stm32f1xx_ll_rcc.o
 .group         0x0000000000000000        0xc Drivers/STM32F1xx_HAL_Driver/Src/stm32f1xx_ll_rcc.o
 .group         0x0000000000000000        0xc Drivers/STM32F1xx_HAL_Driver/Src/stm32f1xx_ll_rcc.o
 .group         0x0000000000000000        0xc Drivers/STM32F1xx_HAL_Driver/Src/stm32f1xx_ll_rcc.o
 .group         0x0000000000000000        0xc Drivers/STM32F1xx_HAL_Driver/Src/stm32f1xx_ll_rcc.o
 .group         0x0000000000000000        0xc Drivers/STM32F1xx_HAL_Driver/Src/stm32f1xx_ll_rcc.o
 .group         0x0000000000000000        0xc Drivers/STM32F1xx_HAL_Driver/Src/stm32f1xx_ll_rcc.o
 .group         0x0000000000000000        0xc Drivers/STM32F1xx_HAL_Driver/Src/stm32f1xx_ll_rcc.o
 .group         0x0000000000000000        0xc Drivers/STM32F1xx_HAL_Driver/Src/stm32f1xx_ll_rcc.o
 .group         0x0000000000000000        0xc Drivers/STM32F1xx_HAL_Driver/Src/stm32f1xx_ll_rcc.o
 .group         0x0000000000000000        0xc Drivers/STM32F1xx_HAL_Driver/Src/stm32f1xx_ll_rcc.o
 .group         0x0000000000000000        0xc Drivers/STM32F1xx_HAL_Driver/Src/stm32f1xx_ll_rcc.o
 .group         0x0000000000000000        0xc Drivers/STM32F1xx_HAL_Driver/Src/stm32f1xx_ll_rcc.o
 .group         0x0000000000000000        0xc Drivers/STM32F1xx_HAL_Driver/Src/stm32f1xx_ll_rcc.o
 .group         0x0000000000000000        0xc Drivers/STM32F1xx_HAL_Driver/Src/stm32f1xx_ll_rcc.o
 .group         0x0000000000000000        0xc Drivers/STM32F1xx_HAL_Driver/Src/stm32f1xx_ll_rcc.o
 .text          0x0000000000000000      0x2ac Drivers/STM32F1xx_HAL_Driver/Src/stm32f1xx_ll_rcc.o
 .data          0x0000000000000000        0x0 Drivers/STM32F1xx_HAL_Driver/Src/stm32f1xx_ll_rcc.o
 .bss           0x0000000000000000        0x0 Drivers/STM32F1xx_HAL_Driver/Src/stm32f1xx_ll_rcc.o
 .debug_info    0x0000000000000000      0x9c5 Drivers/STM32F1xx_HAL_Driver/Src/stm32f1xx_ll_rcc.o
 .debug_abbrev  0x0000000000000000      0x2fa Drivers/STM32F1xx_HAL_Driver/Src/stm32f1xx_ll_rcc.o
 .debug_loc     0x0000000000000000      0x3b7 Drivers/STM32F1xx_HAL_Driver/Src/stm32f1xx_ll_rcc.o
 .debug_aranges
                0x0000000000000000       0x20 Drivers/STM32F1xx_HAL_Driver/Src/stm32f1xx_ll_rcc.o
 .debug_ranges  0x0000000000000000      0x2f0 Drivers/STM32F1xx_HAL_Driver/Src/stm32f1xx_ll_rcc.o
 .debug_macro   0x0000000000000000       0xdd Drivers/STM32F1xx_HAL_Driver/Src/stm32f1xx_ll_rcc.o
 .debug_macro   0x0000000000000000      0xa96 Drivers/STM32F1xx_HAL_Driver/Src/stm32f1xx_ll_rcc.o
 .debug_macro   0x0000000000000000       0x2e Drivers/STM32F1xx_HAL_Driver/Src/stm32f1xx_ll_rcc.o
 .debug_macro   0x0000000000000000       0x22 Drivers/STM32F1xx_HAL_Driver/Src/stm32f1xx_ll_rcc.o
 .debug_macro   0x0000000000000000       0x22 Drivers/STM32F1xx_HAL_Driver/Src/stm32f1xx_ll_rcc.o
 .debug_macro   0x0000000000000000       0x8e Drivers/STM32F1xx_HAL_Driver/Src/stm32f1xx_ll_rcc.o
 .debug_macro   0x0000000000000000       0x51 Drivers/STM32F1xx_HAL_Driver/Src/stm32f1xx_ll_rcc.o
 .debug_macro   0x0000000000000000       0xef Drivers/STM32F1xx_HAL_Driver/Src/stm32f1xx_ll_rcc.o
 .debug_macro   0x0000000000000000       0x6a Drivers/STM32F1xx_HAL_Driver/Src/stm32f1xx_ll_rcc.o
 .debug_macro   0x0000000000000000      0x1df Drivers/STM32F1xx_HAL_Driver/Src/stm32f1xx_ll_rcc.o
 .debug_macro   0x0000000000000000       0x1c Drivers/STM32F1xx_HAL_Driver/Src/stm32f1xx_ll_rcc.o
 .debug_macro   0x0000000000000000       0x22 Drivers/STM32F1xx_HAL_Driver/Src/stm32f1xx_ll_rcc.o
 .debug_macro   0x0000000000000000       0xc3 Drivers/STM32F1xx_HAL_Driver/Src/stm32f1xx_ll_rcc.o
 .debug_macro   0x0000000000000000      0xd23 Drivers/STM32F1xx_HAL_Driver/Src/stm32f1xx_ll_rcc.o
 .debug_macro   0x0000000000000000     0xe097 Drivers/STM32F1xx_HAL_Driver/Src/stm32f1xx_ll_rcc.o
 .debug_macro   0x0000000000000000       0x43 Drivers/STM32F1xx_HAL_Driver/Src/stm32f1xx_ll_rcc.o
 .debug_macro   0x0000000000000000      0x2b8 Drivers/STM32F1xx_HAL_Driver/Src/stm32f1xx_ll_rcc.o
 .debug_line    0x0000000000000000      0x797 Drivers/STM32F1xx_HAL_Driver/Src/stm32f1xx_ll_rcc.o
 .debug_str     0x0000000000000000    0x5570f Drivers/STM32F1xx_HAL_Driver/Src/stm32f1xx_ll_rcc.o
 .comment       0x0000000000000000       0x7c Drivers/STM32F1xx_HAL_Driver/Src/stm32f1xx_ll_rcc.o
 .debug_frame   0x0000000000000000       0xbc Drivers/STM32F1xx_HAL_Driver/Src/stm32f1xx_ll_rcc.o
 .ARM.attributes
                0x0000000000000000       0x2f Drivers/STM32F1xx_HAL_Driver/Src/stm32f1xx_ll_rcc.o
 .group         0x0000000000000000        0xc Drivers/STM32F1xx_HAL_Driver/Src/stm32f1xx_ll_tim.o
 .group         0x0000000000000000        0xc Drivers/STM32F1xx_HAL_Driver/Src/stm32f1xx_ll_tim.o
 .group         0x0000000000000000        0xc Drivers/STM32F1xx_HAL_Driver/Src/stm32f1xx_ll_tim.o
 .group         0x0000000000000000        0xc Drivers/STM32F1xx_HAL_Driver/Src/stm32f1xx_ll_tim.o
 .group         0x0000000000000000        0xc Drivers/STM32F1xx_HAL_Driver/Src/stm32f1xx_ll_tim.o
 .group         0x0000000000000000        0xc Drivers/STM32F1xx_HAL_Driver/Src/stm32f1xx_ll_tim.o
 .group         0x0000000000000000        0xc Drivers/STM32F1xx_HAL_Driver/Src/stm32f1xx_ll_tim.o
 .group         0x0000000000000000        0xc Drivers/STM32F1xx_HAL_Driver/Src/stm32f1xx_ll_tim.o
 .group         0x0000000000000000        0xc Drivers/STM32F1xx_HAL_Driver/Src/stm32f1xx_ll_tim.o
 .group         0x0000000000000000        0xc Drivers/STM32F1xx_HAL_Driver/Src/stm32f1xx_ll_tim.o
 .group         0x0000000000000000        0xc Drivers/STM32F1xx_HAL_Driver/Src/stm32f1xx_ll_tim.o
 .group         0x0000000000000000        0xc Drivers/STM32F1xx_HAL_Driver/Src/stm32f1xx_ll_tim.o
 .group         0x0000000000000000        0xc Drivers/STM32F1xx_HAL_Driver/Src/stm32f1xx_ll_tim.o
 .group         0x0000000000000000        0xc Drivers/STM32F1xx_HAL_Driver/Src/stm32f1xx_ll_tim.o
 .group         0x0000000000000000        0xc Drivers/STM32F1xx_HAL_Driver/Src/stm32f1xx_ll_tim.o
 .group         0x0000000000000000        0xc Drivers/STM32F1xx_HAL_Driver/Src/stm32f1xx_ll_tim.o
 .group         0x0000000000000000        0xc Drivers/STM32F1xx_HAL_Driver/Src/stm32f1xx_ll_tim.o
 .data          0x0000000000000000        0x0 Drivers/STM32F1xx_HAL_Driver/Src/stm32f1xx_ll_tim.o
 .bss           0x0000000000000000        0x0 Drivers/STM32F1xx_HAL_Driver/Src/stm32f1xx_ll_tim.o
 .debug_macro   0x0000000000000000      0xa96 Drivers/STM32F1xx_HAL_Driver/Src/stm32f1xx_ll_tim.o
 .debug_macro   0x0000000000000000       0x2e Drivers/STM32F1xx_HAL_Driver/Src/stm32f1xx_ll_tim.o
 .debug_macro   0x0000000000000000       0x22 Drivers/STM32F1xx_HAL_Driver/Src/stm32f1xx_ll_tim.o
 .debug_macro   0x0000000000000000       0x22 Drivers/STM32F1xx_HAL_Driver/Src/stm32f1xx_ll_tim.o
 .debug_macro   0x0000000000000000       0x8e Drivers/STM32F1xx_HAL_Driver/Src/stm32f1xx_ll_tim.o
 .debug_macro   0x0000000000000000       0x51 Drivers/STM32F1xx_HAL_Driver/Src/stm32f1xx_ll_tim.o
 .debug_macro   0x0000000000000000       0xef Drivers/STM32F1xx_HAL_Driver/Src/stm32f1xx_ll_tim.o
 .debug_macro   0x0000000000000000       0x6a Drivers/STM32F1xx_HAL_Driver/Src/stm32f1xx_ll_tim.o
 .debug_macro   0x0000000000000000      0x1df Drivers/STM32F1xx_HAL_Driver/Src/stm32f1xx_ll_tim.o
 .debug_macro   0x0000000000000000       0x1c Drivers/STM32F1xx_HAL_Driver/Src/stm32f1xx_ll_tim.o
 .debug_macro   0x0000000000000000       0x22 Drivers/STM32F1xx_HAL_Driver/Src/stm32f1xx_ll_tim.o
 .debug_macro   0x0000000000000000       0xc3 Drivers/STM32F1xx_HAL_Driver/Src/stm32f1xx_ll_tim.o
 .debug_macro   0x0000000000000000      0xd23 Drivers/STM32F1xx_HAL_Driver/Src/stm32f1xx_ll_tim.o
 .debug_macro   0x0000000000000000     0xe097 Drivers/STM32F1xx_HAL_Driver/Src/stm32f1xx_ll_tim.o
 .debug_macro   0x0000000000000000       0x43 Drivers/STM32F1xx_HAL_Driver/Src/stm32f1xx_ll_tim.o
 .debug_macro   0x0000000000000000       0xd7 Drivers/STM32F1xx_HAL_Driver/Src/stm32f1xx_ll_tim.o
 .group         0x0000000000000000        0xc Drivers/STM32F1xx_HAL_Driver/Src/stm32f1xx_ll_utils.o
 .group         0x0000000000000000        0xc Drivers/STM32F1xx_HAL_Driver/Src/stm32f1xx_ll_utils.o
 .group         0x0000000000000000        0xc Drivers/STM32F1xx_HAL_Driver/Src/stm32f1xx_ll_utils.o
 .group         0x0000000000000000        0xc Drivers/STM32F1xx_HAL_Driver/Src/stm32f1xx_ll_utils.o
 .group         0x0000000000000000        0xc Drivers/STM32F1xx_HAL_Driver/Src/stm32f1xx_ll_utils.o
 .group         0x0000000000000000        0xc Drivers/STM32F1xx_HAL_Driver/Src/stm32f1xx_ll_utils.o
 .group         0x0000000000000000        0xc Drivers/STM32F1xx_HAL_Driver/Src/stm32f1xx_ll_utils.o
 .group         0x0000000000000000        0xc Drivers/STM32F1xx_HAL_Driver/Src/stm32f1xx_ll_utils.o
 .group         0x0000000000000000        0xc Drivers/STM32F1xx_HAL_Driver/Src/stm32f1xx_ll_utils.o
 .group         0x0000000000000000        0xc Drivers/STM32F1xx_HAL_Driver/Src/stm32f1xx_ll_utils.o
 .group         0x0000000000000000        0xc Drivers/STM32F1xx_HAL_Driver/Src/stm32f1xx_ll_utils.o
 .group         0x0000000000000000        0xc Drivers/STM32F1xx_HAL_Driver/Src/stm32f1xx_ll_utils.o
 .group         0x0000000000000000        0xc Drivers/STM32F1xx_HAL_Driver/Src/stm32f1xx_ll_utils.o
 .group         0x0000000000000000        0xc Drivers/STM32F1xx_HAL_Driver/Src/stm32f1xx_ll_utils.o
 .group         0x0000000000000000        0xc Drivers/STM32F1xx_HAL_Driver/Src/stm32f1xx_ll_utils.o
 .group         0x0000000000000000        0xc Drivers/STM32F1xx_HAL_Driver/Src/stm32f1xx_ll_utils.o
 .group         0x0000000000000000        0xc Drivers/STM32F1xx_HAL_Driver/Src/stm32f1xx_ll_utils.o
 .group         0x0000000000000000        0xc Drivers/STM32F1xx_HAL_Driver/Src/stm32f1xx_ll_utils.o
 .data          0x0000000000000000        0x0 Drivers/STM32F1xx_HAL_Driver/Src/stm32f1xx_ll_utils.o
 .bss           0x0000000000000000        0x0 Drivers/STM32F1xx_HAL_Driver/Src/stm32f1xx_ll_utils.o
 .debug_macro   0x0000000000000000      0xa96 Drivers/STM32F1xx_HAL_Driver/Src/stm32f1xx_ll_utils.o
 .debug_macro   0x0000000000000000       0x2e Drivers/STM32F1xx_HAL_Driver/Src/stm32f1xx_ll_utils.o
 .debug_macro   0x0000000000000000       0x22 Drivers/STM32F1xx_HAL_Driver/Src/stm32f1xx_ll_utils.o
 .debug_macro   0x0000000000000000       0x22 Drivers/STM32F1xx_HAL_Driver/Src/stm32f1xx_ll_utils.o
 .debug_macro   0x0000000000000000       0x8e Drivers/STM32F1xx_HAL_Driver/Src/stm32f1xx_ll_utils.o
 .debug_macro   0x0000000000000000       0x51 Drivers/STM32F1xx_HAL_Driver/Src/stm32f1xx_ll_utils.o
 .debug_macro   0x0000000000000000       0xef Drivers/STM32F1xx_HAL_Driver/Src/stm32f1xx_ll_utils.o
 .debug_macro   0x0000000000000000       0x6a Drivers/STM32F1xx_HAL_Driver/Src/stm32f1xx_ll_utils.o
 .debug_macro   0x0000000000000000      0x1df Drivers/STM32F1xx_HAL_Driver/Src/stm32f1xx_ll_utils.o
 .debug_macro   0x0000000000000000       0x1c Drivers/STM32F1xx_HAL_Driver/Src/stm32f1xx_ll_utils.o
 .debug_macro   0x0000000000000000       0x22 Drivers/STM32F1xx_HAL_Driver/Src/stm32f1xx_ll_utils.o
 .debug_macro   0x0000000000000000       0xc3 Drivers/STM32F1xx_HAL_Driver/Src/stm32f1xx_ll_utils.o
 .debug_macro   0x0000000000000000      0xd23 Drivers/STM32F1xx_HAL_Driver/Src/stm32f1xx_ll_utils.o
 .debug_macro   0x0000000000000000     0xe097 Drivers/STM32F1xx_HAL_Driver/Src/stm32f1xx_ll_utils.o
 .debug_macro   0x0000000000000000       0x43 Drivers/STM32F1xx_HAL_Driver/Src/stm32f1xx_ll_utils.o
 .debug_macro   0x0000000000000000      0x2b8 Drivers/STM32F1xx_HAL_Driver/Src/stm32f1xx_ll_utils.o
 .debug_macro   0x0000000000000000       0x2a Drivers/STM32F1xx_HAL_Driver/Src/stm32f1xx_ll_utils.o
 .debug_macro   0x0000000000000000       0x74 Drivers/STM32F1xx_HAL_Driver/Src/stm32f1xx_ll_utils.o
 .text          0x0000000000000000        0x0 c:/st/stm32cubeide_1.5.0/stm32cubeide/plugins/com.st.stm32cube.ide.mcu.externaltools.gnu-tools-for-stm32.7-2018-q2-update.win32_1.5.0.202011040924/tools/bin/../lib/gcc/arm-none-eabi/7.3.1/../../../../arm-none-eabi/lib/thumb/v7-m\libc_nano.a(lib_a-errno.o)
 .data          0x0000000000000000        0x0 c:/st/stm32cubeide_1.5.0/stm32cubeide/plugins/com.st.stm32cube.ide.mcu.externaltools.gnu-tools-for-stm32.7-2018-q2-update.win32_1.5.0.202011040924/tools/bin/../lib/gcc/arm-none-eabi/7.3.1/../../../../arm-none-eabi/lib/thumb/v7-m\libc_nano.a(lib_a-errno.o)
 .bss           0x0000000000000000        0x0 c:/st/stm32cubeide_1.5.0/stm32cubeide/plugins/com.st.stm32cube.ide.mcu.externaltools.gnu-tools-for-stm32.7-2018-q2-update.win32_1.5.0.202011040924/tools/bin/../lib/gcc/arm-none-eabi/7.3.1/../../../../arm-none-eabi/lib/thumb/v7-m\libc_nano.a(lib_a-errno.o)
 .text.__errno  0x0000000000000000        0xc c:/st/stm32cubeide_1.5.0/stm32cubeide/plugins/com.st.stm32cube.ide.mcu.externaltools.gnu-tools-for-stm32.7-2018-q2-update.win32_1.5.0.202011040924/tools/bin/../lib/gcc/arm-none-eabi/7.3.1/../../../../arm-none-eabi/lib/thumb/v7-m\libc_nano.a(lib_a-errno.o)
 .debug_frame   0x0000000000000000       0x20 c:/st/stm32cubeide_1.5.0/stm32cubeide/plugins/com.st.stm32cube.ide.mcu.externaltools.gnu-tools-for-stm32.7-2018-q2-update.win32_1.5.0.202011040924/tools/bin/../lib/gcc/arm-none-eabi/7.3.1/../../../../arm-none-eabi/lib/thumb/v7-m\libc_nano.a(lib_a-errno.o)
 .ARM.attributes
                0x0000000000000000       0x2d c:/st/stm32cubeide_1.5.0/stm32cubeide/plugins/com.st.stm32cube.ide.mcu.externaltools.gnu-tools-for-stm32.7-2018-q2-update.win32_1.5.0.202011040924/tools/bin/../lib/gcc/arm-none-eabi/7.3.1/../../../../arm-none-eabi/lib/thumb/v7-m\libc_nano.a(lib_a-errno.o)
 .text          0x0000000000000000        0x0 c:/st/stm32cubeide_1.5.0/stm32cubeide/plugins/com.st.stm32cube.ide.mcu.externaltools.gnu-tools-for-stm32.7-2018-q2-update.win32_1.5.0.202011040924/tools/bin/../lib/gcc/arm-none-eabi/7.3.1/../../../../arm-none-eabi/lib/thumb/v7-m\libc_nano.a(lib_a-exit.o)
 .data          0x0000000000000000        0x0 c:/st/stm32cubeide_1.5.0/stm32cubeide/plugins/com.st.stm32cube.ide.mcu.externaltools.gnu-tools-for-stm32.7-2018-q2-update.win32_1.5.0.202011040924/tools/bin/../lib/gcc/arm-none-eabi/7.3.1/../../../../arm-none-eabi/lib/thumb/v7-m\libc_nano.a(lib_a-exit.o)
 .bss           0x0000000000000000        0x0 c:/st/stm32cubeide_1.5.0/stm32cubeide/plugins/com.st.stm32cube.ide.mcu.externaltools.gnu-tools-for-stm32.7-2018-q2-update.win32_1.5.0.202011040924/tools/bin/../lib/gcc/arm-none-eabi/7.3.1/../../../../arm-none-eabi/lib/thumb/v7-m\libc_nano.a(lib_a-exit.o)
 .text.exit     0x0000000000000000       0x28 c:/st/stm32cubeide_1.5.0/stm32cubeide/plugins/com.st.stm32cube.ide.mcu.externaltools.gnu-tools-for-stm32.7-2018-q2-update.win32_1.5.0.202011040924/tools/bin/../lib/gcc/arm-none-eabi/7.3.1/../../../../arm-none-eabi/lib/thumb/v7-m\libc_nano.a(lib_a-exit.o)
 .debug_frame   0x0000000000000000       0x28 c:/st/stm32cubeide_1.5.0/stm32cubeide/plugins/com.st.stm32cube.ide.mcu.externaltools.gnu-tools-for-stm32.7-2018-q2-update.win32_1.5.0.202011040924/tools/bin/../lib/gcc/arm-none-eabi/7.3.1/../../../../arm-none-eabi/lib/thumb/v7-m\libc_nano.a(lib_a-exit.o)
 .ARM.attributes
                0x0000000000000000       0x2d c:/st/stm32cubeide_1.5.0/stm32cubeide/plugins/com.st.stm32cube.ide.mcu.externaltools.gnu-tools-for-stm32.7-2018-q2-update.win32_1.5.0.202011040924/tools/bin/../lib/gcc/arm-none-eabi/7.3.1/../../../../arm-none-eabi/lib/thumb/v7-m\libc_nano.a(lib_a-exit.o)
 .text          0x0000000000000000        0x0 c:/st/stm32cubeide_1.5.0/stm32cubeide/plugins/com.st.stm32cube.ide.mcu.externaltools.gnu-tools-for-stm32.7-2018-q2-update.win32_1.5.0.202011040924/tools/bin/../lib/gcc/arm-none-eabi/7.3.1/../../../../arm-none-eabi/lib/thumb/v7-m\libc_nano.a(lib_a-impure.o)
 .data          0x0000000000000000        0x0 c:/st/stm32cubeide_1.5.0/stm32cubeide/plugins/com.st.stm32cube.ide.mcu.externaltools.gnu-tools-for-stm32.7-2018-q2-update.win32_1.5.0.202011040924/tools/bin/../lib/gcc/arm-none-eabi/7.3.1/../../../../arm-none-eabi/lib/thumb/v7-m\libc_nano.a(lib_a-impure.o)
 .bss           0x0000000000000000        0x0 c:/st/stm32cubeide_1.5.0/stm32cubeide/plugins/com.st.stm32cube.ide.mcu.externaltools.gnu-tools-for-stm32.7-2018-q2-update.win32_1.5.0.202011040924/tools/bin/../lib/gcc/arm-none-eabi/7.3.1/../../../../arm-none-eabi/lib/thumb/v7-m\libc_nano.a(lib_a-impure.o)
 .data._impure_ptr
                0x0000000000000000        0x4 c:/st/stm32cubeide_1.5.0/stm32cubeide/plugins/com.st.stm32cube.ide.mcu.externaltools.gnu-tools-for-stm32.7-2018-q2-update.win32_1.5.0.202011040924/tools/bin/../lib/gcc/arm-none-eabi/7.3.1/../../../../arm-none-eabi/lib/thumb/v7-m\libc_nano.a(lib_a-impure.o)
 .data.impure_data
                0x0000000000000000       0x60 c:/st/stm32cubeide_1.5.0/stm32cubeide/plugins/com.st.stm32cube.ide.mcu.externaltools.gnu-tools-for-stm32.7-2018-q2-update.win32_1.5.0.202011040924/tools/bin/../lib/gcc/arm-none-eabi/7.3.1/../../../../arm-none-eabi/lib/thumb/v7-m\libc_nano.a(lib_a-impure.o)
 .rodata._global_impure_ptr
                0x0000000000000000        0x4 c:/st/stm32cubeide_1.5.0/stm32cubeide/plugins/com.st.stm32cube.ide.mcu.externaltools.gnu-tools-for-stm32.7-2018-q2-update.win32_1.5.0.202011040924/tools/bin/../lib/gcc/arm-none-eabi/7.3.1/../../../../arm-none-eabi/lib/thumb/v7-m\libc_nano.a(lib_a-impure.o)
 .ARM.attributes
                0x0000000000000000       0x2d c:/st/stm32cubeide_1.5.0/stm32cubeide/plugins/com.st.stm32cube.ide.mcu.externaltools.gnu-tools-for-stm32.7-2018-q2-update.win32_1.5.0.202011040924/tools/bin/../lib/gcc/arm-none-eabi/7.3.1/../../../../arm-none-eabi/lib/thumb/v7-m\libc_nano.a(lib_a-impure.o)
 .text          0x0000000000000000        0x0 c:/st/stm32cubeide_1.5.0/stm32cubeide/plugins/com.st.stm32cube.ide.mcu.externaltools.gnu-tools-for-stm32.7-2018-q2-update.win32_1.5.0.202011040924/tools/bin/../lib/gcc/arm-none-eabi/7.3.1/../../../../arm-none-eabi/lib/thumb/v7-m\libc_nano.a(lib_a-init.o)
 .data          0x0000000000000000        0x0 c:/st/stm32cubeide_1.5.0/stm32cubeide/plugins/com.st.stm32cube.ide.mcu.externaltools.gnu-tools-for-stm32.7-2018-q2-update.win32_1.5.0.202011040924/tools/bin/../lib/gcc/arm-none-eabi/7.3.1/../../../../arm-none-eabi/lib/thumb/v7-m\libc_nano.a(lib_a-init.o)
 .bss           0x0000000000000000        0x0 c:/st/stm32cubeide_1.5.0/stm32cubeide/plugins/com.st.stm32cube.ide.mcu.externaltools.gnu-tools-for-stm32.7-2018-q2-update.win32_1.5.0.202011040924/tools/bin/../lib/gcc/arm-none-eabi/7.3.1/../../../../arm-none-eabi/lib/thumb/v7-m\libc_nano.a(lib_a-init.o)
 .text          0x0000000000000000        0x0 c:/st/stm32cubeide_1.5.0/stm32cubeide/plugins/com.st.stm32cube.ide.mcu.externaltools.gnu-tools-for-stm32.7-2018-q2-update.win32_1.5.0.202011040924/tools/bin/../lib/gcc/arm-none-eabi/7.3.1/../../../../arm-none-eabi/lib/thumb/v7-m\libc_nano.a(lib_a-memset.o)
 .data          0x0000000000000000        0x0 c:/st/stm32cubeide_1.5.0/stm32cubeide/plugins/com.st.stm32cube.ide.mcu.externaltools.gnu-tools-for-stm32.7-2018-q2-update.win32_1.5.0.202011040924/tools/bin/../lib/gcc/arm-none-eabi/7.3.1/../../../../arm-none-eabi/lib/thumb/v7-m\libc_nano.a(lib_a-memset.o)
 .bss           0x0000000000000000        0x0 c:/st/stm32cubeide_1.5.0/stm32cubeide/plugins/com.st.stm32cube.ide.mcu.externaltools.gnu-tools-for-stm32.7-2018-q2-update.win32_1.5.0.202011040924/tools/bin/../lib/gcc/arm-none-eabi/7.3.1/../../../../arm-none-eabi/lib/thumb/v7-m\libc_nano.a(lib_a-memset.o)
 .text.memset   0x0000000000000000       0x10 c:/st/stm32cubeide_1.5.0/stm32cubeide/plugins/com.st.stm32cube.ide.mcu.externaltools.gnu-tools-for-stm32.7-2018-q2-update.win32_1.5.0.202011040924/tools/bin/../lib/gcc/arm-none-eabi/7.3.1/../../../../arm-none-eabi/lib/thumb/v7-m\libc_nano.a(lib_a-memset.o)
 .debug_frame   0x0000000000000000       0x20 c:/st/stm32cubeide_1.5.0/stm32cubeide/plugins/com.st.stm32cube.ide.mcu.externaltools.gnu-tools-for-stm32.7-2018-q2-update.win32_1.5.0.202011040924/tools/bin/../lib/gcc/arm-none-eabi/7.3.1/../../../../arm-none-eabi/lib/thumb/v7-m\libc_nano.a(lib_a-memset.o)
 .ARM.attributes
                0x0000000000000000       0x2d c:/st/stm32cubeide_1.5.0/stm32cubeide/plugins/com.st.stm32cube.ide.mcu.externaltools.gnu-tools-for-stm32.7-2018-q2-update.win32_1.5.0.202011040924/tools/bin/../lib/gcc/arm-none-eabi/7.3.1/../../../../arm-none-eabi/lib/thumb/v7-m\libc_nano.a(lib_a-memset.o)
 .text          0x0000000000000000        0x0 c:/st/stm32cubeide_1.5.0/stm32cubeide/plugins/com.st.stm32cube.ide.mcu.externaltools.gnu-tools-for-stm32.7-2018-q2-update.win32_1.5.0.202011040924/tools/bin/../lib/gcc/arm-none-eabi/7.3.1/thumb/v7-m/crtend.o
 .data          0x0000000000000000        0x0 c:/st/stm32cubeide_1.5.0/stm32cubeide/plugins/com.st.stm32cube.ide.mcu.externaltools.gnu-tools-for-stm32.7-2018-q2-update.win32_1.5.0.202011040924/tools/bin/../lib/gcc/arm-none-eabi/7.3.1/thumb/v7-m/crtend.o
 .bss           0x0000000000000000        0x0 c:/st/stm32cubeide_1.5.0/stm32cubeide/plugins/com.st.stm32cube.ide.mcu.externaltools.gnu-tools-for-stm32.7-2018-q2-update.win32_1.5.0.202011040924/tools/bin/../lib/gcc/arm-none-eabi/7.3.1/thumb/v7-m/crtend.o
 .eh_frame      0x0000000000000000        0x4 c:/st/stm32cubeide_1.5.0/stm32cubeide/plugins/com.st.stm32cube.ide.mcu.externaltools.gnu-tools-for-stm32.7-2018-q2-update.win32_1.5.0.202011040924/tools/bin/../lib/gcc/arm-none-eabi/7.3.1/thumb/v7-m/crtend.o
 .ARM.attributes
                0x0000000000000000       0x2d c:/st/stm32cubeide_1.5.0/stm32cubeide/plugins/com.st.stm32cube.ide.mcu.externaltools.gnu-tools-for-stm32.7-2018-q2-update.win32_1.5.0.202011040924/tools/bin/../lib/gcc/arm-none-eabi/7.3.1/thumb/v7-m/crtend.o
 .text          0x0000000000000000        0x0 c:/st/stm32cubeide_1.5.0/stm32cubeide/plugins/com.st.stm32cube.ide.mcu.externaltools.gnu-tools-for-stm32.7-2018-q2-update.win32_1.5.0.202011040924/tools/bin/../lib/gcc/arm-none-eabi/7.3.1/thumb/v7-m/crtn.o
 .data          0x0000000000000000        0x0 c:/st/stm32cubeide_1.5.0/stm32cubeide/plugins/com.st.stm32cube.ide.mcu.externaltools.gnu-tools-for-stm32.7-2018-q2-update.win32_1.5.0.202011040924/tools/bin/../lib/gcc/arm-none-eabi/7.3.1/thumb/v7-m/crtn.o
 .bss           0x0000000000000000        0x0 c:/st/stm32cubeide_1.5.0/stm32cubeide/plugins/com.st.stm32cube.ide.mcu.externaltools.gnu-tools-for-stm32.7-2018-q2-update.win32_1.5.0.202011040924/tools/bin/../lib/gcc/arm-none-eabi/7.3.1/thumb/v7-m/crtn.o

Memory Configuration

Name             Origin             Length             Attributes
RAM              0x0000000020000000 0x0000000000005000 xrw
FLASH            0x0000000008000000 0x0000000000010000 xr
*default*        0x0000000000000000 0xffffffffffffffff

Linker script and memory map

LOAD c:/st/stm32cubeide_1.5.0/stm32cubeide/plugins/com.st.stm32cube.ide.mcu.externaltools.gnu-tools-for-stm32.7-2018-q2-update.win32_1.5.0.202011040924/tools/bin/../lib/gcc/arm-none-eabi/7.3.1/thumb/v7-m/crti.o
LOAD c:/st/stm32cubeide_1.5.0/stm32cubeide/plugins/com.st.stm32cube.ide.mcu.externaltools.gnu-tools-for-stm32.7-2018-q2-update.win32_1.5.0.202011040924/tools/bin/../lib/gcc/arm-none-eabi/7.3.1/thumb/v7-m/crtbegin.o
LOAD c:/st/stm32cubeide_1.5.0/stm32cubeide/plugins/com.st.stm32cube.ide.mcu.externaltools.gnu-tools-for-stm32.7-2018-q2-update.win32_1.5.0.202011040924/tools/bin/../lib/gcc/arm-none-eabi/7.3.1/../../../../arm-none-eabi/lib/thumb/v7-m/crt0.o
LOAD Core/Src/main.o
LOAD Core/Src/stm32f1xx_it.o
LOAD Core/Src/syscalls.o
LOAD Core/Src/sysmem.o
LOAD Core/Src/system_stm32f1xx.o
LOAD Core/Startup/startup_stm32f103c8tx.o
LOAD Drivers/STM32F1xx_HAL_Driver/Src/stm32f1xx_ll_dma.o
LOAD Drivers/STM32F1xx_HAL_Driver/Src/stm32f1xx_ll_exti.o
LOAD Drivers/STM32F1xx_HAL_Driver/Src/stm32f1xx_ll_gpio.o
LOAD Drivers/STM32F1xx_HAL_Driver/Src/stm32f1xx_ll_pwr.o
LOAD Drivers/STM32F1xx_HAL_Driver/Src/stm32f1xx_ll_rcc.o
LOAD Drivers/STM32F1xx_HAL_Driver/Src/stm32f1xx_ll_tim.o
LOAD Drivers/STM32F1xx_HAL_Driver/Src/stm32f1xx_ll_utils.o
START GROUP
LOAD c:/st/stm32cubeide_1.5.0/stm32cubeide/plugins/com.st.stm32cube.ide.mcu.externaltools.gnu-tools-for-stm32.7-2018-q2-update.win32_1.5.0.202011040924/tools/bin/../lib/gcc/arm-none-eabi/7.3.1/../../../../arm-none-eabi/lib/thumb/v7-m\libstdc++_nano.a
LOAD c:/st/stm32cubeide_1.5.0/stm32cubeide/plugins/com.st.stm32cube.ide.mcu.externaltools.gnu-tools-for-stm32.7-2018-q2-update.win32_1.5.0.202011040924/tools/bin/../lib/gcc/arm-none-eabi/7.3.1/../../../../arm-none-eabi/lib/thumb/v7-m\libsupc++_nano.a
END GROUP
LOAD c:/st/stm32cubeide_1.5.0/stm32cubeide/plugins/com.st.stm32cube.ide.mcu.externaltools.gnu-tools-for-stm32.7-2018-q2-update.win32_1.5.0.202011040924/tools/bin/../lib/gcc/arm-none-eabi/7.3.1/../../../../arm-none-eabi/lib/thumb/v7-m\libstdc++_nano.a
LOAD c:/st/stm32cubeide_1.5.0/stm32cubeide/plugins/com.st.stm32cube.ide.mcu.externaltools.gnu-tools-for-stm32.7-2018-q2-update.win32_1.5.0.202011040924/tools/bin/../lib/gcc/arm-none-eabi/7.3.1/../../../../arm-none-eabi/lib/thumb/v7-m\libm.a
LOAD c:/st/stm32cubeide_1.5.0/stm32cubeide/plugins/com.st.stm32cube.ide.mcu.externaltools.gnu-tools-for-stm32.7-2018-q2-update.win32_1.5.0.202011040924/tools/bin/../lib/gcc/arm-none-eabi/7.3.1/../../../../arm-none-eabi/lib/thumb/v7-m\libc_nano.a
START GROUP
LOAD c:/st/stm32cubeide_1.5.0/stm32cubeide/plugins/com.st.stm32cube.ide.mcu.externaltools.gnu-tools-for-stm32.7-2018-q2-update.win32_1.5.0.202011040924/tools/bin/../lib/gcc/arm-none-eabi/7.3.1/thumb/v7-m\libgcc.a
LOAD c:/st/stm32cubeide_1.5.0/stm32cubeide/plugins/com.st.stm32cube.ide.mcu.externaltools.gnu-tools-for-stm32.7-2018-q2-update.win32_1.5.0.202011040924/tools/bin/../lib/gcc/arm-none-eabi/7.3.1/../../../../arm-none-eabi/lib/thumb/v7-m\libc_nano.a
END GROUP
START GROUP
LOAD c:/st/stm32cubeide_1.5.0/stm32cubeide/plugins/com.st.stm32cube.ide.mcu.externaltools.gnu-tools-for-stm32.7-2018-q2-update.win32_1.5.0.202011040924/tools/bin/../lib/gcc/arm-none-eabi/7.3.1/thumb/v7-m\libgcc.a
LOAD c:/st/stm32cubeide_1.5.0/stm32cubeide/plugins/com.st.stm32cube.ide.mcu.externaltools.gnu-tools-for-stm32.7-2018-q2-update.win32_1.5.0.202011040924/tools/bin/../lib/gcc/arm-none-eabi/7.3.1/../../../../arm-none-eabi/lib/thumb/v7-m\libc_nano.a
LOAD c:/st/stm32cubeide_1.5.0/stm32cubeide/plugins/com.st.stm32cube.ide.mcu.externaltools.gnu-tools-for-stm32.7-2018-q2-update.win32_1.5.0.202011040924/tools/bin/../lib/gcc/arm-none-eabi/7.3.1/../../../../arm-none-eabi/lib/thumb/v7-m\libnosys.a
END GROUP
START GROUP
LOAD c:/st/stm32cubeide_1.5.0/stm32cubeide/plugins/com.st.stm32cube.ide.mcu.externaltools.gnu-tools-for-stm32.7-2018-q2-update.win32_1.5.0.202011040924/tools/bin/../lib/gcc/arm-none-eabi/7.3.1/thumb/v7-m\libgcc.a
LOAD c:/st/stm32cubeide_1.5.0/stm32cubeide/plugins/com.st.stm32cube.ide.mcu.externaltools.gnu-tools-for-stm32.7-2018-q2-update.win32_1.5.0.202011040924/tools/bin/../lib/gcc/arm-none-eabi/7.3.1/../../../../arm-none-eabi/lib/thumb/v7-m\libc_nano.a
LOAD c:/st/stm32cubeide_1.5.0/stm32cubeide/plugins/com.st.stm32cube.ide.mcu.externaltools.gnu-tools-for-stm32.7-2018-q2-update.win32_1.5.0.202011040924/tools/bin/../lib/gcc/arm-none-eabi/7.3.1/../../../../arm-none-eabi/lib/thumb/v7-m\libnosys.a
END GROUP
LOAD c:/st/stm32cubeide_1.5.0/stm32cubeide/plugins/com.st.stm32cube.ide.mcu.externaltools.gnu-tools-for-stm32.7-2018-q2-update.win32_1.5.0.202011040924/tools/bin/../lib/gcc/arm-none-eabi/7.3.1/thumb/v7-m/crtend.o
LOAD c:/st/stm32cubeide_1.5.0/stm32cubeide/plugins/com.st.stm32cube.ide.mcu.externaltools.gnu-tools-for-stm32.7-2018-q2-update.win32_1.5.0.202011040924/tools/bin/../lib/gcc/arm-none-eabi/7.3.1/thumb/v7-m/crtn.o
                0x0000000020005000                _estack = (ORIGIN (RAM) + LENGTH (RAM))
                0x0000000000000200                _Min_Heap_Size = 0x200
                0x0000000000000400                _Min_Stack_Size = 0x400

.isr_vector     0x0000000008000000      0x10c
                0x0000000008000000                . = ALIGN (0x4)
 *(.isr_vector)
 .isr_vector    0x0000000008000000      0x10c Core/Startup/startup_stm32f103c8tx.o
                0x0000000008000000                g_pfnVectors
                0x000000000800010c                . = ALIGN (0x4)

.text           0x000000000800010c     0x1038
                0x000000000800010c                . = ALIGN (0x4)
 *(.text)
 .text          0x000000000800010c       0x40 c:/st/stm32cubeide_1.5.0/stm32cubeide/plugins/com.st.stm32cube.ide.mcu.externaltools.gnu-tools-for-stm32.7-2018-q2-update.win32_1.5.0.202011040924/tools/bin/../lib/gcc/arm-none-eabi/7.3.1/thumb/v7-m/crtbegin.o
 .text          0x000000000800014c       0xa0 Core/Src/main.o
                0x000000000800014c                SystemClock_Config
                0x00000000080001e8                Error_Handler
 .text          0x00000000080001ec       0x7c Core/Src/stm32f1xx_it.o
                0x00000000080001ec                NMI_Handler
                0x00000000080001f0                HardFault_Handler
                0x00000000080001f4                MemManage_Handler
                0x00000000080001f8                BusFault_Handler
                0x00000000080001fc                UsageFault_Handler
                0x0000000008000200                SVC_Handler
                0x0000000008000204                DebugMon_Handler
                0x0000000008000208                PendSV_Handler
                0x000000000800020c                SysTick_Handler
                0x0000000008000210                TIM1_UP_IRQHandler
                0x0000000008000264                TIM2_IRQHandler
 .text          0x0000000008000268       0x60 Core/Src/system_stm32f1xx.o
                0x0000000008000268                SystemInit
                0x000000000800026c                SystemCoreClockUpdate
 .text          0x00000000080002c8      0x1c8 Drivers/STM32F1xx_HAL_Driver/Src/stm32f1xx_ll_gpio.o
                0x00000000080002c8                LL_GPIO_DeInit
                0x0000000008000378                LL_GPIO_Init
                0x0000000008000474                LL_GPIO_StructInit
 .text          0x0000000008000490      0x508 Drivers/STM32F1xx_HAL_Driver/Src/stm32f1xx_ll_tim.o
                0x0000000008000490                LL_TIM_DeInit
                0x000000000800051c                LL_TIM_StructInit
                0x0000000008000530                LL_TIM_Init
                0x000000000800059c                LL_TIM_OC_StructInit
                0x00000000080005b0                LL_TIM_OC_Init
                0x0000000008000764                LL_TIM_IC_StructInit
                0x0000000008000774                LL_TIM_IC_Init
                0x0000000008000868                LL_TIM_ENCODER_StructInit
                0x0000000008000884                LL_TIM_ENCODER_Init
                0x00000000080008e8                LL_TIM_HALLSENSOR_StructInit
                0x00000000080008f4                LL_TIM_HALLSENSOR_Init
                0x000000000800094c                LL_TIM_BDTR_StructInit
                0x0000000008000960                LL_TIM_BDTR_Init
 .text          0x0000000008000998      0x364 Drivers/STM32F1xx_HAL_Driver/Src/stm32f1xx_ll_utils.o
                0x0000000008000998                LL_Init1msTick
                0x00000000080009bc                LL_mDelay
                0x00000000080009e0                LL_SetSystemCoreClock
                0x00000000080009ec                LL_SetFlashLatency
                0x0000000008000a3c                LL_PLL_ConfigSystemClock_HSI
                0x0000000008000b90                LL_PLL_ConfigSystemClock_HSE
 *(.text*)
 .text.startup  0x0000000008000cfc      0x39c Core/Src/main.o
                0x0000000008000cfc                main
 .text.Reset_Handler
                0x0000000008001098       0x48 Core/Startup/startup_stm32f103c8tx.o
                0x0000000008001098                Reset_Handler
 .text.Default_Handler
                0x00000000080010e0        0x2 Core/Startup/startup_stm32f103c8tx.o
                0x00000000080010e0                RTC_Alarm_IRQHandler
                0x00000000080010e0                EXTI2_IRQHandler
                0x00000000080010e0                TIM1_CC_IRQHandler
                0x00000000080010e0                PVD_IRQHandler
                0x00000000080010e0                EXTI3_IRQHandler
                0x00000000080010e0                EXTI0_IRQHandler
                0x00000000080010e0                I2C2_EV_IRQHandler
                0x00000000080010e0                ADC1_2_IRQHandler
                0x00000000080010e0                SPI1_IRQHandler
                0x00000000080010e0                TAMPER_IRQHandler
                0x00000000080010e0                DMA1_Channel4_IRQHandler
                0x00000000080010e0                USART3_IRQHandler
                0x00000000080010e0                RTC_IRQHandler
                0x00000000080010e0                DMA1_Channel7_IRQHandler
                0x00000000080010e0                CAN1_RX1_IRQHandler
                0x00000000080010e0                TIM4_IRQHandler
                0x00000000080010e0                I2C1_EV_IRQHandler
                0x00000000080010e0                DMA1_Channel6_IRQHandler
                0x00000000080010e0                TIM3_IRQHandler
                0x00000000080010e0                RCC_IRQHandler
                0x00000000080010e0                TIM1_TRG_COM_IRQHandler
                0x00000000080010e0                DMA1_Channel1_IRQHandler
                0x00000000080010e0                Default_Handler
                0x00000000080010e0                EXTI15_10_IRQHandler
                0x00000000080010e0                EXTI9_5_IRQHandler
                0x00000000080010e0                SPI2_IRQHandler
                0x00000000080010e0                DMA1_Channel5_IRQHandler
                0x00000000080010e0                EXTI4_IRQHandler
                0x00000000080010e0                USB_LP_CAN1_RX0_IRQHandler
                0x00000000080010e0                USB_HP_CAN1_TX_IRQHandler
                0x00000000080010e0                DMA1_Channel3_IRQHandler
                0x00000000080010e0                WWDG_IRQHandler
                0x00000000080010e0                TIM1_BRK_IRQHandler
                0x00000000080010e0                EXTI1_IRQHandler
                0x00000000080010e0                USART2_IRQHandler
                0x00000000080010e0                I2C2_ER_IRQHandler
                0x00000000080010e0                DMA1_Channel2_IRQHandler
                0x00000000080010e0                CAN1_SCE_IRQHandler
                0x00000000080010e0                FLASH_IRQHandler
                0x00000000080010e0                USART1_IRQHandler
                0x00000000080010e0                I2C1_ER_IRQHandler
                0x00000000080010e0                USBWakeUp_IRQHandler
 *fill*         0x00000000080010e2        0x2 
 .text.__libc_init_array
                0x00000000080010e4       0x48 c:/st/stm32cubeide_1.5.0/stm32cubeide/plugins/com.st.stm32cube.ide.mcu.externaltools.gnu-tools-for-stm32.7-2018-q2-update.win32_1.5.0.202011040924/tools/bin/../lib/gcc/arm-none-eabi/7.3.1/../../../../arm-none-eabi/lib/thumb/v7-m\libc_nano.a(lib_a-init.o)
                0x00000000080010e4                __libc_init_array
 *(.glue_7)
 .glue_7        0x000000000800112c        0x0 linker stubs
 *(.glue_7t)
 .glue_7t       0x000000000800112c        0x0 linker stubs
 *(.eh_frame)
 .eh_frame      0x000000000800112c        0x0 c:/st/stm32cubeide_1.5.0/stm32cubeide/plugins/com.st.stm32cube.ide.mcu.externaltools.gnu-tools-for-stm32.7-2018-q2-update.win32_1.5.0.202011040924/tools/bin/../lib/gcc/arm-none-eabi/7.3.1/thumb/v7-m/crtbegin.o
 *(.init)
 .init          0x000000000800112c        0x4 c:/st/stm32cubeide_1.5.0/stm32cubeide/plugins/com.st.stm32cube.ide.mcu.externaltools.gnu-tools-for-stm32.7-2018-q2-update.win32_1.5.0.202011040924/tools/bin/../lib/gcc/arm-none-eabi/7.3.1/thumb/v7-m/crti.o
                0x000000000800112c                _init
 .init          0x0000000008001130        0x8 c:/st/stm32cubeide_1.5.0/stm32cubeide/plugins/com.st.stm32cube.ide.mcu.externaltools.gnu-tools-for-stm32.7-2018-q2-update.win32_1.5.0.202011040924/tools/bin/../lib/gcc/arm-none-eabi/7.3.1/thumb/v7-m/crtn.o
 *(.fini)
 .fini          0x0000000008001138        0x4 c:/st/stm32cubeide_1.5.0/stm32cubeide/plugins/com.st.stm32cube.ide.mcu.externaltools.gnu-tools-for-stm32.7-2018-q2-update.win32_1.5.0.202011040924/tools/bin/../lib/gcc/arm-none-eabi/7.3.1/thumb/v7-m/crti.o
                0x0000000008001138                _fini
 .fini          0x000000000800113c        0x8 c:/st/stm32cubeide_1.5.0/stm32cubeide/plugins/com.st.stm32cube.ide.mcu.externaltools.gnu-tools-for-stm32.7-2018-q2-update.win32_1.5.0.202011040924/tools/bin/../lib/gcc/arm-none-eabi/7.3.1/thumb/v7-m/crtn.o
                0x0000000008001144                . = ALIGN (0x4)
                0x0000000008001144                _etext = .

.vfp11_veneer   0x0000000008001144        0x0
 .vfp11_veneer  0x0000000008001144        0x0 linker stubs

.v4_bx          0x0000000008001144        0x0
 .v4_bx         0x0000000008001144        0x0 linker stubs

.iplt           0x0000000008001144        0x0
 .iplt          0x0000000008001144        0x0 c:/st/stm32cubeide_1.5.0/stm32cubeide/plugins/com.st.stm32cube.ide.mcu.externaltools.gnu-tools-for-stm32.7-2018-q2-update.win32_1.5.0.202011040924/tools/bin/../lib/gcc/arm-none-eabi/7.3.1/thumb/v7-m/crtbegin.o

.rodata         0x0000000008001144       0x10
                0x0000000008001144                . = ALIGN (0x4)
 *(.rodata)
 *(.rodata*)
 .rodata.AHBPrescTable
                0x0000000008001144       0x10 Core/Src/system_stm32f1xx.o
                0x0000000008001144                AHBPrescTable
                0x0000000008001154                . = ALIGN (0x4)

.rel.dyn        0x0000000008001154        0x0
 .rel.iplt      0x0000000008001154        0x0 c:/st/stm32cubeide_1.5.0/stm32cubeide/plugins/com.st.stm32cube.ide.mcu.externaltools.gnu-tools-for-stm32.7-2018-q2-update.win32_1.5.0.202011040924/tools/bin/../lib/gcc/arm-none-eabi/7.3.1/thumb/v7-m/crtbegin.o

.ARM.extab      0x0000000008001154        0x0
                0x0000000008001154                . = ALIGN (0x4)
 *(.ARM.extab* .gnu.linkonce.armextab.*)
                0x0000000008001154                . = ALIGN (0x4)

.ARM            0x0000000008001154        0x0
                0x0000000008001154                . = ALIGN (0x4)
                0x0000000008001154                __exidx_start = .
 *(.ARM.exidx*)
                0x0000000008001154                __exidx_end = .
                0x0000000008001154                . = ALIGN (0x4)

.preinit_array  0x0000000008001154        0x0
                0x0000000008001154                . = ALIGN (0x4)
                0x0000000008001154                PROVIDE (__preinit_array_start = .)
 *(.preinit_array*)
                0x0000000008001154                PROVIDE (__preinit_array_end = .)
                0x0000000008001154                . = ALIGN (0x4)

.init_array     0x0000000008001154        0x4
                0x0000000008001154                . = ALIGN (0x4)
                0x0000000008001154                PROVIDE (__init_array_start = .)
 *(SORT_BY_NAME(.init_array.*))
 *(.init_array*)
 .init_array    0x0000000008001154        0x4 c:/st/stm32cubeide_1.5.0/stm32cubeide/plugins/com.st.stm32cube.ide.mcu.externaltools.gnu-tools-for-stm32.7-2018-q2-update.win32_1.5.0.202011040924/tools/bin/../lib/gcc/arm-none-eabi/7.3.1/thumb/v7-m/crtbegin.o
                0x0000000008001158                PROVIDE (__init_array_end = .)
                0x0000000008001158                . = ALIGN (0x4)

.fini_array     0x0000000008001158        0x4
                0x0000000008001158                . = ALIGN (0x4)
                [!provide]                        PROVIDE (__fini_array_start = .)
 *(SORT_BY_NAME(.fini_array.*))
 *(.fini_array*)
 .fini_array    0x0000000008001158        0x4 c:/st/stm32cubeide_1.5.0/stm32cubeide/plugins/com.st.stm32cube.ide.mcu.externaltools.gnu-tools-for-stm32.7-2018-q2-update.win32_1.5.0.202011040924/tools/bin/../lib/gcc/arm-none-eabi/7.3.1/thumb/v7-m/crtbegin.o
                [!provide]                        PROVIDE (__fini_array_end = .)
                0x000000000800115c                . = ALIGN (0x4)
                0x000000000800115c                _sidata = LOADADDR (.data)

.data           0x0000000020000000       0x14 load address 0x000000000800115c
                0x0000000020000000                . = ALIGN (0x4)
                0x0000000020000000                _sdata = .
 *(.data)
 *(.data*)
 .data.array    0x0000000020000000       0x10 Core/Src/main.o
                0x0000000020000000                array
 .data.SystemCoreClock
                0x0000000020000010        0x4 Core/Src/system_stm32f1xx.o
                0x0000000020000010                SystemCoreClock
 *(.RamFunc)
 *(.RamFunc*)
                0x0000000020000014                . = ALIGN (0x4)
                0x0000000020000014                _edata = .

.igot.plt       0x0000000020000014        0x0 load address 0x0000000008001170
 .igot.plt      0x0000000020000014        0x0 c:/st/stm32cubeide_1.5.0/stm32cubeide/plugins/com.st.stm32cube.ide.mcu.externaltools.gnu-tools-for-stm32.7-2018-q2-update.win32_1.5.0.202011040924/tools/bin/../lib/gcc/arm-none-eabi/7.3.1/thumb/v7-m/crtbegin.o
                0x0000000020000014                . = ALIGN (0x4)

.bss            0x0000000020000014       0x2c load address 0x0000000008001170
                0x0000000020000014                _sbss = .
                0x0000000020000014                __bss_start__ = _sbss
 *(.bss)
 .bss           0x0000000020000014       0x1c c:/st/stm32cubeide_1.5.0/stm32cubeide/plugins/com.st.stm32cube.ide.mcu.externaltools.gnu-tools-for-stm32.7-2018-q2-update.win32_1.5.0.202011040924/tools/bin/../lib/gcc/arm-none-eabi/7.3.1/thumb/v7-m/crtbegin.o
 *(.bss*)
 *(COMMON)
 COMMON         0x0000000020000030        0xe Core/Src/main.o
                0x0000000020000030                repeat
                0x0000000020000032                countSend
                0x0000000020000034                processed
                0x0000000020000036                new_time
                0x0000000020000038                new_state
                0x000000002000003a                new_prescale
                0x000000002000003c                new_repeat
                0x0000000020000040                . = ALIGN (0x4)
 *fill*         0x000000002000003e        0x2 
                0x0000000020000040                _ebss = .
                0x0000000020000040                __bss_end__ = _ebss

._user_heap_stack
                0x0000000020000040      0x600 load address 0x0000000008001170
                0x0000000020000040                . = ALIGN (0x8)
                [!provide]                        PROVIDE (end = .)
                0x0000000020000040                PROVIDE (_end = .)
                0x0000000020000240                . = (. + _Min_Heap_Size)
 *fill*         0x0000000020000040      0x200 
                0x0000000020000640                . = (. + _Min_Stack_Size)
 *fill*         0x0000000020000240      0x400 
                0x0000000020000640                . = ALIGN (0x8)

/DISCARD/
 libc.a(*)
 libm.a(*)
 libgcc.a(*)

.ARM.attributes
                0x0000000000000000       0x29
 *(.ARM.attributes)
 .ARM.attributes
                0x0000000000000000       0x1d c:/st/stm32cubeide_1.5.0/stm32cubeide/plugins/com.st.stm32cube.ide.mcu.externaltools.gnu-tools-for-stm32.7-2018-q2-update.win32_1.5.0.202011040924/tools/bin/../lib/gcc/arm-none-eabi/7.3.1/thumb/v7-m/crti.o
 .ARM.attributes
                0x000000000000001d       0x2d c:/st/stm32cubeide_1.5.0/stm32cubeide/plugins/com.st.stm32cube.ide.mcu.externaltools.gnu-tools-for-stm32.7-2018-q2-update.win32_1.5.0.202011040924/tools/bin/../lib/gcc/arm-none-eabi/7.3.1/thumb/v7-m/crtbegin.o
 .ARM.attributes
                0x000000000000004a       0x2f Core/Src/main.o
 .ARM.attributes
                0x0000000000000079       0x2f Core/Src/stm32f1xx_it.o
 .ARM.attributes
                0x00000000000000a8       0x2f Core/Src/system_stm32f1xx.o
 .ARM.attributes
                0x00000000000000d7       0x21 Core/Startup/startup_stm32f103c8tx.o
 .ARM.attributes
                0x00000000000000f8       0x2f Drivers/STM32F1xx_HAL_Driver/Src/stm32f1xx_ll_gpio.o
 .ARM.attributes
                0x0000000000000127       0x2f Drivers/STM32F1xx_HAL_Driver/Src/stm32f1xx_ll_tim.o
 .ARM.attributes
                0x0000000000000156       0x2f Drivers/STM32F1xx_HAL_Driver/Src/stm32f1xx_ll_utils.o
 .ARM.attributes
                0x0000000000000185       0x2d c:/st/stm32cubeide_1.5.0/stm32cubeide/plugins/com.st.stm32cube.ide.mcu.externaltools.gnu-tools-for-stm32.7-2018-q2-update.win32_1.5.0.202011040924/tools/bin/../lib/gcc/arm-none-eabi/7.3.1/../../../../arm-none-eabi/lib/thumb/v7-m\libc_nano.a(lib_a-init.o)
 .ARM.attributes
                0x00000000000001b2       0x1d c:/st/stm32cubeide_1.5.0/stm32cubeide/plugins/com.st.stm32cube.ide.mcu.externaltools.gnu-tools-for-stm32.7-2018-q2-update.win32_1.5.0.202011040924/tools/bin/../lib/gcc/arm-none-eabi/7.3.1/thumb/v7-m/crtn.o
OUTPUT(Gen.elf elf32-littlearm)

.debug_info     0x0000000000000000     0x421f
 .debug_info    0x0000000000000000     0x155c Core/Src/main.o
 .debug_info    0x000000000000155c      0x442 Core/Src/stm32f1xx_it.o
 .debug_info    0x000000000000199e      0x244 Core/Src/system_stm32f1xx.o
 .debug_info    0x0000000000001be2       0x22 Core/Startup/startup_stm32f103c8tx.o
 .debug_info    0x0000000000001c04      0x7f6 Drivers/STM32F1xx_HAL_Driver/Src/stm32f1xx_ll_gpio.o
 .debug_info    0x00000000000023fa     0x10b8 Drivers/STM32F1xx_HAL_Driver/Src/stm32f1xx_ll_tim.o
 .debug_info    0x00000000000034b2      0xd6d Drivers/STM32F1xx_HAL_Driver/Src/stm32f1xx_ll_utils.o

.debug_abbrev   0x0000000000000000      0xd79
 .debug_abbrev  0x0000000000000000      0x36d Core/Src/main.o
 .debug_abbrev  0x000000000000036d      0x10b Core/Src/stm32f1xx_it.o
 .debug_abbrev  0x0000000000000478      0x134 Core/Src/system_stm32f1xx.o
 .debug_abbrev  0x00000000000005ac       0x12 Core/Startup/startup_stm32f103c8tx.o
 .debug_abbrev  0x00000000000005be      0x247 Drivers/STM32F1xx_HAL_Driver/Src/stm32f1xx_ll_gpio.o
 .debug_abbrev  0x0000000000000805      0x291 Drivers/STM32F1xx_HAL_Driver/Src/stm32f1xx_ll_tim.o
 .debug_abbrev  0x0000000000000a96      0x2e3 Drivers/STM32F1xx_HAL_Driver/Src/stm32f1xx_ll_utils.o

.debug_loc      0x0000000000000000     0x1f58
 .debug_loc     0x0000000000000000      0x42a Core/Src/main.o
 .debug_loc     0x000000000000042a       0xcd Core/Src/system_stm32f1xx.o
 .debug_loc     0x00000000000004f7      0x361 Drivers/STM32F1xx_HAL_Driver/Src/stm32f1xx_ll_gpio.o
 .debug_loc     0x0000000000000858      0xe8d Drivers/STM32F1xx_HAL_Driver/Src/stm32f1xx_ll_tim.o
 .debug_loc     0x00000000000016e5      0x873 Drivers/STM32F1xx_HAL_Driver/Src/stm32f1xx_ll_utils.o

.debug_aranges  0x0000000000000000       0xf0
 .debug_aranges
                0x0000000000000000       0x28 Core/Src/main.o
 .debug_aranges
                0x0000000000000028       0x20 Core/Src/stm32f1xx_it.o
 .debug_aranges
                0x0000000000000048       0x20 Core/Src/system_stm32f1xx.o
 .debug_aranges
                0x0000000000000068       0x28 Core/Startup/startup_stm32f103c8tx.o
 .debug_aranges
                0x0000000000000090       0x20 Drivers/STM32F1xx_HAL_Driver/Src/stm32f1xx_ll_gpio.o
 .debug_aranges
                0x00000000000000b0       0x20 Drivers/STM32F1xx_HAL_Driver/Src/stm32f1xx_ll_tim.o
 .debug_aranges
                0x00000000000000d0       0x20 Drivers/STM32F1xx_HAL_Driver/Src/stm32f1xx_ll_utils.o

.debug_ranges   0x0000000000000000      0xae0
 .debug_ranges  0x0000000000000000      0x4e8 Core/Src/main.o
 .debug_ranges  0x00000000000004e8       0x20 Core/Startup/startup_stm32f103c8tx.o
 .debug_ranges  0x0000000000000508       0xc0 Drivers/STM32F1xx_HAL_Driver/Src/stm32f1xx_ll_gpio.o
 .debug_ranges  0x00000000000005c8      0x178 Drivers/STM32F1xx_HAL_Driver/Src/stm32f1xx_ll_tim.o
 .debug_ranges  0x0000000000000740      0x3a0 Drivers/STM32F1xx_HAL_Driver/Src/stm32f1xx_ll_utils.o

.debug_macro    0x0000000000000000    0x11c97
 .debug_macro   0x0000000000000000      0x13a Core/Src/main.o
 .debug_macro   0x000000000000013a      0xa96 Core/Src/main.o
 .debug_macro   0x0000000000000bd0       0x2e Core/Src/main.o
 .debug_macro   0x0000000000000bfe       0x22 Core/Src/main.o
 .debug_macro   0x0000000000000c20       0x22 Core/Src/main.o
 .debug_macro   0x0000000000000c42       0x8e Core/Src/main.o
 .debug_macro   0x0000000000000cd0       0x51 Core/Src/main.o
 .debug_macro   0x0000000000000d21       0xef Core/Src/main.o
 .debug_macro   0x0000000000000e10       0x6a Core/Src/main.o
 .debug_macro   0x0000000000000e7a      0x1df Core/Src/main.o
 .debug_macro   0x0000000000001059       0x1c Core/Src/main.o
 .debug_macro   0x0000000000001075       0x22 Core/Src/main.o
 .debug_macro   0x0000000000001097       0xc3 Core/Src/main.o
 .debug_macro   0x000000000000115a      0xd23 Core/Src/main.o
 .debug_macro   0x0000000000001e7d     0xe097 Core/Src/main.o
 .debug_macro   0x000000000000ff14       0x43 Core/Src/main.o
 .debug_macro   0x000000000000ff57      0x2b8 Core/Src/main.o
 .debug_macro   0x000000000001020f       0xd7 Core/Src/main.o
 .debug_macro   0x00000000000102e6       0x74 Core/Src/main.o
 .debug_macro   0x000000000001035a       0xd0 Core/Src/main.o
 .debug_macro   0x000000000001042a       0x28 Core/Src/main.o
 .debug_macro   0x0000000000010452       0x2a Core/Src/main.o
 .debug_macro   0x000000000001047c       0x90 Core/Src/main.o
 .debug_macro   0x000000000001050c      0x287 Core/Src/main.o
 .debug_macro   0x0000000000010793      0x57a Core/Src/main.o
 .debug_macro   0x0000000000010d0d      0x22a Core/Src/main.o
 .debug_macro   0x0000000000010f37       0x22 Core/Src/main.o
 .debug_macro   0x0000000000010f59       0x3a Core/Src/main.o
 .debug_macro   0x0000000000010f93      0x13e Core/Src/stm32f1xx_it.o
 .debug_macro   0x00000000000110d1       0xbc Core/Src/system_stm32f1xx.o
 .debug_macro   0x000000000001118d       0xf8 Drivers/STM32F1xx_HAL_Driver/Src/stm32f1xx_ll_gpio.o
 .debug_macro   0x0000000000011285      0x224 Drivers/STM32F1xx_HAL_Driver/Src/stm32f1xx_ll_gpio.o
 .debug_macro   0x00000000000114a9      0x147 Drivers/STM32F1xx_HAL_Driver/Src/stm32f1xx_ll_tim.o
 .debug_macro   0x00000000000115f0      0x574 Drivers/STM32F1xx_HAL_Driver/Src/stm32f1xx_ll_tim.o
 .debug_macro   0x0000000000011b64      0x133 Drivers/STM32F1xx_HAL_Driver/Src/stm32f1xx_ll_utils.o

.debug_line     0x0000000000000000     0x28c9
 .debug_line    0x0000000000000000      0x8ad Core/Src/main.o
 .debug_line    0x00000000000008ad      0x5ae Core/Src/stm32f1xx_it.o
 .debug_line    0x0000000000000e5b      0x472 Core/Src/system_stm32f1xx.o
 .debug_line    0x00000000000012cd       0x84 Core/Startup/startup_stm32f103c8tx.o
 .debug_line    0x0000000000001351      0x5c9 Drivers/STM32F1xx_HAL_Driver/Src/stm32f1xx_ll_gpio.o
 .debug_line    0x000000000000191a      0x823 Drivers/STM32F1xx_HAL_Driver/Src/stm32f1xx_ll_tim.o
 .debug_line    0x000000000000213d      0x78c Drivers/STM32F1xx_HAL_Driver/Src/stm32f1xx_ll_utils.o

.debug_str      0x0000000000000000    0x5de6d
 .debug_str     0x0000000000000000    0x5bbab Core/Src/main.o
                                      0x5bf35 (size before relaxing)
 .debug_str     0x000000000005bbab       0xcd Core/Src/stm32f1xx_it.o
                                      0x5b715 (size before relaxing)
 .debug_str     0x000000000005bc78       0x58 Core/Src/system_stm32f1xx.o
                                      0x54235 (size before relaxing)
 .debug_str     0x000000000005bcd0       0x36 Core/Startup/startup_stm32f103c8tx.o
                                         0x47 (size before relaxing)
 .debug_str     0x000000000005bd06      0x41f Drivers/STM32F1xx_HAL_Driver/Src/stm32f1xx_ll_gpio.o
                                      0x55ba4 (size before relaxing)
 .debug_str     0x000000000005c125     0x12bf Drivers/STM32F1xx_HAL_Driver/Src/stm32f1xx_ll_tim.o
                                      0x588e9 (size before relaxing)
 .debug_str     0x000000000005d3e4      0xa89 Drivers/STM32F1xx_HAL_Driver/Src/stm32f1xx_ll_utils.o
                                      0x563ad (size before relaxing)

.comment        0x0000000000000000       0x7b
 .comment       0x0000000000000000       0x7b Core/Src/main.o
                                         0x7c (size before relaxing)
 .comment       0x000000000000007b       0x7c Core/Src/stm32f1xx_it.o
 .comment       0x000000000000007b       0x7c Core/Src/system_stm32f1xx.o
 .comment       0x000000000000007b       0x7c Drivers/STM32F1xx_HAL_Driver/Src/stm32f1xx_ll_gpio.o
 .comment       0x000000000000007b       0x7c Drivers/STM32F1xx_HAL_Driver/Src/stm32f1xx_ll_tim.o
 .comment       0x000000000000007b       0x7c Drivers/STM32F1xx_HAL_Driver/Src/stm32f1xx_ll_utils.o

.debug_frame    0x0000000000000000      0x434
 .debug_frame   0x0000000000000000       0x5c Core/Src/main.o
 .debug_frame   0x000000000000005c       0xcc Core/Src/stm32f1xx_it.o
 .debug_frame   0x0000000000000128       0x30 Core/Src/system_stm32f1xx.o
 .debug_frame   0x0000000000000158       0x60 Drivers/STM32F1xx_HAL_Driver/Src/stm32f1xx_ll_gpio.o
 .debug_frame   0x00000000000001b8      0x184 Drivers/STM32F1xx_HAL_Driver/Src/stm32f1xx_ll_tim.o
 .debug_frame   0x000000000000033c       0xcc Drivers/STM32F1xx_HAL_Driver/Src/stm32f1xx_ll_utils.o
 .debug_frame   0x0000000000000408       0x2c c:/st/stm32cubeide_1.5.0/stm32cubeide/plugins/com.st.stm32cube.ide.mcu.externaltools.gnu-tools-for-stm32.7-2018-q2-update.win32_1.5.0.202011040924/tools/bin/../lib/gcc/arm-none-eabi/7.3.1/../../../../arm-none-eabi/lib/thumb/v7-m\libc_nano.a(lib_a-init.o)
