###############################################################################
#
# IAR ELF Linker V8.30.1.114/W32 for ARM                  12/Apr/2021  20:12:24
# Copyright 2007-2018 IAR Systems AB.
#
#    Output file  =  C:\dev\MCU\defGen\EWARM\defGen\Exe\defGen.out
#    Map file     =  C:\dev\MCU\defGen\EWARM\defGen\List\defGen.map
#    Command line =  
#        -f C:\Users\ferna\AppData\Local\Temp\EW6E7A.tmp
#        (C:\dev\MCU\defGen\EWARM\defGen\Obj\main.o
#        C:\dev\MCU\defGen\EWARM\defGen\Obj\source.o
#        C:\dev\MCU\defGen\EWARM\defGen\Obj\startup_stm32f103xb.o
#        C:\dev\MCU\defGen\EWARM\defGen\Obj\stm32f1xx_it.o
#        C:\dev\MCU\defGen\EWARM\defGen\Obj\stm32f1xx_ll_dma.o
#        C:\dev\MCU\defGen\EWARM\defGen\Obj\stm32f1xx_ll_exti.o
#        C:\dev\MCU\defGen\EWARM\defGen\Obj\stm32f1xx_ll_gpio.o
#        C:\dev\MCU\defGen\EWARM\defGen\Obj\stm32f1xx_ll_pwr.o
#        C:\dev\MCU\defGen\EWARM\defGen\Obj\stm32f1xx_ll_rcc.o
#        C:\dev\MCU\defGen\EWARM\defGen\Obj\stm32f1xx_ll_tim.o
#        C:\dev\MCU\defGen\EWARM\defGen\Obj\stm32f1xx_ll_utils.o
#        C:\dev\MCU\defGen\EWARM\defGen\Obj\system_stm32f1xx.o --redirect
#        _Printf=_PrintfFullNoMb --redirect _Scanf=_ScanfFullNoMb
#        --no_out_extension -o C:\dev\MCU\defGen\EWARM\defGen\Exe\defGen.out
#        --map C:\dev\MCU\defGen\EWARM\defGen\List\defGen.map --config
#        "C:\Program Files (x86)\IAR Systems\Embedded Workbench
#        8.1\arm\config\linker\ST\stm32f103x8.icf" --debug_heap
#        --bounds_table_size 1000 --semihosting --entry __iar_program_start
#        --no_vfe --text_out locale)
#
###############################################################################

*******************************************************************************
*** RUNTIME MODEL ATTRIBUTES
***

CppFlavor         = *
__CPP_Exceptions  = *
__CPP_Language    = C++14
__Heap_Handler    = DLMalloc
__SystemLibrary   = DLib
__dlib_version    = 6
__iar_rtc_bounds  = 1
__iar_rtc_support = 1


*******************************************************************************
*** HEAP SELECTION
***

The debug heap was selected because of --debug_heap.


*******************************************************************************
*** PLACEMENT SUMMARY
***

"A0":  place at 0x800'0000 { ro section .intvec };
"P1":  place in [from 0x800'0000 to 0x800'ffff] { ro };
define block CSTACK with size = 2K, alignment = 8 { };
define block HEAP with size = 2K, alignment = 8 { };
"P2":  place in [from 0x2000'0000 to 0x2000'4fff] {
          rw, block CSTACK, block HEAP };
initialize by copy { rw };

  Section                 Kind         Address   Size  Object
  -------                 ----         -------   ----  ------
"A0":                                            0xec
  .intvec                 ro code   0x800'0000   0xec  startup_stm32f103xb.o [1]
                                  - 0x800'00ec   0xec

"P1":                                           0xc3c
  .text                   ro code   0x800'00ec  0x340  main.o [1]
  .text                   ro code   0x800'042c  0x1c0  source.o [1]
  .text                   ro code   0x800'05ec  0x138  stm32f1xx_ll_gpio.o [1]
  .text                   ro code   0x800'0724   0xe2  stm32f1xx_ll_tim.o [1]
  .text                   ro code   0x800'0806   0x3a  zero_init3.o [6]
  .text                   ro code   0x800'0840   0x28  stm32f1xx_ll_utils.o [1]
  .text                   ro code   0x800'0868   0x60  as_check.o [2]
  .text                   ro code   0x800'08c8   0x74  debug_dlmalloc.o [2]
  .text                   ro code   0x800'093c   0x10  rtc_report.o [7]
  .text                   ro code   0x800'094c  0x13c  debug_heap_helpers.o [2]
  .text                   ro code   0x800'0a88   0x62  stm32f1xx_it.o [1]
  .text                   ro code   0x800'0aea   0x38  packbits_init_single.o [6]
  .rodata                 const     0x800'0b22    0x1  unwind_debug.o [7]
  .text                   ro code   0x800'0b24   0x28  data_init.o [6]
  .iar.init_table         const     0x800'0b4c   0x20  - Linker created -
  .text                   const     0x800'0b6c   0x20  debug_heap_helpers.o [2]
  .text                   ro code   0x800'0b8c   0x1e  cmain.o [6]
  .text                   ro code   0x800'0baa    0x4  low_level_init.o [4]
  .text                   ro code   0x800'0bae    0x4  exit.o [4]
  .text                   ro code   0x800'0bb4    0xa  cexit.o [6]
  .text                   ro code   0x800'0bc0   0x14  exit.o [7]
  .text                   ro code   0x800'0bd4   0x10  startup_stm32f103xb.o [1]
  .text                   ro code   0x800'0be4    0xc  cstartup_M.o [6]
  .text                   ro code   0x800'0bf0    0x4  startup_stm32f103xb.o [1]
  .text                   ro code   0x800'0bf4    0x4  startup_stm32f103xb.o [1]
  .text                   ro code   0x800'0bf8    0x4  startup_stm32f103xb.o [1]
  .text                   ro code   0x800'0bfc    0x4  startup_stm32f103xb.o [1]
  .text                   ro code   0x800'0c00    0x4  startup_stm32f103xb.o [1]
  .text                   ro code   0x800'0c04    0x4  startup_stm32f103xb.o [1]
  .text                   ro code   0x800'0c08    0x4  startup_stm32f103xb.o [1]
  .text                   ro code   0x800'0c0c    0x4  startup_stm32f103xb.o [1]
  .text                   ro code   0x800'0c10    0x4  startup_stm32f103xb.o [1]
  .text                   ro code   0x800'0c14    0x4  startup_stm32f103xb.o [1]
  .text                   ro code   0x800'0c18    0x4  startup_stm32f103xb.o [1]
  .text                   ro code   0x800'0c1c    0x4  startup_stm32f103xb.o [1]
  .text                   ro code   0x800'0c20    0x4  startup_stm32f103xb.o [1]
  .text                   ro code   0x800'0c24    0x4  startup_stm32f103xb.o [1]
  .text                   ro code   0x800'0c28    0x4  startup_stm32f103xb.o [1]
  .text                   ro code   0x800'0c2c    0x4  startup_stm32f103xb.o [1]
  .text                   ro code   0x800'0c30    0x4  startup_stm32f103xb.o [1]
  .text                   ro code   0x800'0c34    0x4  startup_stm32f103xb.o [1]
  .text                   ro code   0x800'0c38    0x4  startup_stm32f103xb.o [1]
  .text                   ro code   0x800'0c3c    0x4  startup_stm32f103xb.o [1]
  .text                   ro code   0x800'0c40    0x4  startup_stm32f103xb.o [1]
  .text                   ro code   0x800'0c44    0x4  startup_stm32f103xb.o [1]
  .text                   ro code   0x800'0c48    0x4  startup_stm32f103xb.o [1]
  .text                   ro code   0x800'0c4c    0x4  startup_stm32f103xb.o [1]
  .text                   ro code   0x800'0c50    0x4  startup_stm32f103xb.o [1]
  .text                   ro code   0x800'0c54    0x4  startup_stm32f103xb.o [1]
  .text                   ro code   0x800'0c58    0x4  startup_stm32f103xb.o [1]
  .text                   ro code   0x800'0c5c    0x4  startup_stm32f103xb.o [1]
  .text                   ro code   0x800'0c60    0x4  startup_stm32f103xb.o [1]
  .text                   ro code   0x800'0c64    0x4  startup_stm32f103xb.o [1]
  .text                   ro code   0x800'0c68    0x4  startup_stm32f103xb.o [1]
  .text                   ro code   0x800'0c6c    0x4  startup_stm32f103xb.o [1]
  .text                   ro code   0x800'0c70    0x4  startup_stm32f103xb.o [1]
  .text                   ro code   0x800'0c74    0x4  startup_stm32f103xb.o [1]
  .text                   ro code   0x800'0c78    0x4  startup_stm32f103xb.o [1]
  .text                   ro code   0x800'0c7c    0x4  startup_stm32f103xb.o [1]
  .text                   ro code   0x800'0c80    0x4  startup_stm32f103xb.o [1]
  .text                   ro code   0x800'0c84    0x4  startup_stm32f103xb.o [1]
  .text                   ro code   0x800'0c88    0x4  startup_stm32f103xb.o [1]
  .text                   ro code   0x800'0c8c    0x4  startup_stm32f103xb.o [1]
  .text                   ro code   0x800'0c90    0x4  startup_stm32f103xb.o [1]
  .text                   ro code   0x800'0c94    0x4  system_stm32f1xx.o [1]
  .rodata                 const     0x800'0c98    0x0  zero_init3.o [6]
  .rodata                 const     0x800'0c98    0x0  packbits_init_single.o [6]
  Initializer bytes       const     0x800'0c98   0x90  <for P2-1>
                                  - 0x800'0d28  0xc3c

"P2", part 1 of 3:                              0x130
  P2-1                             0x2000'0000  0x130  <Init block>
    .data                 inited   0x2000'0000  0x10c  main.o [1]
    .data                 inited   0x2000'010c    0x4  system_stm32f1xx.o [1]
    .data                 inited   0x2000'0110   0x20  debug_dlmalloc.o [2]
                                 - 0x2000'0130  0x130

"P2", part 2 of 3:                              0x1e8
  .iar.debug_malloc_data  zero     0x2000'0130  0x1d8  debug_dlmalloc.o [2]
  .bss                    zero     0x2000'0308    0x4  main.o [1]
  .bss                    zero     0x2000'030c    0x4  main.o [1]
  .bss                    zero     0x2000'0310    0x2  main.o [1]
  .bss                    zero     0x2000'0312    0x2  main.o [1]
  .bss                    zero     0x2000'0314    0x2  main.o [1]
  .bss                    zero     0x2000'0316    0x1  main.o [1]
  .bss                    zero     0x2000'0317    0x1  main.o [1]
                                 - 0x2000'0318  0x1e8

"P2", part 3 of 3:                              0x800
  CSTACK                           0x2000'0318  0x800  <Block>
    CSTACK                uninit   0x2000'0318  0x800  <Block tail>
                                 - 0x2000'0b18  0x800

Unused ranges:

         From           To    Size
         ----           --    ----
   0x800'0d28   0x800'ffff  0xf2d8
  0x2000'0b18  0x2000'4fff  0x44e8


*******************************************************************************
*** INIT TABLE
***

          Address      Size
          -------      ----
Zero (__iar_zero_init3)
    1 destination range, total size 0x1e8:
          0x2000'0130  0x1e8

Copy/packbits (__iar_packbits_init_single3)
    1 source range, total size 0x90 (47% of destination):
           0x800'0c98   0x90
    1 destination range, total size 0x130:
          0x2000'0000  0x130



*******************************************************************************
*** MODULE SUMMARY
***

    Module                  ro code  ro data  rw data
    ------                  -------  -------  -------
command line/config:
    -------------------------------------------------
    Total:

C:\dev\MCU\defGen\EWARM\defGen\Obj: [1]
    main.o                      832      126      284
    source.o                    448
    startup_stm32f103xb.o       416
    stm32f1xx_it.o               98
    stm32f1xx_ll_gpio.o         312
    stm32f1xx_ll_tim.o          226
    stm32f1xx_ll_utils.o         40
    system_stm32f1xx.o            4        2        4
    -------------------------------------------------
    Total:                    2 376      128      288

as7l.a: [2]
    as_check.o                   96
    debug_dlmalloc.o            116       16      504
    debug_heap_helpers.o        316       32
    -------------------------------------------------
    Total:                      528       48      504

as_wp7l.a: [3]
    -------------------------------------------------
    Total:

dl7M_tln.a: [4]
    exit.o                        4
    low_level_init.o              4
    -------------------------------------------------
    Total:                        8

dlpp7as_tl_nc.a: [5]
    -------------------------------------------------
    Total:

rt7M_tl.a: [6]
    cexit.o                      10
    cmain.o                      30
    cstartup_M.o                 12
    data_init.o                  40
    packbits_init_single.o       56
    zero_init3.o                 58
    -------------------------------------------------
    Total:                      206

shb_l.a: [7]
    exit.o                       20
    rtc_report.o                 16
    unwind_debug.o                         1
    -------------------------------------------------
    Total:                       36        1

    Gaps                          5
    Linker created                        32    2 048
-----------------------------------------------------
    Grand Total:              3 159      209    2 840


*******************************************************************************
*** ENTRY LIST
***

Entry                       Address   Size  Type      Object
-----                       -------   ----  ----      ------
.iar.init_table$$Base    0x800'0b4c          --   Gb  - Linker created -
.iar.init_table$$Limit   0x800'0b6c          --   Gb  - Linker created -
?main                    0x800'0b8d         Code  Gb  cmain.o [6]
BusFault_Handler         0x800'0a8f    0x2  Code  Gb  stm32f1xx_it.o [1]
CSTACK$$Base            0x2000'0318          --   Gb  - Linker created -
CSTACK$$Limit           0x2000'0b18          --   Gb  - Linker created -
DHC_allocated_fill      0x2000'011c    0x4  Data  Lc  debug_dlmalloc.o [2]
DHC_block_guard         0x2000'0110    0x4  Data  Lc  debug_dlmalloc.o [2]
DHC_block_id_counter    0x2000'0114    0x4  Data  Lc  debug_dlmalloc.o [2]
DHC_freed_fill          0x2000'0120    0x4  Data  Lc  debug_dlmalloc.o [2]
DHC_initial_fill        0x2000'0124    0x4  Data  Lc  debug_dlmalloc.o [2]
DHC_integrity_error_limit
                        0x2000'012c    0x4  Data  Lc  debug_dlmalloc.o [2]
DHC_request_limit       0x2000'0128    0x4  Data  Lc  debug_dlmalloc.o [2]
DHC_unallocated_fill    0x2000'0118    0x4  Data  Lc  debug_dlmalloc.o [2]
DebugMon_Handler         0x800'0a95    0x2  Code  Gb  stm32f1xx_it.o [1]
HardFault_Handler        0x800'0a8b    0x2  Code  Gb  stm32f1xx_it.o [1]
Init [with bounds]       0x800'042d         Code  Gb  source.o [1]
LL_GPIO_Init [with bounds]
                         0x800'05ed         Code  Gb  stm32f1xx_ll_gpio.o [1]
LL_Init1msTick           0x800'0841   0x18  Code  Gb  stm32f1xx_ll_utils.o [1]
LL_SetSystemCoreClock    0x800'0859    0x6  Code  Gb  stm32f1xx_ll_utils.o [1]
LL_TIM_Init [with bounds]
                         0x800'0725         Code  Gb  stm32f1xx_ll_tim.o [1]
MemManage_Handler        0x800'0a8d    0x2  Code  Gb  stm32f1xx_it.o [1]
NMI_Handler              0x800'0a89    0x2  Code  Gb  stm32f1xx_it.o [1]
PendSV_Handler           0x800'0a97    0x2  Code  Gb  stm32f1xx_it.o [1]
Region$$Table$$Base      0x800'0b4c          --   Gb  - Linker created -
Region$$Table$$Limit     0x800'0b6c          --   Gb  - Linker created -
SVC_Handler              0x800'0a93    0x2  Code  Gb  stm32f1xx_it.o [1]
SysTick_Handler          0x800'0a99    0x2  Code  Gb  stm32f1xx_it.o [1]
SystemClock_Config()     0x800'0353   0x88  Code  Gb  main.o [1]
SystemCoreClock         0x2000'010c    0x4  Data  Gb  system_stm32f1xx.o [1]
SystemInit               0x800'0c95    0x2  Code  Gb  system_stm32f1xx.o [1]
TIM1_UP_IRQHandler       0x800'0a9b   0x30  Code  Gb  stm32f1xx_it.o [1]
TIM2_IRQHandler          0x800'0ae9    0x2  Code  Gb  stm32f1xx_it.o [1]
UsageFault_Handler       0x800'0a91    0x2  Code  Gb  stm32f1xx_it.o [1]
[local to main_c]::NVIC_EncodePriority(unsigned int, unsigned int, unsigned int)
                         0x800'00ed   0x34  Code  Lc  main.o [1]
__as_check_fail          0x800'08b5    0xc  Code  Gb  as_check.o [2]
__as_check_fail_pc_impl
                         0x800'0869   0x42  Code  Lc  as_check.o [2]
__cmain                  0x800'0b8d         Code  Gb  cmain.o [6]
__exit                   0x800'0bc1   0x14  Code  Gb  exit.o [7]
__iar_DHC_allocated_fill {Abs}
                        0x4fbc'8397         Data  Gb  <internal module>
__iar_DHC_block_guard {Abs}
                        0x960f'7e4b         Data  Gb  <internal module>
__iar_DHC_check_frequency {Abs}
                                0x0         Data  Gb  <internal module>
__iar_DHC_delayed_free_limit {Abs}
                                0x0         Data  Gb  <internal module>
__iar_DHC_freed_fill {Abs}
                        0xfc44'223f         Data  Gb  <internal module>
__iar_DHC_initial_fill {Abs}
                        0x31ef'29e5         Data  Gb  <internal module>
__iar_DHC_integrity_error_limit {Abs}
                                0xa         Data  Gb  <internal module>
__iar_DHC_request_limit {Abs}
                        0x4000'0000         Data  Gb  <internal module>
__iar_DHC_unallocated_fill {Abs}
                        0x1784'322b         Data  Gb  <internal module>
__iar_ReportCheckFailed
                         0x800'093d    0xa  Code  Gb  rtc_report.o [7]
__iar_data_init3         0x800'0b25   0x28  Code  Gb  data_init.o [6]
__iar_debug_exceptions   0x800'0b22    0x1  Data  Gb  unwind_debug.o [7]
__iar_debug_heap_check_guard_offset
                         0x800'094d   0x24  Code  Gb  debug_heap_helpers.o [2]
__iar_debug_heap_check_header_guard
                         0x800'097d   0x30  Code  Gb  debug_heap_helpers.o [2]
__iar_debug_heap_verify_block_integrity
                         0x800'09ad   0x96  Code  Gb  debug_heap_helpers.o [2]
__iar_debug_is_heap_block
                         0x800'08ef   0x44  Code  Gb  debug_dlmalloc.o [2]
__iar_dh_crc16           0x800'0a43   0x3c  Code  Gb  debug_heap_helpers.o [2]
__iar_dh_subtract_header_offset
                         0x800'0a7f    0x4  Code  Gb  debug_heap_helpers.o [2]
__iar_packbits_init_single3
                         0x800'0aeb   0x38  Code  Gb  packbits_init_single.o [6]
__iar_program_start      0x800'0be5         Code  Gb  cstartup_M.o [6]
__iar_zero_init3         0x800'0807   0x3a  Code  Gb  zero_init3.o [6]
__low_level_init         0x800'0bab    0x4  Code  Gb  low_level_init.o [4]
__vector_table           0x800'0000         Data  Gb  startup_stm32f103xb.o [1]
_call_main               0x800'0b99         Code  Gb  cmain.o [6]
_exit                    0x800'0bb5         Code  Gb  cexit.o [6]
_gm_                    0x2000'0130  0x1d8  Data  Lc  debug_dlmalloc.o [2]
_main                    0x800'0ba7         Code  Gb  cmain.o [6]
address_in_heap          0x800'08c9   0x26  Code  Lc  debug_dlmalloc.o [2]
array                   0x2000'0004  0x108  Data  Gb  main.o [1]
autoreload              0x2000'0310    0x2  Data  Gb  main.o [1]
countSend               0x2000'030c    0x4  Data  Gb  main.o [1]
crc16_table              0x800'0b6c   0x20  Data  Lc  debug_heap_helpers.o [2]
exit                     0x800'0baf    0x4  Code  Gb  exit.o [4]
getTIM                   0x800'047d  0x14c  Code  Gb  source.o [1]
lenght                  0x2000'0308    0x4  Data  Gb  main.o [1]
main                     0x800'0121  0x232  Code  Gb  main.o [1]
most_value              0x2000'0317    0x1  Data  Gb  main.o [1]
new_state               0x2000'0316    0x1  Data  Gb  main.o [1]
prescale                0x2000'0314    0x2  Data  Gb  main.o [1]
processed               0x2000'0000    0x1  Data  Gb  main.o [1]
repeat                  0x2000'0312    0x2  Data  Gb  main.o [1]


[1] = C:\dev\MCU\defGen\EWARM\defGen\Obj
[2] = as7l.a
[3] = as_wp7l.a
[4] = dl7M_tln.a
[5] = dlpp7as_tl_nc.a
[6] = rt7M_tl.a
[7] = shb_l.a

  3 159 bytes of readonly  code memory
    209 bytes of readonly  data memory
  2 840 bytes of readwrite data memory

Errors: none
Warnings: none
