###############################################################################
#
# IAR ELF Linker V8.30.1.114/W32 for ARM                  12/Apr/2021  12:50:12
# Copyright 2007-2018 IAR Systems AB.
#
#    Output file  =  C:\dev\MCU\defGen\EWARM\defGen\Exe\defGen.out
#    Map file     =  C:\dev\MCU\defGen\EWARM\defGen\List\defGen.map
#    Command line =  
#        -f C:\Users\ferna\AppData\Local\Temp\EW8BB9.tmp
#        (C:\dev\MCU\defGen\EWARM\defGen\Obj\main.o
#        C:\dev\MCU\defGen\EWARM\defGen\Obj\startup_stm32f103xb.o
#        C:\dev\MCU\defGen\EWARM\defGen\Obj\stm32f1xx_it.o
#        C:\dev\MCU\defGen\EWARM\defGen\Obj\stm32f1xx_ll_dma.o
#        C:\dev\MCU\defGen\EWARM\defGen\Obj\stm32f1xx_ll_exti.o
#        C:\dev\MCU\defGen\EWARM\defGen\Obj\stm32f1xx_ll_gpio.o
#        C:\dev\MCU\defGen\EWARM\defGen\Obj\stm32f1xx_ll_pwr.o
#        C:\dev\MCU\defGen\EWARM\defGen\Obj\stm32f1xx_ll_rcc.o
#        C:\dev\MCU\defGen\EWARM\defGen\Obj\stm32f1xx_ll_tim.o
#        C:\dev\MCU\defGen\EWARM\defGen\Obj\stm32f1xx_ll_utils.o
#        C:\dev\MCU\defGen\EWARM\defGen\Obj\system_stm32f1xx.o --redirect
#        _Printf=_PrintfFullNoMb --redirect _Scanf=_ScanfFullNoMb
#        --no_out_extension -o C:\dev\MCU\defGen\EWARM\defGen\Exe\defGen.out
#        --map C:\dev\MCU\defGen\EWARM\defGen\List\defGen.map --config
#        "C:\Program Files (x86)\IAR Systems\Embedded Workbench
#        8.1\arm\config\linker\ST\stm32f103x8.icf" --debug_heap
#        --bounds_table_size 1000 --semihosting --entry __iar_program_start
#        --inline --merge_duplicate_sections --vfe --text_out locale)
#
###############################################################################

*******************************************************************************
*** RUNTIME MODEL ATTRIBUTES
***

CppFlavor         = *
__CPP_Exceptions  = Used
__CPP_Language    = C++14
__Heap_Handler    = DLMalloc
__SystemLibrary   = DLib
__dlib_version    = 6
__iar_rtc_bounds  = 1
__iar_rtc_support = 1


*******************************************************************************
*** HEAP SELECTION
***

The debug heap was selected because of --debug_heap.


*******************************************************************************
*** PLACEMENT SUMMARY
***

"A0":  place at 0x800'0000 { ro section .intvec };
"P1":  place in [from 0x800'0000 to 0x800'ffff] { ro };
define block CSTACK with size = 2K, alignment = 8 { };
define block HEAP with size = 2K, alignment = 8 { };
"P2":  place in [from 0x2000'0000 to 0x2000'4fff] {
          rw, block CSTACK, block HEAP };
initialize by copy { rw };

  Section                 Kind         Address   Size  Object
  -------                 ----         -------   ----  ------
"A0":                                            0xec
  .intvec                 ro code   0x800'0000   0xec  startup_stm32f103xb.o [1]
                                  - 0x800'00ec   0xec

"P1":                                           0xbf4
  .text                   ro code   0x800'00ec  0x400  main.o [1]
  .text                   ro code   0x800'04ec   0x3a  main.o [1]
  .text                   ro code   0x800'0526   0x3a  zero_init3.o [6]
  .text                   ro code   0x800'0560   0x60  as_check.o [2]
  .text                   ro code   0x800'05c0  0x138  stm32f1xx_ll_gpio.o [1]
  .text                   ro code   0x800'06f8   0xe2  stm32f1xx_ll_tim.o [1]
  .rodata                 const     0x800'07da    0x1  unwind_debug.o [7]
  .text                   ro code   0x800'07dc  0x198  main.o [1]
  .text                   ro code   0x800'0974   0x28  stm32f1xx_ll_utils.o [1]
  .text                   ro code   0x800'099c   0x74  debug_dlmalloc.o [2]
  .text                   ro code   0x800'0a10   0x10  rtc_report.o [7]
  .text                   ro code   0x800'0a20  0x138  debug_heap_helpers.o [2]
  .text                   ro code   0x800'0b58   0x62  stm32f1xx_it.o [1]
  .text                   ro code   0x800'0bba   0x2c  copy_init3.o [6]
  .text                   ro code   0x800'0be8   0x28  data_init.o [6]
  Initializer bytes       const     0x800'0c10   0x24  <for P2-1>
  .iar.init_table         const     0x800'0c34   0x24  - Linker created -
  .text                   const     0x800'0c58   0x20  debug_heap_helpers.o [2]
  .text                   ro code   0x800'0c78   0x1e  cmain.o [6]
  .text                   ro code   0x800'0c96    0x4  exit.o [4]
  .text                   ro code   0x800'0c9c    0xa  cexit.o [6]
  .text                   ro code   0x800'0ca8   0x14  exit.o [7]
  .text                   ro code   0x800'0cbc   0x10  startup_stm32f103xb.o [1]
  .text                   ro code   0x800'0ccc    0xc  cstartup_M.o [6]
  .text                   ro code   0x800'0cd8    0x4  startup_stm32f103xb.o [1]
  .text                   ro code   0x800'0cdc    0x4  system_stm32f1xx.o [1]
  .rodata                 const     0x800'0ce0    0x0  zero_init3.o [6]
  .rodata                 const     0x800'0ce0    0x0  copy_init3.o [6]
                                  - 0x800'0ce0  0xbf4

"P2", part 1 of 3:                               0x24
  P2-1                             0x2000'0000   0x24  <Init block>
    .data                 inited   0x2000'0000    0x4  system_stm32f1xx.o [1]
    .data                 inited   0x2000'0004   0x20  debug_dlmalloc.o [2]
                                 - 0x2000'0024   0x24

"P2", part 2 of 3:                              0x1e4
  .iar.debug_malloc_data  zero     0x2000'0024  0x1d8  debug_dlmalloc.o [2]
  .bss                    zero     0x2000'01fc    0x8  main.o [1]
  .bss                    zero     0x2000'0204    0x1  main.o [1]
                                 - 0x2000'0205  0x1e1

"P2", part 3 of 3:                              0x800
  CSTACK                           0x2000'0208  0x800  <Block>
    CSTACK                uninit   0x2000'0208  0x800  <Block tail>
                                 - 0x2000'0a08  0x800

Unused ranges:

         From           To    Size
         ----           --    ----
   0x800'0ce0   0x800'ffff  0xf320
  0x2000'0a08  0x2000'4fff  0x45f8


*******************************************************************************
*** INIT TABLE
***

          Address      Size
          -------      ----
Zero (__iar_zero_init3)
    1 destination range, total size 0x1e1:
          0x2000'0024  0x1e1

Copy (__iar_copy_init3)
    1 source range, total size 0x24:
           0x800'0c10   0x24
    1 destination range, total size 0x24:
          0x2000'0000   0x24



*******************************************************************************
*** MODULE SUMMARY
***

    Module                 ro code  ro data  rw data
    ------                 -------  -------  -------
command line/config:
    ------------------------------------------------
    Total:

C:\dev\MCU\defGen\EWARM\defGen\Obj: [1]
    main.o                   1 490                 9
    startup_stm32f103xb.o      256
    stm32f1xx_it.o              98
    stm32f1xx_ll_gpio.o        312
    stm32f1xx_ll_tim.o         226
    stm32f1xx_ll_utils.o        40
    system_stm32f1xx.o           4        4        4
    ------------------------------------------------
    Total:                   2 426        4       13

as7l.a: [2]
    as_check.o                  96
    debug_dlmalloc.o           116       32      504
    debug_heap_helpers.o       312       32
    ------------------------------------------------
    Total:                     524       64      504

as_wp7l.a: [3]
    ------------------------------------------------
    Total:

dl7M_tlf.a: [4]
    exit.o                       4
    ------------------------------------------------
    Total:                       4

dlpp7as_tl_fc.a: [5]
    ------------------------------------------------
    Total:

rt7M_tl.a: [6]
    cexit.o                     10
    cmain.o                     30
    copy_init3.o                44
    cstartup_M.o                12
    data_init.o                 40
    zero_init3.o                58
    ------------------------------------------------
    Total:                     194

shb_l.a: [7]
    exit.o                      20
    rtc_report.o                16
    unwind_debug.o                        1
    ------------------------------------------------
    Total:                      36        1

    Gaps                         7
    Linker created                       36    2 048
----------------------------------------------------
    Grand Total:             3 191      105    2 565


*******************************************************************************
*** ENTRY LIST
***

Entry                       Address   Size  Type      Object
-----                       -------   ----  ----      ------
.iar.init_table$$Base    0x800'0c34          --   Gb  - Linker created -
.iar.init_table$$Limit   0x800'0c58          --   Gb  - Linker created -
?main                    0x800'0c79         Code  Gb  cmain.o [6]
Buff::Buff() [with bounds]
                         0x800'04ed         Code  Gb  main.o [1]
Buff::getTIM() [with bounds]
                         0x800'07dd         Code  Gb  main.o [1]
BusFault_Handler         0x800'0b5f    0x2  Code  Gb  stm32f1xx_it.o [1]
CSTACK$$Base            0x2000'0208          --   Gb  - Linker created -
CSTACK$$Limit           0x2000'0a08          --   Gb  - Linker created -
DHC_allocated_fill      0x2000'0010    0x4  Data  Lc  debug_dlmalloc.o [2]
DHC_block_guard         0x2000'0004    0x4  Data  Lc  debug_dlmalloc.o [2]
DHC_block_id_counter    0x2000'0008    0x4  Data  Lc  debug_dlmalloc.o [2]
DHC_freed_fill          0x2000'0014    0x4  Data  Lc  debug_dlmalloc.o [2]
DHC_initial_fill        0x2000'0018    0x4  Data  Lc  debug_dlmalloc.o [2]
DHC_integrity_error_limit
                        0x2000'0020    0x4  Data  Lc  debug_dlmalloc.o [2]
DHC_request_limit       0x2000'001c    0x4  Data  Lc  debug_dlmalloc.o [2]
DHC_unallocated_fill    0x2000'000c    0x4  Data  Lc  debug_dlmalloc.o [2]
DebugMon_Handler         0x800'0b65    0x2  Code  Gb  stm32f1xx_it.o [1]
HardFault_Handler        0x800'0b5b    0x2  Code  Gb  stm32f1xx_it.o [1]
LL_GPIO_Init [with bounds]
                         0x800'05c1         Code  Gb  stm32f1xx_ll_gpio.o [1]
LL_Init1msTick           0x800'0975   0x18  Code  Gb  stm32f1xx_ll_utils.o [1]
LL_SetSystemCoreClock    0x800'098d    0x6  Code  Gb  stm32f1xx_ll_utils.o [1]
LL_TIM_Init [with bounds]
                         0x800'06f9         Code  Gb  stm32f1xx_ll_tim.o [1]
MemManage_Handler        0x800'0b5d    0x2  Code  Gb  stm32f1xx_it.o [1]
NMI_Handler              0x800'0b59    0x2  Code  Gb  stm32f1xx_it.o [1]
PendSV_Handler           0x800'0b67    0x2  Code  Gb  stm32f1xx_it.o [1]
Region$$Table$$Base      0x800'0c34          --   Gb  - Linker created -
Region$$Table$$Limit     0x800'0c58          --   Gb  - Linker created -
SVC_Handler              0x800'0b63    0x2  Code  Gb  stm32f1xx_it.o [1]
SysTick_Handler          0x800'0b69    0x2  Code  Gb  stm32f1xx_it.o [1]
SystemClock_Config()     0x800'03f3   0x88  Code  Gb  main.o [1]
SystemCoreClock         0x2000'0000    0x4  Data  Gb  system_stm32f1xx.o [1]
SystemInit               0x800'0cdd    0x2  Code  Gb  system_stm32f1xx.o [1]
TIM1_UP_IRQHandler       0x800'0b6b   0x30  Code  Gb  stm32f1xx_it.o [1]
TIM2_IRQHandler          0x800'0bb9    0x2  Code  Gb  stm32f1xx_it.o [1]
UsageFault_Handler       0x800'0b61    0x2  Code  Gb  stm32f1xx_it.o [1]
[local to main_c]::NVIC_EncodePriority(unsigned int, unsigned int, unsigned int)
                         0x800'00ed   0x34  Code  Lc  main.o [1]
__as_check_fail          0x800'05ad    0xc  Code  Gb  as_check.o [2]
__as_check_fail_pc_impl
                         0x800'0561   0x42  Code  Lc  as_check.o [2]
__cmain                  0x800'0c79         Code  Gb  cmain.o [6]
__exit                   0x800'0ca9   0x14  Code  Gb  exit.o [7]
__iar_DHC_allocated_fill {Abs}
                        0x4fbc'8397         Data  Gb  <internal module>
__iar_DHC_block_guard {Abs}
                        0x960f'7e4b         Data  Gb  <internal module>
__iar_DHC_check_frequency {Abs}
                                0x0         Data  Gb  <internal module>
__iar_DHC_delayed_free_limit {Abs}
                                0x0         Data  Gb  <internal module>
__iar_DHC_freed_fill {Abs}
                        0xfc44'223f         Data  Gb  <internal module>
__iar_DHC_initial_fill {Abs}
                        0x31ef'29e5         Data  Gb  <internal module>
__iar_DHC_integrity_error_limit {Abs}
                                0xa         Data  Gb  <internal module>
__iar_DHC_request_limit {Abs}
                        0x4000'0000         Data  Gb  <internal module>
__iar_DHC_unallocated_fill {Abs}
                        0x1784'322b         Data  Gb  <internal module>
__iar_ReportCheckFailed
                         0x800'0a11    0xa  Code  Gb  rtc_report.o [7]
__iar_copy_init3         0x800'0bbb   0x2c  Code  Gb  copy_init3.o [6]
__iar_data_init3         0x800'0be9   0x28  Code  Gb  data_init.o [6]
__iar_debug_exceptions   0x800'07da    0x1  Data  Gb  unwind_debug.o [7]
__iar_debug_heap_check_guard_offset
                         0x800'0a21   0x24  Code  Gb  debug_heap_helpers.o [2]
__iar_debug_heap_check_header_guard
                         0x800'0a51   0x30  Code  Gb  debug_heap_helpers.o [2]
__iar_debug_heap_verify_block_integrity
                         0x800'0a81   0x96  Code  Gb  debug_heap_helpers.o [2]
__iar_debug_is_heap_block
                         0x800'09c3   0x44  Code  Gb  debug_dlmalloc.o [2]
__iar_dh_crc16           0x800'0b17   0x3c  Code  Gb  debug_heap_helpers.o [2]
__iar_program_start      0x800'0ccd         Code  Gb  cstartup_M.o [6]
__iar_zero_init3         0x800'0527   0x3a  Code  Gb  zero_init3.o [6]
__vector_table           0x800'0000         Data  Gb  startup_stm32f103xb.o [1]
_call_main               0x800'0c85         Code  Gb  cmain.o [6]
_exit                    0x800'0c9d         Code  Gb  cexit.o [6]
_gm_                    0x2000'0024  0x1d8  Data  Lc  debug_dlmalloc.o [2]
_main                    0x800'0c93         Code  Gb  cmain.o [6]
address_in_heap          0x800'099d   0x26  Code  Lc  debug_dlmalloc.o [2]
autoreload              0x2000'01fe    0x2  Data  Gb  main.o [1]
crc16_table              0x800'0c58   0x20  Data  Lc  debug_heap_helpers.o [2]
exit                     0x800'0c97    0x4  Code  Gb  exit.o [4]
main                     0x800'0121  0x2d2  Code  Gb  main.o [1]
new_state               0x2000'0204    0x1  Data  Gb  main.o [1]
prescale                0x2000'0202    0x2  Data  Gb  main.o [1]
processed               0x2000'01fc    0x1  Data  Gb  main.o [1]
repeat                  0x2000'0200    0x2  Data  Gb  main.o [1]


[1] = C:\dev\MCU\defGen\EWARM\defGen\Obj
[2] = as7l.a
[3] = as_wp7l.a
[4] = dl7M_tlf.a
[5] = dlpp7as_tl_fc.a
[6] = rt7M_tl.a
[7] = shb_l.a

  3 191 bytes of readonly  code memory
    105 bytes of readonly  data memory
  2 565 bytes of readwrite data memory

Errors: none
Warnings: none
