###############################################################################
#
# IAR ELF Linker V8.30.1.114/W32 for ARM                  11/Apr/2021  20:56:24
# Copyright 2007-2018 IAR Systems AB.
#
#    Output file  =  C:\dev\MCU\defGen\EWARM\defGen\Exe\defGen.out
#    Map file     =  C:\dev\MCU\defGen\EWARM\defGen\List\defGen.map
#    Command line =  
#        -f C:\Users\ferna\AppData\Local\Temp\EW61FF.tmp
#        (C:\dev\MCU\defGen\EWARM\defGen\Obj\main.o
#        C:\dev\MCU\defGen\EWARM\defGen\Obj\startup_stm32f103xb.o
#        C:\dev\MCU\defGen\EWARM\defGen\Obj\stm32f1xx_it.o
#        C:\dev\MCU\defGen\EWARM\defGen\Obj\stm32f1xx_ll_dma.o
#        C:\dev\MCU\defGen\EWARM\defGen\Obj\stm32f1xx_ll_exti.o
#        C:\dev\MCU\defGen\EWARM\defGen\Obj\stm32f1xx_ll_gpio.o
#        C:\dev\MCU\defGen\EWARM\defGen\Obj\stm32f1xx_ll_pwr.o
#        C:\dev\MCU\defGen\EWARM\defGen\Obj\stm32f1xx_ll_rcc.o
#        C:\dev\MCU\defGen\EWARM\defGen\Obj\stm32f1xx_ll_tim.o
#        C:\dev\MCU\defGen\EWARM\defGen\Obj\stm32f1xx_ll_utils.o
#        C:\dev\MCU\defGen\EWARM\defGen\Obj\system_stm32f1xx.o --redirect
#        _Printf=_PrintfFullNoMb --redirect _Scanf=_ScanfFullNoMb
#        --no_out_extension -o C:\dev\MCU\defGen\EWARM\defGen\Exe\defGen.out
#        --map C:\dev\MCU\defGen\EWARM\defGen\List\defGen.map --config
#        "C:\Program Files (x86)\IAR Systems\Embedded Workbench
#        8.1\arm\config\linker\ST\stm32f103x8.icf" --semihosting --entry
#        __iar_program_start --vfe --text_out locale)
#
###############################################################################

*******************************************************************************
*** RUNTIME MODEL ATTRIBUTES
***

CppFlavor        = *
__CPP_Exceptions = *
__CPP_Language   = C++14
__Heap_Handler   = Basic
__SystemLibrary  = DLib
__dlib_version   = 6


*******************************************************************************
*** HEAP SELECTION
***

The basic heap was selected because no calls to memory allocation
functions were found in the application outside of system library
functions, and there are calls to deallocation functions in the
application.


*******************************************************************************
*** PLACEMENT SUMMARY
***

"A0":  place at 0x800'0000 { ro section .intvec };
"P1":  place in [from 0x800'0000 to 0x800'ffff] { ro };
define block CSTACK with size = 2K, alignment = 8 { };
define block HEAP with size = 2K, alignment = 8 { };
"P2":  place in [from 0x2000'0000 to 0x2000'4fff] {
          rw, block CSTACK, block HEAP };
initialize by copy { rw };

  Section            Kind         Address   Size  Object
  -------            ----         -------   ----  ------
"A0":                                       0xec
  .intvec            ro code   0x800'0000   0xec  startup_stm32f103xb.o [1]
                             - 0x800'00ec   0xec

"P1":                                      0xb6e
  .text              ro code   0x800'00ec  0x438  main.o [1]
  .text              ro code   0x800'0524   0x86  ABImemcpy.o [4]
  .text              ro code   0x800'05aa   0x54  main.o [1]
  .rodata            const     0x800'05fe    0x1  unwind_debug.o [5]
  .text              ro code   0x800'0600   0xf0  main.o [1]
  .text              ro code   0x800'06f0   0x3c  stm32f1xx_ll_utils.o [1]
  .text              ro code   0x800'072c    0x6  ABImemclr4.o [4]
  .text              ro code   0x800'0734   0x9c  stm32f1xx_ll_tim.o [1]
  .text              ro code   0x800'07d0  0x12c  stm32f1xx_ll_gpio.o [1]
  .text              ro code   0x800'08fc   0x22  main.o [1]
  .text              ro code   0x800'0920   0x32  ABImemset48.o [4]
  .rodata            const     0x800'0954  0x110  main.o [1]
  .text              ro code   0x800'0a64   0x76  stm32f1xx_it.o [1]
  .text              ro code   0x800'0ada   0x2c  copy_init3.o [4]
  .text              ro code   0x800'0b08   0x28  data_init.o [4]
  .iar.init_table    const     0x800'0b30   0x14  - Linker created -
  .text              ro code   0x800'0b44   0x1e  cmain.o [4]
  .text              ro code   0x800'0b62    0x4  low_level_init.o [2]
  .text              ro code   0x800'0b66    0x4  exit.o [2]
  .text              ro code   0x800'0b6c    0xa  cexit.o [4]
  .text              ro code   0x800'0b78   0x14  exit.o [5]
  .text              ro code   0x800'0b8c   0x10  startup_stm32f103xb.o [1]
  .text              ro code   0x800'0b9c    0xc  cstartup_M.o [4]
  Initializer bytes  const     0x800'0ba8    0xc  <for P2-1>
  .text              ro code   0x800'0bb4    0x4  startup_stm32f103xb.o [1]
  .text              ro code   0x800'0bb8    0x4  startup_stm32f103xb.o [1]
  .text              ro code   0x800'0bbc    0x4  startup_stm32f103xb.o [1]
  .text              ro code   0x800'0bc0    0x4  startup_stm32f103xb.o [1]
  .text              ro code   0x800'0bc4    0x4  startup_stm32f103xb.o [1]
  .text              ro code   0x800'0bc8    0x4  startup_stm32f103xb.o [1]
  .text              ro code   0x800'0bcc    0x4  startup_stm32f103xb.o [1]
  .text              ro code   0x800'0bd0    0x4  startup_stm32f103xb.o [1]
  .text              ro code   0x800'0bd4    0x4  startup_stm32f103xb.o [1]
  .text              ro code   0x800'0bd8    0x4  startup_stm32f103xb.o [1]
  .text              ro code   0x800'0bdc    0x4  startup_stm32f103xb.o [1]
  .text              ro code   0x800'0be0    0x4  startup_stm32f103xb.o [1]
  .text              ro code   0x800'0be4    0x4  startup_stm32f103xb.o [1]
  .text              ro code   0x800'0be8    0x4  startup_stm32f103xb.o [1]
  .text              ro code   0x800'0bec    0x4  startup_stm32f103xb.o [1]
  .text              ro code   0x800'0bf0    0x4  startup_stm32f103xb.o [1]
  .text              ro code   0x800'0bf4    0x4  startup_stm32f103xb.o [1]
  .text              ro code   0x800'0bf8    0x4  startup_stm32f103xb.o [1]
  .text              ro code   0x800'0bfc    0x4  startup_stm32f103xb.o [1]
  .text              ro code   0x800'0c00    0x4  startup_stm32f103xb.o [1]
  .text              ro code   0x800'0c04    0x4  startup_stm32f103xb.o [1]
  .text              ro code   0x800'0c08    0x4  startup_stm32f103xb.o [1]
  .text              ro code   0x800'0c0c    0x4  startup_stm32f103xb.o [1]
  .text              ro code   0x800'0c10    0x4  startup_stm32f103xb.o [1]
  .text              ro code   0x800'0c14    0x4  startup_stm32f103xb.o [1]
  .text              ro code   0x800'0c18    0x4  startup_stm32f103xb.o [1]
  .text              ro code   0x800'0c1c    0x4  startup_stm32f103xb.o [1]
  .text              ro code   0x800'0c20    0x4  startup_stm32f103xb.o [1]
  .text              ro code   0x800'0c24    0x4  startup_stm32f103xb.o [1]
  .text              ro code   0x800'0c28    0x4  startup_stm32f103xb.o [1]
  .text              ro code   0x800'0c2c    0x4  startup_stm32f103xb.o [1]
  .text              ro code   0x800'0c30    0x4  startup_stm32f103xb.o [1]
  .text              ro code   0x800'0c34    0x4  startup_stm32f103xb.o [1]
  .text              ro code   0x800'0c38    0x4  startup_stm32f103xb.o [1]
  .text              ro code   0x800'0c3c    0x4  startup_stm32f103xb.o [1]
  .text              ro code   0x800'0c40    0x4  startup_stm32f103xb.o [1]
  .text              ro code   0x800'0c44    0x4  startup_stm32f103xb.o [1]
  .text              ro code   0x800'0c48    0x4  startup_stm32f103xb.o [1]
  .text              ro code   0x800'0c4c    0x4  startup_stm32f103xb.o [1]
  .text              ro code   0x800'0c50    0x4  startup_stm32f103xb.o [1]
  .text              ro code   0x800'0c54    0x4  startup_stm32f103xb.o [1]
  .text              ro code   0x800'0c58    0x2  system_stm32f1xx.o [1]
  .rodata            const     0x800'0c5a    0x0  copy_init3.o [4]
                             - 0x800'0c5a  0xb6e

"P2", part 1 of 2:                           0xc
  P2-1                        0x2000'0000    0xc  <Init block>
    .data            inited   0x2000'0000    0x4  system_stm32f1xx.o [1]
    .bss             inited   0x2000'0004    0x2  main.o [1]
    .bss             inited   0x2000'0006    0x2  main.o [1]
    .bss             inited   0x2000'0008    0x2  main.o [1]
    .bss             inited   0x2000'000a    0x1  main.o [1]
    .bss             inited   0x2000'000b    0x1  main.o [1]
                            - 0x2000'000c    0xc

"P2", part 2 of 2:                         0x800
  CSTACK                      0x2000'0010  0x800  <Block>
    CSTACK           uninit   0x2000'0010  0x800  <Block tail>
                            - 0x2000'0810  0x800

Unused ranges:

         From           To    Size
         ----           --    ----
   0x800'0c5a   0x800'ffff  0xf3a6
  0x2000'000c  0x2000'000f     0x4
  0x2000'0810  0x2000'4fff  0x47f0


*******************************************************************************
*** INIT TABLE
***

          Address      Size
          -------      ----
Copy (__iar_copy_init3)
    1 source range, total size 0xc:
           0x800'0ba8   0xc
    1 destination range, total size 0xc:
          0x2000'0000   0xc



*******************************************************************************
*** MODULE SUMMARY
***

    Module                 ro code  ro data  rw data
    ------                 -------  -------  -------
command line/config:
    ------------------------------------------------
    Total:

C:\dev\MCU\defGen\EWARM\defGen\Obj: [1]
    main.o                   1 438      280        8
    startup_stm32f103xb.o      416
    stm32f1xx_it.o             118
    stm32f1xx_ll_gpio.o        300
    stm32f1xx_ll_tim.o         156
    stm32f1xx_ll_utils.o        60
    system_stm32f1xx.o           2        4        4
    ------------------------------------------------
    Total:                   2 490      284       12

dl7M_tln.a: [2]
    exit.o                       4
    low_level_init.o             4
    ------------------------------------------------
    Total:                       8

dlpp7M_tl_nc.a: [3]
    ------------------------------------------------
    Total:

rt7M_tl.a: [4]
    ABImemclr4.o                 6
    ABImemcpy.o                134
    ABImemset48.o               50
    cexit.o                     10
    cmain.o                     30
    copy_init3.o                44
    cstartup_M.o                12
    data_init.o                 40
    ------------------------------------------------
    Total:                     326

shb_l.a: [5]
    exit.o                      20
    unwind_debug.o                        1
    ------------------------------------------------
    Total:                      20        1

    Gaps                        11        2
    Linker created                       20    2 048
----------------------------------------------------
    Grand Total:             2 855      307    2 060


*******************************************************************************
*** ENTRY LIST
***

Entry                       Address  Size  Type      Object
-----                       -------  ----  ----      ------
.iar.init_table$$Base    0x800'0b30         --   Gb  - Linker created -
.iar.init_table$$Limit   0x800'0b44         --   Gb  - Linker created -
?main                    0x800'0b45        Code  Gb  cmain.o [4]
Buff::Buff(Pair *, unsigned int)
                         0x800'05ab  0x54  Code  Gb  main.o [1]
Buff::Increment()        0x800'08fd  0x22  Code  Gb  main.o [1]
Buff::getTIM()           0x800'0601  0xf0  Code  Gb  main.o [1]
BusFault_Handler         0x800'0a73   0x2  Code  Gb  stm32f1xx_it.o [1]
CSTACK$$Base            0x2000'0010         --   Gb  - Linker created -
CSTACK$$Limit           0x2000'0810         --   Gb  - Linker created -
DebugMon_Handler         0x800'0a79   0x2  Code  Gb  stm32f1xx_it.o [1]
HardFault_Handler        0x800'0a6f   0x2  Code  Gb  stm32f1xx_it.o [1]
LL_GPIO_Init             0x800'0879  0x84  Code  Gb  stm32f1xx_ll_gpio.o [1]
LL_Init1msTick           0x800'0709   0xc  Code  Gb  stm32f1xx_ll_utils.o [1]
LL_SetSystemCoreClock    0x800'0715   0x6  Code  Gb  stm32f1xx_ll_utils.o [1]
LL_TIM_Init              0x800'074b  0x78  Code  Gb  stm32f1xx_ll_tim.o [1]
MemManage_Handler        0x800'0a71   0x2  Code  Gb  stm32f1xx_it.o [1]
NMI_Handler              0x800'0a6d   0x2  Code  Gb  stm32f1xx_it.o [1]
PendSV_Handler           0x800'0a7b   0x2  Code  Gb  stm32f1xx_it.o [1]
Region$$Table$$Base      0x800'0b30         --   Gb  - Linker created -
Region$$Table$$Limit     0x800'0b44         --   Gb  - Linker created -
SVC_Handler              0x800'0a77   0x2  Code  Gb  stm32f1xx_it.o [1]
SysTick_Handler          0x800'0a7d   0x2  Code  Gb  stm32f1xx_it.o [1]
SystemClock_Config()     0x800'0321  0x66  Code  Gb  main.o [1]
SystemCoreClock         0x2000'0000   0x4  Data  Gb  system_stm32f1xx.o [1]
SystemInit               0x800'0c59   0x2  Code  Gb  system_stm32f1xx.o [1]
TIM1_UP_IRQHandler       0x800'0a7f  0x32  Code  Gb  stm32f1xx_it.o [1]
TIM2_IRQHandler          0x800'0ad9   0x2  Code  Gb  stm32f1xx_it.o [1]
UsageFault_Handler       0x800'0a75   0x2  Code  Gb  stm32f1xx_it.o [1]
[local to main_c]::LL_APB1_GRP1_EnableClock(unsigned int)
                         0x800'021f  0x16  Code  Lc  main.o [1]
[local to main_c]::LL_APB2_GRP1_EnableClock(unsigned int)
                         0x800'0235  0x16  Code  Lc  main.o [1]
[local to main_c]::LL_FLASH_GetLatency()
                         0x800'0259   0xa  Code  Lc  main.o [1]
[local to main_c]::LL_FLASH_SetLatency(unsigned int)
                         0x800'024b   0xe  Code  Lc  main.o [1]
[local to main_c]::LL_GPIO_AF_Remap_SWJ_NOJTAG()
                         0x800'02ab  0x14  Code  Lc  main.o [1]
[local to main_c]::LL_GPIO_ResetOutputPin(GPIO_TypeDef *, unsigned int)
                         0x800'02a3   0x8  Code  Lc  main.o [1]
[local to main_c]::LL_RCC_GetSysClkSource()
                         0x800'01bf   0xa  Code  Lc  main.o [1]
[local to main_c]::LL_RCC_HSE_Enable()
                         0x800'0199   0xc  Code  Lc  main.o [1]
[local to main_c]::LL_RCC_HSE_IsReady()
                         0x800'01a5   0xc  Code  Lc  main.o [1]
[local to main_c]::LL_RCC_PLL_ConfigDomain_SYS(unsigned int, unsigned int)
                         0x800'020b  0x14  Code  Lc  main.o [1]
[local to main_c]::LL_RCC_PLL_Enable()
                         0x800'01f3   0xc  Code  Lc  main.o [1]
[local to main_c]::LL_RCC_PLL_IsReady()
                         0x800'01ff   0xc  Code  Lc  main.o [1]
[local to main_c]::LL_RCC_SetAHBPrescaler(unsigned int)
                         0x800'01c9   0xe  Code  Lc  main.o [1]
[local to main_c]::LL_RCC_SetAPB1Prescaler(unsigned int)
                         0x800'01d7   0xe  Code  Lc  main.o [1]
[local to main_c]::LL_RCC_SetAPB2Prescaler(unsigned int)
                         0x800'01e5   0xe  Code  Lc  main.o [1]
[local to main_c]::LL_RCC_SetSysClkSource(unsigned int)
                         0x800'01b1   0xe  Code  Lc  main.o [1]
[local to main_c]::LL_TIM_DisableMasterSlaveMode(TIM_TypeDef *)
                         0x800'028f   0xa  Code  Lc  main.o [1]
[local to main_c]::LL_TIM_EnableARRPreload(TIM_TypeDef *)
                         0x800'026d   0xa  Code  Lc  main.o [1]
[local to main_c]::LL_TIM_EnableCounter(TIM_TypeDef *)
                         0x800'0263   0xa  Code  Lc  main.o [1]
[local to main_c]::LL_TIM_EnableIT_UPDATE(TIM_TypeDef *)
                         0x800'0299   0xa  Code  Lc  main.o [1]
[local to main_c]::LL_TIM_SetClockSource(TIM_TypeDef *, unsigned int)
                         0x800'0277   0xc  Code  Lc  main.o [1]
[local to main_c]::LL_TIM_SetTriggerOutput(TIM_TypeDef *, unsigned int)
                         0x800'0283   0xc  Code  Lc  main.o [1]
[local to main_c]::MX_GPIO_Init()
                         0x800'046f  0x66  Code  Lc  main.o [1]
[local to main_c]::MX_NVIC_Init()
                         0x800'0387  0x38  Code  Lc  main.o [1]
[local to main_c]::MX_TIM1_Init()
                         0x800'03bf  0x5a  Code  Lc  main.o [1]
[local to main_c]::MX_TIM2_Init()
                         0x800'0419  0x56  Code  Lc  main.o [1]
[local to main_c]::NVIC_EncodePriority(unsigned int, unsigned int, unsigned int)
                         0x800'015d  0x3c  Code  Lc  main.o [1]
[local to main_c]::__NVIC_EnableIRQ(IRQn_Type)
                         0x800'0117  0x1e  Code  Lc  main.o [1]
[local to main_c]::__NVIC_GetPriorityGrouping()
                         0x800'010b   0xc  Code  Lc  main.o [1]
[local to main_c]::__NVIC_SetPriority(IRQn_Type, unsigned int)
                         0x800'0135  0x28  Code  Lc  main.o [1]
[local to main_c]::__NVIC_SetPriorityGrouping(unsigned int)
                         0x800'00ed  0x1e  Code  Lc  main.o [1]
[local to stm32f1xx_it_c]::LL_TIM_ClearFlag_UPDATE(TIM_TypeDef *)
                         0x800'0a65   0x8  Code  Lc  stm32f1xx_it.o [1]
[local to stm32f1xx_ll_gpio_c]::LL_GPIO_SetPinMode(GPIO_TypeDef *, unsigned int, unsigned int)
                         0x800'07d1  0x30  Code  Lc  stm32f1xx_ll_gpio.o [1]
[local to stm32f1xx_ll_gpio_c]::LL_GPIO_SetPinOutputType(GPIO_TypeDef *, unsigned int, unsigned int)
                         0x800'0831  0x30  Code  Lc  stm32f1xx_ll_gpio.o [1]
[local to stm32f1xx_ll_gpio_c]::LL_GPIO_SetPinPull(GPIO_TypeDef *, unsigned int, unsigned int)
                         0x800'0861  0x18  Code  Lc  stm32f1xx_ll_gpio.o [1]
[local to stm32f1xx_ll_gpio_c]::LL_GPIO_SetPinSpeed(GPIO_TypeDef *, unsigned int, unsigned int)
                         0x800'0801  0x30  Code  Lc  stm32f1xx_ll_gpio.o [1]
[local to stm32f1xx_ll_tim_c]::LL_TIM_GenerateEvent_UPDATE(TIM_TypeDef *)
                         0x800'0741   0xa  Code  Lc  stm32f1xx_ll_tim.o [1]
[local to stm32f1xx_ll_tim_c]::LL_TIM_SetAutoReload(TIM_TypeDef *, unsigned int)
                         0x800'0739   0x4  Code  Lc  stm32f1xx_ll_tim.o [1]
[local to stm32f1xx_ll_tim_c]::LL_TIM_SetPrescaler(TIM_TypeDef *, unsigned int)
                         0x800'0735   0x4  Code  Lc  stm32f1xx_ll_tim.o [1]
[local to stm32f1xx_ll_tim_c]::LL_TIM_SetRepetitionCounter(TIM_TypeDef *, unsigned int)
                         0x800'073d   0x4  Code  Lc  stm32f1xx_ll_tim.o [1]
[local to stm32f1xx_ll_utils_c]::LL_InitTick(unsigned int, unsigned int)
                         0x800'06f1  0x18  Code  Lc  stm32f1xx_ll_utils.o [1]
__aeabi_memclr4          0x800'072d        Code  Gb  ABImemclr4.o [4]
__aeabi_memcpy4          0x800'0525        Code  Gb  ABImemcpy.o [4]
__aeabi_memcpy8          0x800'0525        Code  Gb  ABImemcpy.o [4]
__cmain                  0x800'0b45        Code  Gb  cmain.o [4]
__exit                   0x800'0b79  0x14  Code  Gb  exit.o [5]
__iar_Memset4_word       0x800'0921        Code  Gb  ABImemset48.o [4]
__iar_Memset8_word       0x800'0921        Code  Gb  ABImemset48.o [4]
__iar_copy_init3         0x800'0adb  0x2c  Code  Gb  copy_init3.o [4]
__iar_data_init3         0x800'0b09  0x28  Code  Gb  data_init.o [4]
__iar_debug_exceptions   0x800'05fe   0x1  Data  Gb  unwind_debug.o [5]
__iar_program_start      0x800'0b9d        Code  Gb  cstartup_M.o [4]
__low_level_init         0x800'0b63   0x4  Code  Gb  low_level_init.o [2]
__vector_table           0x800'0000        Data  Gb  startup_stm32f103xb.o [1]
_call_main               0x800'0b51        Code  Gb  cmain.o [4]
_exit                    0x800'0b6d        Code  Gb  cexit.o [4]
_main                    0x800'0b5f        Code  Gb  cmain.o [4]
autoreload              0x2000'0004   0x2  Data  Gb  main.o [1]
exit                     0x800'0b67   0x4  Code  Gb  exit.o [2]
main                     0x800'02bf  0x62  Code  Gb  main.o [1]
new_state               0x2000'000a   0x1  Data  Gb  main.o [1]
prescale                0x2000'0008   0x2  Data  Gb  main.o [1]
processed               0x2000'000b   0x1  Data  Gb  main.o [1]
repeat                  0x2000'0006   0x2  Data  Gb  main.o [1]


[1] = C:\dev\MCU\defGen\EWARM\defGen\Obj
[2] = dl7M_tln.a
[3] = dlpp7M_tl_nc.a
[4] = rt7M_tl.a
[5] = shb_l.a

  2 855 bytes of readonly  code memory
    307 bytes of readonly  data memory
  2 060 bytes of readwrite data memory

Errors: none
Warnings: none
